******************************************************************************
            TI ARM Clang Linker PC v4.0.4                      
******************************************************************************
>> Linked Sun Jul 26 17:27:50 2026

OUTPUT FILE NAME:   <ball PID.out>
ENTRY POINT SYMBOL: "_c_int00_noargs"  address: 000011e1


MEMORY CONFIGURATION

         name            origin    length      used     unused   attr    fill
----------------------  --------  ---------  --------  --------  ----  --------
  FLASH                 00000000   00020000  00001420  0001ebe0  R  X
  SRAM                  20200000   00008000  0000042d  00007bd3  RW X
  BCR_CONFIG            41c00000   000000ff  00000000  000000ff  R   
  BSL_CONFIG            41c00100   00000080  00000000  00000080  R   


SEGMENT ALLOCATION MAP

run origin  load origin   length   init length attrs members
----------  ----------- ---------- ----------- ----- -------
00000000    00000000    00001420   00001420    r-x
  00000000    00000000    000000c0   000000c0    r-- .intvecs
  000000c0    000000c0    000012d8   000012d8    r-x .text
  00001398    00001398    00000070   00000070    r-- .rodata
  00001408    00001408    00000018   00000018    r-- .cinit
20200000    20200000    0000022d   00000000    rw-
  20200000    20200000    0000022d   00000000    rw- .bss
20207e00    20207e00    00000200   00000000    rw-
  20207e00    20207e00    00000200   00000000    rw- .stack


SECTION ALLOCATION MAP

 output                                  attributes/
section   page    origin      length       input sections
--------  ----  ----------  ----------   ----------------
.intvecs   0    00000000    000000c0     
                  00000000    000000c0     startup_mspm0g350x_ticlang.o (.intvecs)

.text      0    000000c0    000012d8     
                  000000c0    00000104     driverlib.a : dl_timer.o (.text.DL_Timer_initFourCCPWMMode)
                  000001c4    000000fc                 : dl_timer.o (.text.DL_Timer_initTimerMode)
                  000002c0    000000da     pid.o (.text.PID_Update)
                  0000039a    00000002     startup_mspm0g350x_ticlang.o (.text.Default_Handler)
                  0000039c    000000d8     libclang_rt.builtins.a : addsf3.S.obj (.text)
                  00000474    000000d4     control.o (.text.Control_TaskPosLoop)
                  00000548    000000d0     encoder.o (.text.Encoder_UpdateSpeed)
                  00000618    000000cc     control.o (.text.Control_TaskVelLoop)
                  000006e4    000000a0     motor.o (.text.Motor_SetDuty)
                  00000784    000000a0     ti_msp_dl_config.o (.text.SYSCFG_DL_GPIO_init)
                  00000824    000000a0     vision.o (.text.Vision_PollUartRx)
                  000008c4    00000094     control.o (.text.Control_Init)
                  00000958    00000090     ti_msp_dl_config.o (.text.SYSCFG_DL_PWM_TB6612_init)
                  000009e8    0000008c     libclang_rt.builtins.a : mulsf3.S.obj (.text.__mulsf3)
                  00000a74    00000082                            : divsf3.S.obj (.text.__divsf3)
                  00000af6    00000002                            : aeabi_div0.c.obj (.text.__aeabi_idiv0)
                  00000af8    00000080     ti_msp_dl_config.o (.text.SYSCFG_DL_UART_OPENMV_init)
                  00000b78    00000074     main.o (.text.main)
                  00000bec    00000062     libclang_rt.builtins.a : aeabi_fcmp.S.obj (.text.__aeabi_fcmp)
                  00000c4e    00000002     --HOLE-- [fill = 0]
                  00000c50    00000060     motor.o (.text.Motor_Init)
                  00000cb0    00000060     ti_msp_dl_config.o (.text.SYSCFG_DL_initPower)
                  00000d10    0000005c     encoder.o (.text.Encoder_Init)
                  00000d6c    00000054     ti_msp_dl_config.o (.text.SYSCFG_DL_I2C_MPU6050_init)
                  00000dc0    00000050     encoder.o (.text.Encoder_PollGpio)
                  00000e10    0000004c     control.o (.text.Control_Enable)
                  00000e5c    0000004c     ti_msp_dl_config.o (.text.SYSCFG_DL_QEI_ENC1_init)
                  00000ea8    00000048     driverlib.a : dl_uart.o (.text.DL_UART_init)
                  00000ef0    00000040     libclang_rt.builtins.a : aeabi_uidivmod.S.obj (.text.__aeabi_uidivmod)
                  00000f30    0000003c                            : floatsisf.S.obj (.text.__floatsisf)
                  00000f6c    0000003c                            : comparesf2.S.obj (.text.__gtsf2)
                  00000fa8    0000003c     libc.a : autoinit.c.obj (.text:__TI_auto_init_nobinit_nopinit)
                  00000fe4    0000003a     libclang_rt.builtins.a : comparesf2.S.obj (.text.__eqsf2)
                  0000101e    00000002     --HOLE-- [fill = 0]
                  00001020    0000003a                            : muldsi3.S.obj (.text.__muldsi3)
                  0000105a    00000002     --HOLE-- [fill = 0]
                  0000105c    00000038     ti_msp_dl_config.o (.text.SYSCFG_DL_TIMER_CTRL_TICK_init)
                  00001094    00000038     ti_msp_dl_config.o (.text.SYSCFG_DL_init)
                  000010cc    00000038     libclang_rt.builtins.a : fixsfsi.S.obj (.text.__fixsfsi)
                  00001104    00000030     motor.o (.text.Motor_StopAll)
                  00001134    00000030     ti_msp_dl_config.o (.text.SYSCFG_DL_SYSCTL_init)
                  00001164    0000002c     vision.o (.text.Vision_Init)
                  00001190    00000028     vision.o (.text.Vision_GetPoint)
                  000011b8    00000028     libclang_rt.builtins.a : floatunsisf.S.obj (.text.__floatunsisf)
                  000011e0    00000028     libc.a : boot_cortex_m.c.obj (.text:_c_int00_noargs)
                  00001208    00000026     driverlib.a : dl_i2c.o (.text.DL_I2C_setClockConfig)
                  0000122e    00000002     --HOLE-- [fill = 0]
                  00001230    00000024     vision.o (.text.Vision_IsTimeout)
                  00001254    00000020     pid.o (.text.PID_LoadConfig)
                  00001274    0000001c     driverlib.a : dl_timer.o (.text.DL_Timer_setCaptCompUpdateMethod)
                  00001290    0000001c                 : dl_timer.o (.text.DL_Timer_setClockConfig)
                  000012ac    0000001c     safty.o (.text.Safty_IsMotorAllowed)
                  000012c8    00000018     driverlib.a : dl_timer.o (.text.DL_Timer_setCaptureCompareOutCtl)
                  000012e0    00000018     encoder.o (.text.Encoder_GetSpeedRps)
                  000012f8    00000016     libc.a : copy_zero_init.c.obj (.text:decompress:ZI:__TI_zero_init_nomemset)
                  0000130e    00000002     --HOLE-- [fill = 0]
                  00001310    00000014     safty.o (.text.Safty_Init)
                  00001324    00000014     safty.o (.text.Safty_Update)
                  00001338    00000012     driverlib.a : dl_uart.o (.text.DL_UART_setClockConfig)
                  0000134a    00000002     --HOLE-- [fill = 0]
                  0000134c    00000010                 : dl_timer.o (.text.DL_Timer_setCaptureCompareValue)
                  0000135c    00000010     pid.o (.text.PID_Reset)
                  0000136c    0000000c     vision.o (.text.Vision_SetNowMs)
                  00001378    0000000a     driverlib.a : dl_common.o (.text.DL_Common_delayCycles)
                  00001382    00000006     libc.a : exit.c.obj (.text:abort)
                  00001388    00000004     libsysbm.a : hostexit.c.obj (.text.HOSTexit)
                  0000138c    00000004     startup_mspm0g350x_ticlang.o (.text.Reset_Handler)
                  00001390    00000004     libc.a : pre_init.c.obj (.text._system_pre_init)
                  00001394    00000004     --HOLE-- [fill = 0]

.cinit     0    00001408    00000018     
                  00001408    00000008     (.cinit..bss.load) [load image, compression = zero_init]
                  00001410    00000004     (__TI_handler_table)
                  00001414    00000008     (__TI_cinit_table)
                  0000141c    00000004     --HOLE-- [fill = 0]

.rodata    0    00001398    00000070     
                  00001398    00000014     control.o (.rodata..L__const.Control_Init.cpos)
                  000013ac    00000014     control.o (.rodata..L__const.Control_Init.cvel)
                  000013c0    00000014     ti_msp_dl_config.o (.rodata.gTIMER_CTRL_TICKTimerConfig)
                  000013d4    00000010     encoder.o (.rodata.cst16)
                  000013e4    0000000a     ti_msp_dl_config.o (.rodata.gUART_OPENMVConfig)
                  000013ee    00000002     ti_msp_dl_config.o (.rodata.gI2C_MPU6050ClockConfig)
                  000013f0    00000008     ti_msp_dl_config.o (.rodata.gPWM_TB6612Config)
                  000013f8    00000003     ti_msp_dl_config.o (.rodata.gPWM_TB6612ClockConfig)
                  000013fb    00000003     ti_msp_dl_config.o (.rodata.gQEI_ENC1ClockConfig)
                  000013fe    00000003     ti_msp_dl_config.o (.rodata.gTIMER_CTRL_TICKClockConfig)
                  00001401    00000002     ti_msp_dl_config.o (.rodata.gUART_OPENMVClockConfig)
                  00001403    00000005     --HOLE-- [fill = 0]

.init_array 
*          0    00000000    00000000     UNINITIALIZED

.binit     0    00000000    00000000     

.bss       0    20200000    0000022d     UNINITIALIZED
                  20200000    000000a0     (.common:gQEI_ENC1Backup)
                  202000a0    000000a0     (.common:gTIMER_CTRL_TICKBackup)
                  20200140    00000024     control.o (.bss.g_pid_pos_x)
                  20200164    00000024     control.o (.bss.g_pid_pos_y)
                  20200188    00000024     control.o (.bss.g_pid_vel_m1)
                  202001ac    00000024     control.o (.bss.g_pid_vel_m2)
                  202001d0    00000018     encoder.o (.bss.g_enc)
                  202001e8    00000010     vision.o (.bss.g_pt)
                  202001f8    0000000c     motor.o (.bss.g_motor_cfg)
                  20200204    00000006     vision.o (.bss.g_frame)
                  2020020a    00000001     encoder.o (.bss.g_enc2_last_state)
                  2020020b    00000001     vision.o (.bss.g_state)
                  2020020c    00000004     encoder.o (.bss.g_enc2_last_count)
                  20200210    00000004     control.o (.bss.g_m1_ref)
                  20200214    00000004     control.o (.bss.g_m2_ref)
                  20200218    00000004     vision.o (.bss.g_now_ms)
                  2020021c    00000004     encoder.o (.bss.g_qei_last_raw)
                  20200220    00000004     control.o (.bss.g_target.0)
                  20200224    00000004     control.o (.bss.g_target.1)
                  20200228    00000003     safty.o (.bss.g_flags)
                  2020022b    00000001     --HOLE--
                  2020022c    00000001     control.o (.bss.g_target.2)

.stack     0    20207e00    00000200     UNINITIALIZED
                  20207e00    00000004     libc.a : boot_cortex_m.c.obj (.stack)
                  20207e04    000001fc     --HOLE--

__llvm_prf_cnts 
*          0    20200000    00000000     UNINITIALIZED

__llvm_prf_bits 
*          0    20200000    00000000     UNINITIALIZED

MODULE SUMMARY

       Module                         code   ro data   rw data
       ------                         ----   -------   -------
    .\
       ti_msp_dl_config.o             848    51        320    
       startup_mspm0g350x_ticlang.o   6      192       0      
    +--+------------------------------+------+---------+---------+
       Total:                         854    243       320    
                                                              
    .\src\
       control.o                      640    40        161    
       encoder.o                      404    16        33     
       vision.o                       292    0         27     
       motor.o                        304    0         12     
       pid.o                          266    0         0      
       main.o                         116    0         0      
       safty.o                        68     0         3      
    +--+------------------------------+------+---------+---------+
       Total:                         2090   56        236    
                                                              
    C:/TI/mspm0_sdk_2_11_00_07/source/ti/driverlib/lib/ticlang/m0p/mspm0g1x0x_g3x0x/driverlib.a
       dl_timer.o                     608    0         0      
       dl_uart.o                      90     0         0      
       dl_i2c.o                       38     0         0      
       dl_common.o                    10     0         0      
    +--+------------------------------+------+---------+---------+
       Total:                         746    0         0      
                                                              
    E:\ccs\tools\compiler\ti-cgt-armllvm_4.0.4.LTS\lib\armv6m-ti-none-eabi/c/libc.a
       autoinit.c.obj                 60     0         0      
       boot_cortex_m.c.obj            40     0         0      
       copy_zero_init.c.obj           22     0         0      
       exit.c.obj                     6      0         0      
       pre_init.c.obj                 4      0         0      
    +--+------------------------------+------+---------+---------+
       Total:                         132    0         0      
                                                              
    E:\ccs\tools\compiler\ti-cgt-armllvm_4.0.4.LTS\lib\armv6m-ti-none-eabi/c/libsysbm.a
       hostexit.c.obj                 4      0         0      
    +--+------------------------------+------+---------+---------+
       Total:                         4      0         0      
                                                              
    E:\ccs\tools\compiler\ti-cgt-armllvm_4.0.4.LTS\lib\armv6m-ti-none-eabi/libclang_rt.builtins.a
       addsf3.S.obj                   216    0         0      
       mulsf3.S.obj                   140    0         0      
       divsf3.S.obj                   130    0         0      
       comparesf2.S.obj               118    0         0      
       aeabi_fcmp.S.obj               98     0         0      
       aeabi_uidivmod.S.obj           64     0         0      
       floatsisf.S.obj                60     0         0      
       muldsi3.S.obj                  58     0         0      
       fixsfsi.S.obj                  56     0         0      
       floatunsisf.S.obj              40     0         0      
       aeabi_div0.c.obj               2      0         0      
    +--+------------------------------+------+---------+---------+
       Total:                         982    0         0      
                                                              
       Stack:                         0      0         512    
       Linker Generated:              0      20        0      
    +--+------------------------------+------+---------+---------+
       Grand Total:                   4808   319       1068   


LINKER GENERATED COPY TABLES

__TI_cinit_table @ 00001414 records: 1, size/record: 8, table size: 8
	.bss: load addr=00001408, load size=00000008 bytes, run addr=20200000, run size=0000022d bytes, compression=zero_init


LINKER GENERATED HANDLER TABLE

__TI_handler_table @ 00001410 records: 1, size/record: 4, table size: 4
	index: 0, handler: __TI_zero_init


GLOBAL SYMBOLS: SORTED ALPHABETICALLY BY Name 

address   name                            
-------   ----                            
0000039b  ADC0_IRQHandler                 
0000039b  ADC1_IRQHandler                 
0000039b  AES_IRQHandler                  
00001388  C$$EXIT                         
0000039b  CANFD0_IRQHandler               
00000e11  Control_Enable                  
000008c5  Control_Init                    
00000475  Control_TaskPosLoop             
00000619  Control_TaskVelLoop             
0000039b  DAC0_IRQHandler                 
00001379  DL_Common_delayCycles           
00001209  DL_I2C_setClockConfig           
000000c1  DL_Timer_initFourCCPWMMode      
000001c5  DL_Timer_initTimerMode          
00001275  DL_Timer_setCaptCompUpdateMethod
000012c9  DL_Timer_setCaptureCompareOutCtl
0000134d  DL_Timer_setCaptureCompareValue 
00001291  DL_Timer_setClockConfig         
00000ea9  DL_UART_init                    
00001339  DL_UART_setClockConfig          
0000039b  DMA_IRQHandler                  
0000039b  Default_Handler                 
000012e1  Encoder_GetSpeedRps             
00000d11  Encoder_Init                    
00000dc1  Encoder_PollGpio                
00000549  Encoder_UpdateSpeed             
0000039b  GROUP0_IRQHandler               
0000039b  GROUP1_IRQHandler               
00001389  HOSTexit                        
0000039b  HardFault_Handler               
0000039b  I2C0_IRQHandler                 
0000039b  I2C1_IRQHandler                 
00000c51  Motor_Init                      
000006e5  Motor_SetDuty                   
00001105  Motor_StopAll                   
0000039b  NMI_Handler                     
00001255  PID_LoadConfig                  
0000135d  PID_Reset                       
000002c1  PID_Update                      
0000039b  PendSV_Handler                  
0000039b  RTC_IRQHandler                  
0000138d  Reset_Handler                   
0000039b  SPI0_IRQHandler                 
0000039b  SPI1_IRQHandler                 
0000039b  SVC_Handler                     
00000785  SYSCFG_DL_GPIO_init             
00000d6d  SYSCFG_DL_I2C_MPU6050_init      
00000959  SYSCFG_DL_PWM_TB6612_init       
00000e5d  SYSCFG_DL_QEI_ENC1_init         
00001135  SYSCFG_DL_SYSCTL_init           
0000105d  SYSCFG_DL_TIMER_CTRL_TICK_init  
00000af9  SYSCFG_DL_UART_OPENMV_init      
00001095  SYSCFG_DL_init                  
00000cb1  SYSCFG_DL_initPower             
00001311  Safty_Init                      
000012ad  Safty_IsMotorAllowed            
00001325  Safty_Update                    
0000039b  SysTick_Handler                 
0000039b  TIMA0_IRQHandler                
0000039b  TIMA1_IRQHandler                
0000039b  TIMG0_IRQHandler                
0000039b  TIMG12_IRQHandler               
0000039b  TIMG6_IRQHandler                
0000039b  TIMG7_IRQHandler                
0000039b  TIMG8_IRQHandler                
0000039b  UART0_IRQHandler                
0000039b  UART1_IRQHandler                
0000039b  UART2_IRQHandler                
0000039b  UART3_IRQHandler                
00001191  Vision_GetPoint                 
00001165  Vision_Init                     
00001231  Vision_IsTimeout                
00000825  Vision_PollUartRx               
0000136d  Vision_SetNowMs                 
20208000  __STACK_END                     
00000200  __STACK_SIZE                    
00000000  __TI_ATRegion0_region_sz        
00000000  __TI_ATRegion0_src_addr         
00000000  __TI_ATRegion0_trg_addr         
00000000  __TI_ATRegion1_region_sz        
00000000  __TI_ATRegion1_src_addr         
00000000  __TI_ATRegion1_trg_addr         
00000000  __TI_ATRegion2_region_sz        
00000000  __TI_ATRegion2_src_addr         
00000000  __TI_ATRegion2_trg_addr         
00001414  __TI_CINIT_Base                 
0000141c  __TI_CINIT_Limit                
0000141c  __TI_CINIT_Warm                 
00001410  __TI_Handler_Table_Base         
00001414  __TI_Handler_Table_Limit        
00000fa9  __TI_auto_init_nobinit_nopinit  
ffffffff  __TI_pprof_out_hndl             
ffffffff  __TI_prof_data_size             
ffffffff  __TI_prof_data_start            
00000000  __TI_static_base__              
000012f9  __TI_zero_init_nomemset         
000003a7  __addsf3                        
000010cd  __aeabi_f2iz                    
000003a7  __aeabi_fadd                    
00000bed  __aeabi_fcmpeq                  
00000c29  __aeabi_fcmpge                  
00000c3d  __aeabi_fcmpgt                  
00000c15  __aeabi_fcmple                  
00000c01  __aeabi_fcmplt                  
00000a75  __aeabi_fdiv                    
000009e9  __aeabi_fmul                    
0000039d  __aeabi_fsub                    
00000f31  __aeabi_i2f                     
00000af7  __aeabi_idiv0                   
000011b9  __aeabi_ui2f                    
00000ef1  __aeabi_uidiv                   
00000ef1  __aeabi_uidivmod                
ffffffff  __binit__                       
00000fe5  __cmpsf2                        
00000a75  __divsf3                        
00000fe5  __eqsf2                         
000010cd  __fixsfsi                       
00000f31  __floatsisf                     
000011b9  __floatunsisf                   
00000f6d  __gesf2                         
00000f6d  __gtsf2                         
00000fe5  __lesf2                         
00000fe5  __ltsf2                         
UNDEFED   __mpu_init                      
00001021  __muldsi3                       
000009e9  __mulsf3                        
00000fe5  __nesf2                         
20207e00  __stack                         
20200000  __start___llvm_prf_bits         
20200000  __start___llvm_prf_cnts         
20200000  __stop___llvm_prf_bits          
20200000  __stop___llvm_prf_cnts          
0000039d  __subsf3                        
000011e1  _c_int00_noargs                 
UNDEFED   _system_post_cinit              
00001391  _system_pre_init                
00001383  abort                           
ffffffff  binit                           
20200000  gQEI_ENC1Backup                 
202000a0  gTIMER_CTRL_TICKBackup          
00000000  interruptVectors                
00000b79  main                            


GLOBAL SYMBOLS: SORTED BY Symbol Address 

address   name                            
-------   ----                            
00000000  __TI_ATRegion0_region_sz        
00000000  __TI_ATRegion0_src_addr         
00000000  __TI_ATRegion0_trg_addr         
00000000  __TI_ATRegion1_region_sz        
00000000  __TI_ATRegion1_src_addr         
00000000  __TI_ATRegion1_trg_addr         
00000000  __TI_ATRegion2_region_sz        
00000000  __TI_ATRegion2_src_addr         
00000000  __TI_ATRegion2_trg_addr         
00000000  __TI_static_base__              
00000000  interruptVectors                
000000c1  DL_Timer_initFourCCPWMMode      
000001c5  DL_Timer_initTimerMode          
00000200  __STACK_SIZE                    
000002c1  PID_Update                      
0000039b  ADC0_IRQHandler                 
0000039b  ADC1_IRQHandler                 
0000039b  AES_IRQHandler                  
0000039b  CANFD0_IRQHandler               
0000039b  DAC0_IRQHandler                 
0000039b  DMA_IRQHandler                  
0000039b  Default_Handler                 
0000039b  GROUP0_IRQHandler               
0000039b  GROUP1_IRQHandler               
0000039b  HardFault_Handler               
0000039b  I2C0_IRQHandler                 
0000039b  I2C1_IRQHandler                 
0000039b  NMI_Handler                     
0000039b  PendSV_Handler                  
0000039b  RTC_IRQHandler                  
0000039b  SPI0_IRQHandler                 
0000039b  SPI1_IRQHandler                 
0000039b  SVC_Handler                     
0000039b  SysTick_Handler                 
0000039b  TIMA0_IRQHandler                
0000039b  TIMA1_IRQHandler                
0000039b  TIMG0_IRQHandler                
0000039b  TIMG12_IRQHandler               
0000039b  TIMG6_IRQHandler                
0000039b  TIMG7_IRQHandler                
0000039b  TIMG8_IRQHandler                
0000039b  UART0_IRQHandler                
0000039b  UART1_IRQHandler                
0000039b  UART2_IRQHandler                
0000039b  UART3_IRQHandler                
0000039d  __aeabi_fsub                    
0000039d  __subsf3                        
000003a7  __addsf3                        
000003a7  __aeabi_fadd                    
00000475  Control_TaskPosLoop             
00000549  Encoder_UpdateSpeed             
00000619  Control_TaskVelLoop             
000006e5  Motor_SetDuty                   
00000785  SYSCFG_DL_GPIO_init             
00000825  Vision_PollUartRx               
000008c5  Control_Init                    
00000959  SYSCFG_DL_PWM_TB6612_init       
000009e9  __aeabi_fmul                    
000009e9  __mulsf3                        
00000a75  __aeabi_fdiv                    
00000a75  __divsf3                        
00000af7  __aeabi_idiv0                   
00000af9  SYSCFG_DL_UART_OPENMV_init      
00000b79  main                            
00000bed  __aeabi_fcmpeq                  
00000c01  __aeabi_fcmplt                  
00000c15  __aeabi_fcmple                  
00000c29  __aeabi_fcmpge                  
00000c3d  __aeabi_fcmpgt                  
00000c51  Motor_Init                      
00000cb1  SYSCFG_DL_initPower             
00000d11  Encoder_Init                    
00000d6d  SYSCFG_DL_I2C_MPU6050_init      
00000dc1  Encoder_PollGpio                
00000e11  Control_Enable                  
00000e5d  SYSCFG_DL_QEI_ENC1_init         
00000ea9  DL_UART_init                    
00000ef1  __aeabi_uidiv                   
00000ef1  __aeabi_uidivmod                
00000f31  __aeabi_i2f                     
00000f31  __floatsisf                     
00000f6d  __gesf2                         
00000f6d  __gtsf2                         
00000fa9  __TI_auto_init_nobinit_nopinit  
00000fe5  __cmpsf2                        
00000fe5  __eqsf2                         
00000fe5  __lesf2                         
00000fe5  __ltsf2                         
00000fe5  __nesf2                         
00001021  __muldsi3                       
0000105d  SYSCFG_DL_TIMER_CTRL_TICK_init  
00001095  SYSCFG_DL_init                  
000010cd  __aeabi_f2iz                    
000010cd  __fixsfsi                       
00001105  Motor_StopAll                   
00001135  SYSCFG_DL_SYSCTL_init           
00001165  Vision_Init                     
00001191  Vision_GetPoint                 
000011b9  __aeabi_ui2f                    
000011b9  __floatunsisf                   
000011e1  _c_int00_noargs                 
00001209  DL_I2C_setClockConfig           
00001231  Vision_IsTimeout                
00001255  PID_LoadConfig                  
00001275  DL_Timer_setCaptCompUpdateMethod
00001291  DL_Timer_setClockConfig         
000012ad  Safty_IsMotorAllowed            
000012c9  DL_Timer_setCaptureCompareOutCtl
000012e1  Encoder_GetSpeedRps             
000012f9  __TI_zero_init_nomemset         
00001311  Safty_Init                      
00001325  Safty_Update                    
00001339  DL_UART_setClockConfig          
0000134d  DL_Timer_setCaptureCompareValue 
0000135d  PID_Reset                       
0000136d  Vision_SetNowMs                 
00001379  DL_Common_delayCycles           
00001383  abort                           
00001388  C$$EXIT                         
00001389  HOSTexit                        
0000138d  Reset_Handler                   
00001391  _system_pre_init                
00001410  __TI_Handler_Table_Base         
00001414  __TI_CINIT_Base                 
00001414  __TI_Handler_Table_Limit        
0000141c  __TI_CINIT_Limit                
0000141c  __TI_CINIT_Warm                 
20200000  __start___llvm_prf_bits         
20200000  __start___llvm_prf_cnts         
20200000  __stop___llvm_prf_bits          
20200000  __stop___llvm_prf_cnts          
20200000  gQEI_ENC1Backup                 
202000a0  gTIMER_CTRL_TICKBackup          
20207e00  __stack                         
20208000  __STACK_END                     
ffffffff  __TI_pprof_out_hndl             
ffffffff  __TI_prof_data_size             
ffffffff  __TI_prof_data_start            
ffffffff  __binit__                       
ffffffff  binit                           
UNDEFED   __mpu_init                      
UNDEFED   _system_post_cinit              

[142 symbols]
