<?xml version="1.0" encoding="ISO-8859-1" ?>
<link_info>
   <banner>TI ARM Clang Linker PC v4.0.4.LTS</banner>
   <copyright>Copyright (c) 1996-2018 Texas Instruments Incorporated</copyright>
   <command_line>E:\ccs\tools\compiler\ti-cgt-armllvm_4.0.4.LTS\bin\tiarmlnk -IE:\ccs\tools\compiler\ti-cgt-armllvm_4.0.4.LTS\lib -o ball PID.out -mball PID.map -iC:/TI/mspm0_sdk_2_11_00_07/source -iC:/Users/l/workspace_ccstheia/ball PID -iC:/Users/l/workspace_ccstheia/ball PID/Debug/syscfg -iE:/ccs/tools/compiler/ti-cgt-armllvm_4.0.4.LTS/lib --diag_wrap=off --display_error_number --warn_sections --xml_link_info=ball PID_linkInfo.xml --rom_model ./ti_msp_dl_config.o ./startup_mspm0g350x_ticlang.o ./src/control.o ./src/encoder.o ./src/main.o ./src/motor.o ./src/pid.o ./src/safty.o ./src/vision.o -l./device_linker.cmd -ldevice.cmd.genlibs -llibc.a --start-group -llibc++.a -llibc++abi.a -llibc.a -llibsys.a -llibsysbm.a -llibclang_rt.builtins.a -llibclang_rt.profile.a --end-group --cg_opt_level=2</command_line>
   <link_time>0x6a65d316</link_time>
   <link_errors>0x0</link_errors>
   <output_file>C:\Users\l\workspace_ccstheia\ball PID\Debug\ball PID.out</output_file>
   <entry_point>
      <name>_c_int00_noargs</name>
      <address>0x11e1</address>
   </entry_point>
   <input_file_list>
      <input_file id="fl-1">
         <path>C:\Users\l\workspace_ccstheia\ball PID\Debug\.\</path>
         <kind>object</kind>
         <file>ti_msp_dl_config.o</file>
         <name>ti_msp_dl_config.o</name>
      </input_file>
      <input_file id="fl-2">
         <path>C:\Users\l\workspace_ccstheia\ball PID\Debug\.\</path>
         <kind>object</kind>
         <file>startup_mspm0g350x_ticlang.o</file>
         <name>startup_mspm0g350x_ticlang.o</name>
      </input_file>
      <input_file id="fl-3">
         <path>C:\Users\l\workspace_ccstheia\ball PID\Debug\.\src\</path>
         <kind>object</kind>
         <file>control.o</file>
         <name>control.o</name>
      </input_file>
      <input_file id="fl-4">
         <path>C:\Users\l\workspace_ccstheia\ball PID\Debug\.\src\</path>
         <kind>object</kind>
         <file>encoder.o</file>
         <name>encoder.o</name>
      </input_file>
      <input_file id="fl-5">
         <path>C:\Users\l\workspace_ccstheia\ball PID\Debug\.\src\</path>
         <kind>object</kind>
         <file>main.o</file>
         <name>main.o</name>
      </input_file>
      <input_file id="fl-6">
         <path>C:\Users\l\workspace_ccstheia\ball PID\Debug\.\src\</path>
         <kind>object</kind>
         <file>motor.o</file>
         <name>motor.o</name>
      </input_file>
      <input_file id="fl-7">
         <path>C:\Users\l\workspace_ccstheia\ball PID\Debug\.\src\</path>
         <kind>object</kind>
         <file>pid.o</file>
         <name>pid.o</name>
      </input_file>
      <input_file id="fl-8">
         <path>C:\Users\l\workspace_ccstheia\ball PID\Debug\.\src\</path>
         <kind>object</kind>
         <file>safty.o</file>
         <name>safty.o</name>
      </input_file>
      <input_file id="fl-9">
         <path>C:\Users\l\workspace_ccstheia\ball PID\Debug\.\src\</path>
         <kind>object</kind>
         <file>vision.o</file>
         <name>vision.o</name>
      </input_file>
      <input_file id="fl-16">
         <path>C:\Users\l\workspace_ccstheia\ball PID\Debug\</path>
         <kind>object</kind>
         <file>&lt;internal&gt;</file>
         <name>&lt;internal&gt;</name>
      </input_file>
      <input_file id="fl-17">
         <path>C:\TI\mspm0_sdk_2_11_00_07\source\ti\driverlib\lib\ticlang\m0p\mspm0g1x0x_g3x0x\</path>
         <kind>archive</kind>
         <file>driverlib.a</file>
         <name>dl_common.o</name>
      </input_file>
      <input_file id="fl-18">
         <path>C:\TI\mspm0_sdk_2_11_00_07\source\ti\driverlib\lib\ticlang\m0p\mspm0g1x0x_g3x0x\</path>
         <kind>archive</kind>
         <file>driverlib.a</file>
         <name>dl_i2c.o</name>
      </input_file>
      <input_file id="fl-19">
         <path>C:\TI\mspm0_sdk_2_11_00_07\source\ti\driverlib\lib\ticlang\m0p\mspm0g1x0x_g3x0x\</path>
         <kind>archive</kind>
         <file>driverlib.a</file>
         <name>dl_timer.o</name>
      </input_file>
      <input_file id="fl-1a">
         <path>C:\TI\mspm0_sdk_2_11_00_07\source\ti\driverlib\lib\ticlang\m0p\mspm0g1x0x_g3x0x\</path>
         <kind>archive</kind>
         <file>driverlib.a</file>
         <name>dl_uart.o</name>
      </input_file>
      <input_file id="fl-31">
         <path>E:\ccs\tools\compiler\ti-cgt-armllvm_4.0.4.LTS\lib\armv6m-ti-none-eabi\c\</path>
         <kind>archive</kind>
         <file>libc.a</file>
         <name>boot_cortex_m.c.obj</name>
      </input_file>
      <input_file id="fl-32">
         <path>E:\ccs\tools\compiler\ti-cgt-armllvm_4.0.4.LTS\lib\armv6m-ti-none-eabi\c\</path>
         <kind>archive</kind>
         <file>libc.a</file>
         <name>mathacl_init.c.obj</name>
      </input_file>
      <input_file id="fl-33">
         <path>E:\ccs\tools\compiler\ti-cgt-armllvm_4.0.4.LTS\lib\armv6m-ti-none-eabi\c\</path>
         <kind>archive</kind>
         <file>libc.a</file>
         <name>autoinit.c.obj</name>
      </input_file>
      <input_file id="fl-34">
         <path>E:\ccs\tools\compiler\ti-cgt-armllvm_4.0.4.LTS\lib\armv6m-ti-none-eabi\c\</path>
         <kind>archive</kind>
         <file>libc.a</file>
         <name>pre_init.c.obj</name>
      </input_file>
      <input_file id="fl-35">
         <path>E:\ccs\tools\compiler\ti-cgt-armllvm_4.0.4.LTS\lib\armv6m-ti-none-eabi\c\</path>
         <kind>archive</kind>
         <file>libc.a</file>
         <name>cpy_tbl.c.obj</name>
      </input_file>
      <input_file id="fl-36">
         <path>E:\ccs\tools\compiler\ti-cgt-armllvm_4.0.4.LTS\lib\armv6m-ti-none-eabi\c\</path>
         <kind>archive</kind>
         <file>libc.a</file>
         <name>copy_zero_init.c.obj</name>
      </input_file>
      <input_file id="fl-37">
         <path>E:\ccs\tools\compiler\ti-cgt-armllvm_4.0.4.LTS\lib\armv6m-ti-none-eabi\c\</path>
         <kind>archive</kind>
         <file>libc.a</file>
         <name>copy_decompress_none.c.obj</name>
      </input_file>
      <input_file id="fl-38">
         <path>E:\ccs\tools\compiler\ti-cgt-armllvm_4.0.4.LTS\lib\armv6m-ti-none-eabi\c\</path>
         <kind>archive</kind>
         <file>libc.a</file>
         <name>copy_decompress_lzss.c.obj</name>
      </input_file>
      <input_file id="fl-39">
         <path>E:\ccs\tools\compiler\ti-cgt-armllvm_4.0.4.LTS\lib\armv6m-ti-none-eabi\c\</path>
         <kind>archive</kind>
         <file>libc.a</file>
         <name>exit.c.obj</name>
      </input_file>
      <input_file id="fl-3a">
         <path>E:\ccs\tools\compiler\ti-cgt-armllvm_4.0.4.LTS\lib\armv6m-ti-none-eabi\c\</path>
         <kind>archive</kind>
         <file>libc.a</file>
         <name>_lock.c.obj</name>
      </input_file>
      <input_file id="fl-3b">
         <path>E:\ccs\tools\compiler\ti-cgt-armllvm_4.0.4.LTS\lib\armv6m-ti-none-eabi\c\</path>
         <kind>archive</kind>
         <file>libc.a</file>
         <name>args_main.c.obj</name>
      </input_file>
      <input_file id="fl-db">
         <path>E:\ccs\tools\compiler\ti-cgt-armllvm_4.0.4.LTS\lib\armv6m-ti-none-eabi\c\</path>
         <kind>archive</kind>
         <file>libsysbm.a</file>
         <name>hostexit.c.obj</name>
      </input_file>
      <input_file id="fl-dc">
         <path>E:\ccs\tools\compiler\ti-cgt-armllvm_4.0.4.LTS\lib\armv6m-ti-none-eabi\</path>
         <kind>archive</kind>
         <file>libclang_rt.builtins.a</file>
         <name>addsf3.S.obj</name>
      </input_file>
      <input_file id="fl-dd">
         <path>E:\ccs\tools\compiler\ti-cgt-armllvm_4.0.4.LTS\lib\armv6m-ti-none-eabi\</path>
         <kind>archive</kind>
         <file>libclang_rt.builtins.a</file>
         <name>mulsf3.S.obj</name>
      </input_file>
      <input_file id="fl-de">
         <path>E:\ccs\tools\compiler\ti-cgt-armllvm_4.0.4.LTS\lib\armv6m-ti-none-eabi\</path>
         <kind>archive</kind>
         <file>libclang_rt.builtins.a</file>
         <name>divsf3.S.obj</name>
      </input_file>
      <input_file id="fl-df">
         <path>E:\ccs\tools\compiler\ti-cgt-armllvm_4.0.4.LTS\lib\armv6m-ti-none-eabi\</path>
         <kind>archive</kind>
         <file>libclang_rt.builtins.a</file>
         <name>fixsfsi.S.obj</name>
      </input_file>
      <input_file id="fl-e0">
         <path>E:\ccs\tools\compiler\ti-cgt-armllvm_4.0.4.LTS\lib\armv6m-ti-none-eabi\</path>
         <kind>archive</kind>
         <file>libclang_rt.builtins.a</file>
         <name>floatsisf.S.obj</name>
      </input_file>
      <input_file id="fl-e1">
         <path>E:\ccs\tools\compiler\ti-cgt-armllvm_4.0.4.LTS\lib\armv6m-ti-none-eabi\</path>
         <kind>archive</kind>
         <file>libclang_rt.builtins.a</file>
         <name>floatunsisf.S.obj</name>
      </input_file>
      <input_file id="fl-e2">
         <path>E:\ccs\tools\compiler\ti-cgt-armllvm_4.0.4.LTS\lib\armv6m-ti-none-eabi\</path>
         <kind>archive</kind>
         <file>libclang_rt.builtins.a</file>
         <name>aeabi_fcmp.S.obj</name>
      </input_file>
      <input_file id="fl-e3">
         <path>E:\ccs\tools\compiler\ti-cgt-armllvm_4.0.4.LTS\lib\armv6m-ti-none-eabi\</path>
         <kind>archive</kind>
         <file>libclang_rt.builtins.a</file>
         <name>aeabi_memcpy.S.obj</name>
      </input_file>
      <input_file id="fl-e4">
         <path>E:\ccs\tools\compiler\ti-cgt-armllvm_4.0.4.LTS\lib\armv6m-ti-none-eabi\</path>
         <kind>archive</kind>
         <file>libclang_rt.builtins.a</file>
         <name>aeabi_memset.S.obj</name>
      </input_file>
      <input_file id="fl-e5">
         <path>E:\ccs\tools\compiler\ti-cgt-armllvm_4.0.4.LTS\lib\armv6m-ti-none-eabi\</path>
         <kind>archive</kind>
         <file>libclang_rt.builtins.a</file>
         <name>aeabi_uidivmod.S.obj</name>
      </input_file>
      <input_file id="fl-e6">
         <path>E:\ccs\tools\compiler\ti-cgt-armllvm_4.0.4.LTS\lib\armv6m-ti-none-eabi\</path>
         <kind>archive</kind>
         <file>libclang_rt.builtins.a</file>
         <name>comparesf2.S.obj</name>
      </input_file>
      <input_file id="fl-e7">
         <path>E:\ccs\tools\compiler\ti-cgt-armllvm_4.0.4.LTS\lib\armv6m-ti-none-eabi\</path>
         <kind>archive</kind>
         <file>libclang_rt.builtins.a</file>
         <name>muldsi3.S.obj</name>
      </input_file>
      <input_file id="fl-e8">
         <path>E:\ccs\tools\compiler\ti-cgt-armllvm_4.0.4.LTS\lib\armv6m-ti-none-eabi\</path>
         <kind>archive</kind>
         <file>libclang_rt.builtins.a</file>
         <name>aeabi_div0.c.obj</name>
      </input_file>
      <input_file id="fl-e9">
         <path>E:\ccs\tools\compiler\ti-cgt-armllvm_4.0.4.LTS\lib\armv6m-ti-none-eabi\c\</path>
         <kind>archive</kind>
         <file>libc.a</file>
         <name>memcpy16.S.obj</name>
      </input_file>
      <input_file id="fl-ea">
         <path>E:\ccs\tools\compiler\ti-cgt-armllvm_4.0.4.LTS\lib\armv6m-ti-none-eabi\c\</path>
         <kind>archive</kind>
         <file>libc.a</file>
         <name>memset16.S.obj</name>
      </input_file>
   </input_file_list>
   <object_component_list>
      <object_component id="oc-18">
         <name>.intvecs</name>
         <load_address>0x0</load_address>
         <readonly>true</readonly>
         <run_address>0x0</run_address>
         <size>0xc0</size>
         <alignment>0x4</alignment>
         <input_file_ref idref="fl-2"/>
      </object_component>
      <object_component id="oc-13f">
         <name>.text.DL_Timer_initFourCCPWMMode</name>
         <load_address>0xc0</load_address>
         <readonly>true</readonly>
         <executable>true</executable>
         <run_address>0xc0</run_address>
         <size>0x104</size>
         <alignment>0x4</alignment>
         <input_file_ref idref="fl-19"/>
      </object_component>
      <object_component id="oc-145">
         <name>.text.DL_Timer_initTimerMode</name>
         <load_address>0x1c4</load_address>
         <readonly>true</readonly>
         <executable>true</executable>
         <run_address>0x1c4</run_address>
         <size>0xfc</size>
         <alignment>0x4</alignment>
         <input_file_ref idref="fl-19"/>
      </object_component>
      <object_component id="oc-121">
         <name>.text.PID_Update</name>
         <load_address>0x2c0</load_address>
         <readonly>true</readonly>
         <executable>true</executable>
         <run_address>0x2c0</run_address>
         <size>0xda</size>
         <alignment>0x2</alignment>
         <input_file_ref idref="fl-7"/>
      </object_component>
      <object_component id="oc-33">
         <name>.text.Default_Handler</name>
         <load_address>0x39a</load_address>
         <readonly>true</readonly>
         <executable>true</executable>
         <run_address>0x39a</run_address>
         <size>0x2</size>
         <alignment>0x2</alignment>
         <input_file_ref idref="fl-2"/>
      </object_component>
      <object_component id="oc-11b">
         <name>.text</name>
         <load_address>0x39c</load_address>
         <readonly>true</readonly>
         <executable>true</executable>
         <run_address>0x39c</run_address>
         <size>0xd8</size>
         <alignment>0x4</alignment>
         <input_file_ref idref="fl-dc"/>
      </object_component>
      <object_component id="oc-a9">
         <name>.text.Control_TaskPosLoop</name>
         <load_address>0x474</load_address>
         <readonly>true</readonly>
         <executable>true</executable>
         <run_address>0x474</run_address>
         <size>0xd4</size>
         <alignment>0x4</alignment>
         <input_file_ref idref="fl-3"/>
      </object_component>
      <object_component id="oc-a6">
         <name>.text.Encoder_UpdateSpeed</name>
         <load_address>0x548</load_address>
         <readonly>true</readonly>
         <executable>true</executable>
         <run_address>0x548</run_address>
         <size>0xd0</size>
         <alignment>0x4</alignment>
         <input_file_ref idref="fl-4"/>
      </object_component>
      <object_component id="oc-a7">
         <name>.text.Control_TaskVelLoop</name>
         <load_address>0x618</load_address>
         <readonly>true</readonly>
         <executable>true</executable>
         <run_address>0x618</run_address>
         <size>0xcc</size>
         <alignment>0x4</alignment>
         <input_file_ref idref="fl-3"/>
      </object_component>
      <object_component id="oc-12a">
         <name>.text.Motor_SetDuty</name>
         <load_address>0x6e4</load_address>
         <readonly>true</readonly>
         <executable>true</executable>
         <run_address>0x6e4</run_address>
         <size>0xa0</size>
         <alignment>0x4</alignment>
         <input_file_ref idref="fl-6"/>
      </object_component>
      <object_component id="oc-ce">
         <name>.text.SYSCFG_DL_GPIO_init</name>
         <load_address>0x784</load_address>
         <readonly>true</readonly>
         <executable>true</executable>
         <run_address>0x784</run_address>
         <size>0xa0</size>
         <alignment>0x4</alignment>
         <input_file_ref idref="fl-1"/>
      </object_component>
      <object_component id="oc-a1">
         <name>.text.Vision_PollUartRx</name>
         <load_address>0x824</load_address>
         <readonly>true</readonly>
         <executable>true</executable>
         <run_address>0x824</run_address>
         <size>0xa0</size>
         <alignment>0x4</alignment>
         <input_file_ref idref="fl-9"/>
      </object_component>
      <object_component id="oc-96">
         <name>.text.Control_Init</name>
         <load_address>0x8c4</load_address>
         <readonly>true</readonly>
         <executable>true</executable>
         <run_address>0x8c4</run_address>
         <size>0x94</size>
         <alignment>0x4</alignment>
         <input_file_ref idref="fl-3"/>
      </object_component>
      <object_component id="oc-d1">
         <name>.text.SYSCFG_DL_PWM_TB6612_init</name>
         <load_address>0x958</load_address>
         <readonly>true</readonly>
         <executable>true</executable>
         <run_address>0x958</run_address>
         <size>0x90</size>
         <alignment>0x4</alignment>
         <input_file_ref idref="fl-1"/>
      </object_component>
      <object_component id="oc-10f">
         <name>.text.__mulsf3</name>
         <load_address>0x9e8</load_address>
         <readonly>true</readonly>
         <executable>true</executable>
         <run_address>0x9e8</run_address>
         <size>0x8c</size>
         <alignment>0x4</alignment>
         <input_file_ref idref="fl-dd"/>
      </object_component>
      <object_component id="oc-117">
         <name>.text.__divsf3</name>
         <load_address>0xa74</load_address>
         <readonly>true</readonly>
         <executable>true</executable>
         <run_address>0xa74</run_address>
         <size>0x82</size>
         <alignment>0x4</alignment>
         <input_file_ref idref="fl-de"/>
      </object_component>
      <object_component id="oc-182">
         <name>.text.__aeabi_idiv0</name>
         <load_address>0xaf6</load_address>
         <readonly>true</readonly>
         <executable>true</executable>
         <run_address>0xaf6</run_address>
         <size>0x2</size>
         <alignment>0x2</alignment>
         <input_file_ref idref="fl-e8"/>
      </object_component>
      <object_component id="oc-d5">
         <name>.text.SYSCFG_DL_UART_OPENMV_init</name>
         <load_address>0xaf8</load_address>
         <readonly>true</readonly>
         <executable>true</executable>
         <run_address>0xaf8</run_address>
         <size>0x80</size>
         <alignment>0x4</alignment>
         <input_file_ref idref="fl-1"/>
      </object_component>
      <object_component id="oc-63">
         <name>.text.main</name>
         <load_address>0xb78</load_address>
         <readonly>true</readonly>
         <executable>true</executable>
         <run_address>0xb78</run_address>
         <size>0x74</size>
         <alignment>0x2</alignment>
         <input_file_ref idref="fl-5"/>
      </object_component>
      <object_component id="oc-122">
         <name>.text.__aeabi_fcmp</name>
         <load_address>0xbec</load_address>
         <readonly>true</readonly>
         <executable>true</executable>
         <run_address>0xbec</run_address>
         <size>0x62</size>
         <alignment>0x4</alignment>
         <input_file_ref idref="fl-e2"/>
      </object_component>
      <object_component id="oc-80">
         <name>.text.Motor_Init</name>
         <load_address>0xc50</load_address>
         <readonly>true</readonly>
         <executable>true</executable>
         <run_address>0xc50</run_address>
         <size>0x60</size>
         <alignment>0x4</alignment>
         <input_file_ref idref="fl-6"/>
      </object_component>
      <object_component id="oc-cd">
         <name>.text.SYSCFG_DL_initPower</name>
         <load_address>0xcb0</load_address>
         <readonly>true</readonly>
         <executable>true</executable>
         <run_address>0xcb0</run_address>
         <size>0x60</size>
         <alignment>0x4</alignment>
         <input_file_ref idref="fl-1"/>
      </object_component>
      <object_component id="oc-86">
         <name>.text.Encoder_Init</name>
         <load_address>0xd10</load_address>
         <readonly>true</readonly>
         <executable>true</executable>
         <run_address>0xd10</run_address>
         <size>0x5c</size>
         <alignment>0x4</alignment>
         <input_file_ref idref="fl-4"/>
      </object_component>
      <object_component id="oc-d4">
         <name>.text.SYSCFG_DL_I2C_MPU6050_init</name>
         <load_address>0xd6c</load_address>
         <readonly>true</readonly>
         <executable>true</executable>
         <run_address>0xd6c</run_address>
         <size>0x54</size>
         <alignment>0x4</alignment>
         <input_file_ref idref="fl-1"/>
      </object_component>
      <object_component id="oc-a3">
         <name>.text.Encoder_PollGpio</name>
         <load_address>0xdc0</load_address>
         <readonly>true</readonly>
         <executable>true</executable>
         <run_address>0xdc0</run_address>
         <size>0x50</size>
         <alignment>0x4</alignment>
         <input_file_ref idref="fl-4"/>
      </object_component>
      <object_component id="oc-9b">
         <name>.text.Control_Enable</name>
         <load_address>0xe10</load_address>
         <readonly>true</readonly>
         <executable>true</executable>
         <run_address>0xe10</run_address>
         <size>0x4c</size>
         <alignment>0x4</alignment>
         <input_file_ref idref="fl-3"/>
      </object_component>
      <object_component id="oc-d2">
         <name>.text.SYSCFG_DL_QEI_ENC1_init</name>
         <load_address>0xe5c</load_address>
         <readonly>true</readonly>
         <executable>true</executable>
         <run_address>0xe5c</run_address>
         <size>0x4c</size>
         <alignment>0x4</alignment>
         <input_file_ref idref="fl-1"/>
      </object_component>
      <object_component id="oc-155">
         <name>.text.DL_UART_init</name>
         <load_address>0xea8</load_address>
         <readonly>true</readonly>
         <executable>true</executable>
         <run_address>0xea8</run_address>
         <size>0x48</size>
         <alignment>0x4</alignment>
         <input_file_ref idref="fl-1a"/>
      </object_component>
      <object_component id="oc-16d">
         <name>.text.__aeabi_uidivmod</name>
         <load_address>0xef0</load_address>
         <readonly>true</readonly>
         <executable>true</executable>
         <run_address>0xef0</run_address>
         <size>0x40</size>
         <alignment>0x4</alignment>
         <input_file_ref idref="fl-e5"/>
      </object_component>
      <object_component id="oc-113">
         <name>.text.__floatsisf</name>
         <load_address>0xf30</load_address>
         <readonly>true</readonly>
         <executable>true</executable>
         <run_address>0xf30</run_address>
         <size>0x3c</size>
         <alignment>0x4</alignment>
         <input_file_ref idref="fl-e0"/>
      </object_component>
      <object_component id="oc-16a">
         <name>.text.__gtsf2</name>
         <load_address>0xf6c</load_address>
         <readonly>true</readonly>
         <executable>true</executable>
         <run_address>0xf6c</run_address>
         <size>0x3c</size>
         <alignment>0x4</alignment>
         <input_file_ref idref="fl-e6"/>
      </object_component>
      <object_component id="oc-b4">
         <name>.text:__TI_auto_init_nobinit_nopinit</name>
         <load_address>0xfa8</load_address>
         <readonly>true</readonly>
         <executable>true</executable>
         <run_address>0xfa8</run_address>
         <size>0x3c</size>
         <alignment>0x4</alignment>
         <input_file_ref idref="fl-33"/>
      </object_component>
      <object_component id="oc-165">
         <name>.text.__eqsf2</name>
         <load_address>0xfe4</load_address>
         <readonly>true</readonly>
         <executable>true</executable>
         <run_address>0xfe4</run_address>
         <size>0x3a</size>
         <alignment>0x4</alignment>
         <input_file_ref idref="fl-e6"/>
      </object_component>
      <object_component id="oc-15d">
         <name>.text.__muldsi3</name>
         <load_address>0x1020</load_address>
         <readonly>true</readonly>
         <executable>true</executable>
         <run_address>0x1020</run_address>
         <size>0x3a</size>
         <alignment>0x4</alignment>
         <input_file_ref idref="fl-e7"/>
      </object_component>
      <object_component id="oc-d3">
         <name>.text.SYSCFG_DL_TIMER_CTRL_TICK_init</name>
         <load_address>0x105c</load_address>
         <readonly>true</readonly>
         <executable>true</executable>
         <run_address>0x105c</run_address>
         <size>0x38</size>
         <alignment>0x4</alignment>
         <input_file_ref idref="fl-1"/>
      </object_component>
      <object_component id="oc-7b">
         <name>.text.SYSCFG_DL_init</name>
         <load_address>0x1094</load_address>
         <readonly>true</readonly>
         <executable>true</executable>
         <run_address>0x1094</run_address>
         <size>0x38</size>
         <alignment>0x4</alignment>
         <input_file_ref idref="fl-1"/>
      </object_component>
      <object_component id="oc-126">
         <name>.text.__fixsfsi</name>
         <load_address>0x10cc</load_address>
         <readonly>true</readonly>
         <executable>true</executable>
         <run_address>0x10cc</run_address>
         <size>0x38</size>
         <alignment>0x4</alignment>
         <input_file_ref idref="fl-df"/>
      </object_component>
      <object_component id="oc-12b">
         <name>.text.Motor_StopAll</name>
         <load_address>0x1104</load_address>
         <readonly>true</readonly>
         <executable>true</executable>
         <run_address>0x1104</run_address>
         <size>0x30</size>
         <alignment>0x4</alignment>
         <input_file_ref idref="fl-6"/>
      </object_component>
      <object_component id="oc-cf">
         <name>.text.SYSCFG_DL_SYSCTL_init</name>
         <load_address>0x1134</load_address>
         <readonly>true</readonly>
         <executable>true</executable>
         <run_address>0x1134</run_address>
         <size>0x30</size>
         <alignment>0x4</alignment>
         <input_file_ref idref="fl-1"/>
      </object_component>
      <object_component id="oc-8c">
         <name>.text.Vision_Init</name>
         <load_address>0x1164</load_address>
         <readonly>true</readonly>
         <executable>true</executable>
         <run_address>0x1164</run_address>
         <size>0x2c</size>
         <alignment>0x4</alignment>
         <input_file_ref idref="fl-9"/>
      </object_component>
      <object_component id="oc-12c">
         <name>.text.Vision_GetPoint</name>
         <load_address>0x1190</load_address>
         <readonly>true</readonly>
         <executable>true</executable>
         <run_address>0x1190</run_address>
         <size>0x28</size>
         <alignment>0x4</alignment>
         <input_file_ref idref="fl-9"/>
      </object_component>
      <object_component id="oc-108">
         <name>.text.__floatunsisf</name>
         <load_address>0x11b8</load_address>
         <readonly>true</readonly>
         <executable>true</executable>
         <run_address>0x11b8</run_address>
         <size>0x28</size>
         <alignment>0x4</alignment>
         <input_file_ref idref="fl-e1"/>
      </object_component>
      <object_component id="oc-4f">
         <name>.text:_c_int00_noargs</name>
         <load_address>0x11e0</load_address>
         <readonly>true</readonly>
         <executable>true</executable>
         <run_address>0x11e0</run_address>
         <size>0x28</size>
         <alignment>0x4</alignment>
         <input_file_ref idref="fl-31"/>
      </object_component>
      <object_component id="oc-148">
         <name>.text.DL_I2C_setClockConfig</name>
         <load_address>0x1208</load_address>
         <readonly>true</readonly>
         <executable>true</executable>
         <run_address>0x1208</run_address>
         <size>0x26</size>
         <alignment>0x2</alignment>
         <input_file_ref idref="fl-18"/>
      </object_component>
      <object_component id="oc-10e">
         <name>.text.Vision_IsTimeout</name>
         <load_address>0x1230</load_address>
         <readonly>true</readonly>
         <executable>true</executable>
         <run_address>0x1230</run_address>
         <size>0x24</size>
         <alignment>0x4</alignment>
         <input_file_ref idref="fl-9"/>
      </object_component>
      <object_component id="oc-f1">
         <name>.text.PID_LoadConfig</name>
         <load_address>0x1254</load_address>
         <readonly>true</readonly>
         <executable>true</executable>
         <run_address>0x1254</run_address>
         <size>0x20</size>
         <alignment>0x2</alignment>
         <input_file_ref idref="fl-7"/>
      </object_component>
      <object_component id="oc-141">
         <name>.text.DL_Timer_setCaptCompUpdateMethod</name>
         <load_address>0x1274</load_address>
         <readonly>true</readonly>
         <executable>true</executable>
         <run_address>0x1274</run_address>
         <size>0x1c</size>
         <alignment>0x4</alignment>
         <input_file_ref idref="fl-19"/>
      </object_component>
      <object_component id="oc-13e">
         <name>.text.DL_Timer_setClockConfig</name>
         <load_address>0x1290</load_address>
         <readonly>true</readonly>
         <executable>true</executable>
         <run_address>0x1290</run_address>
         <size>0x1c</size>
         <alignment>0x4</alignment>
         <input_file_ref idref="fl-19"/>
      </object_component>
      <object_component id="oc-11f">
         <name>.text.Safty_IsMotorAllowed</name>
         <load_address>0x12ac</load_address>
         <readonly>true</readonly>
         <executable>true</executable>
         <run_address>0x12ac</run_address>
         <size>0x1c</size>
         <alignment>0x4</alignment>
         <input_file_ref idref="fl-8"/>
      </object_component>
      <object_component id="oc-140">
         <name>.text.DL_Timer_setCaptureCompareOutCtl</name>
         <load_address>0x12c8</load_address>
         <readonly>true</readonly>
         <executable>true</executable>
         <run_address>0x12c8</run_address>
         <size>0x18</size>
         <alignment>0x4</alignment>
         <input_file_ref idref="fl-19"/>
      </object_component>
      <object_component id="oc-120">
         <name>.text.Encoder_GetSpeedRps</name>
         <load_address>0x12e0</load_address>
         <readonly>true</readonly>
         <executable>true</executable>
         <run_address>0x12e0</run_address>
         <size>0x18</size>
         <alignment>0x4</alignment>
         <input_file_ref idref="fl-4"/>
      </object_component>
      <object_component id="oc-46">
         <name>.text:decompress:ZI:__TI_zero_init_nomemset</name>
         <load_address>0x12f8</load_address>
         <readonly>true</readonly>
         <executable>true</executable>
         <run_address>0x12f8</run_address>
         <size>0x16</size>
         <alignment>0x2</alignment>
         <input_file_ref idref="fl-36"/>
      </object_component>
      <object_component id="oc-91">
         <name>.text.Safty_Init</name>
         <load_address>0x1310</load_address>
         <readonly>true</readonly>
         <executable>true</executable>
         <run_address>0x1310</run_address>
         <size>0x14</size>
         <alignment>0x4</alignment>
         <input_file_ref idref="fl-8"/>
      </object_component>
      <object_component id="oc-a4">
         <name>.text.Safty_Update</name>
         <load_address>0x1324</load_address>
         <readonly>true</readonly>
         <executable>true</executable>
         <run_address>0x1324</run_address>
         <size>0x14</size>
         <alignment>0x4</alignment>
         <input_file_ref idref="fl-8"/>
      </object_component>
      <object_component id="oc-14f">
         <name>.text.DL_UART_setClockConfig</name>
         <load_address>0x1338</load_address>
         <readonly>true</readonly>
         <executable>true</executable>
         <run_address>0x1338</run_address>
         <size>0x12</size>
         <alignment>0x2</alignment>
         <input_file_ref idref="fl-1a"/>
      </object_component>
      <object_component id="oc-da">
         <name>.text.DL_Timer_setCaptureCompareValue</name>
         <load_address>0x134c</load_address>
         <readonly>true</readonly>
         <executable>true</executable>
         <run_address>0x134c</run_address>
         <size>0x10</size>
         <alignment>0x4</alignment>
         <input_file_ref idref="fl-19"/>
      </object_component>
      <object_component id="oc-104">
         <name>.text.PID_Reset</name>
         <load_address>0x135c</load_address>
         <readonly>true</readonly>
         <executable>true</executable>
         <run_address>0x135c</run_address>
         <size>0x10</size>
         <alignment>0x2</alignment>
         <input_file_ref idref="fl-7"/>
      </object_component>
      <object_component id="oc-a0">
         <name>.text.Vision_SetNowMs</name>
         <load_address>0x136c</load_address>
         <readonly>true</readonly>
         <executable>true</executable>
         <run_address>0x136c</run_address>
         <size>0xc</size>
         <alignment>0x4</alignment>
         <input_file_ref idref="fl-9"/>
      </object_component>
      <object_component id="oc-9c">
         <name>.text.DL_Common_delayCycles</name>
         <load_address>0x1378</load_address>
         <readonly>true</readonly>
         <executable>true</executable>
         <run_address>0x1378</run_address>
         <size>0xa</size>
         <alignment>0x2</alignment>
         <input_file_ref idref="fl-17"/>
      </object_component>
      <object_component id="oc-ad">
         <name>.text:abort</name>
         <load_address>0x1382</load_address>
         <readonly>true</readonly>
         <executable>true</executable>
         <run_address>0x1382</run_address>
         <size>0x6</size>
         <alignment>0x2</alignment>
         <input_file_ref idref="fl-39"/>
      </object_component>
      <object_component id="oc-12d">
         <name>.text.HOSTexit</name>
         <load_address>0x1388</load_address>
         <readonly>true</readonly>
         <executable>true</executable>
         <run_address>0x1388</run_address>
         <size>0x4</size>
         <alignment>0x2</alignment>
         <input_file_ref idref="fl-db"/>
      </object_component>
      <object_component id="oc-2f">
         <name>.text.Reset_Handler</name>
         <load_address>0x138c</load_address>
         <readonly>true</readonly>
         <executable>true</executable>
         <run_address>0x138c</run_address>
         <size>0x4</size>
         <alignment>0x2</alignment>
         <input_file_ref idref="fl-2"/>
      </object_component>
      <object_component id="oc-5f">
         <name>.text._system_pre_init</name>
         <load_address>0x1390</load_address>
         <readonly>true</readonly>
         <executable>true</executable>
         <run_address>0x1390</run_address>
         <size>0x4</size>
         <alignment>0x2</alignment>
         <input_file_ref idref="fl-34"/>
      </object_component>
      <object_component id="oc-1cc">
         <name>.cinit..bss.load</name>
         <load_address>0x1408</load_address>
         <readonly>true</readonly>
         <run_address>0x1408</run_address>
         <size>0x8</size>
         <alignment>0x4</alignment>
      </object_component>
      <object_component id="oc-1ca">
         <name>__TI_handler_table</name>
         <load_address>0x1410</load_address>
         <readonly>true</readonly>
         <run_address>0x1410</run_address>
         <size>0x4</size>
         <alignment>0x4</alignment>
      </object_component>
      <object_component id="oc-1cb">
         <name>__TI_cinit_table</name>
         <load_address>0x1414</load_address>
         <readonly>true</readonly>
         <run_address>0x1414</run_address>
         <size>0x8</size>
         <alignment>0x4</alignment>
      </object_component>
      <object_component id="oc-f7">
         <name>.rodata..L__const.Control_Init.cpos</name>
         <load_address>0x1398</load_address>
         <readonly>true</readonly>
         <run_address>0x1398</run_address>
         <size>0x14</size>
         <alignment>0x4</alignment>
         <input_file_ref idref="fl-3"/>
      </object_component>
      <object_component id="oc-f8">
         <name>.rodata..L__const.Control_Init.cvel</name>
         <load_address>0x13ac</load_address>
         <readonly>true</readonly>
         <run_address>0x13ac</run_address>
         <size>0x14</size>
         <alignment>0x4</alignment>
         <input_file_ref idref="fl-3"/>
      </object_component>
      <object_component id="oc-147">
         <name>.rodata.gTIMER_CTRL_TICKTimerConfig</name>
         <load_address>0x13c0</load_address>
         <readonly>true</readonly>
         <run_address>0x13c0</run_address>
         <size>0x14</size>
         <alignment>0x4</alignment>
         <input_file_ref idref="fl-1"/>
      </object_component>
      <object_component id="oc-10d">
         <name>.rodata.cst16</name>
         <load_address>0x13d4</load_address>
         <readonly>true</readonly>
         <run_address>0x13d4</run_address>
         <size>0x10</size>
         <alignment>0x1</alignment>
         <input_file_ref idref="fl-4"/>
      </object_component>
      <object_component id="oc-157">
         <name>.rodata.gUART_OPENMVConfig</name>
         <load_address>0x13e4</load_address>
         <readonly>true</readonly>
         <run_address>0x13e4</run_address>
         <size>0xa</size>
         <alignment>0x2</alignment>
         <input_file_ref idref="fl-1"/>
      </object_component>
      <object_component id="oc-14e">
         <name>.rodata.gI2C_MPU6050ClockConfig</name>
         <load_address>0x13ee</load_address>
         <readonly>true</readonly>
         <run_address>0x13ee</run_address>
         <size>0x2</size>
         <alignment>0x1</alignment>
         <input_file_ref idref="fl-1"/>
      </object_component>
      <object_component id="oc-143">
         <name>.rodata.gPWM_TB6612Config</name>
         <load_address>0x13f0</load_address>
         <readonly>true</readonly>
         <run_address>0x13f0</run_address>
         <size>0x8</size>
         <alignment>0x4</alignment>
         <input_file_ref idref="fl-1"/>
      </object_component>
      <object_component id="oc-142">
         <name>.rodata.gPWM_TB6612ClockConfig</name>
         <load_address>0x13f8</load_address>
         <readonly>true</readonly>
         <run_address>0x13f8</run_address>
         <size>0x3</size>
         <alignment>0x1</alignment>
         <input_file_ref idref="fl-1"/>
      </object_component>
      <object_component id="oc-144">
         <name>.rodata.gQEI_ENC1ClockConfig</name>
         <load_address>0x13fb</load_address>
         <readonly>true</readonly>
         <run_address>0x13fb</run_address>
         <size>0x3</size>
         <alignment>0x1</alignment>
         <input_file_ref idref="fl-1"/>
      </object_component>
      <object_component id="oc-146">
         <name>.rodata.gTIMER_CTRL_TICKClockConfig</name>
         <load_address>0x13fe</load_address>
         <readonly>true</readonly>
         <run_address>0x13fe</run_address>
         <size>0x3</size>
         <alignment>0x1</alignment>
         <input_file_ref idref="fl-1"/>
      </object_component>
      <object_component id="oc-156">
         <name>.rodata.gUART_OPENMVClockConfig</name>
         <load_address>0x1401</load_address>
         <readonly>true</readonly>
         <run_address>0x1401</run_address>
         <size>0x2</size>
         <alignment>0x1</alignment>
         <input_file_ref idref="fl-1"/>
      </object_component>
      <object_component id="oc-194">
         <name>.binit</name>
         <load_address>0x0</load_address>
         <readonly>true</readonly>
         <run_address>0x0</run_address>
         <size>0x0</size>
         <alignment>0x4</alignment>
      </object_component>
      <object_component id="oc-f9">
         <name>.bss.g_target.0</name>
         <uninitialized>true</uninitialized>
         <readwrite>true</readwrite>
         <run_address>0x20200220</run_address>
         <size>0x4</size>
         <alignment>0x4</alignment>
         <input_file_ref idref="fl-3"/>
      </object_component>
      <object_component id="oc-fa">
         <name>.bss.g_target.1</name>
         <uninitialized>true</uninitialized>
         <readwrite>true</readwrite>
         <run_address>0x20200224</run_address>
         <size>0x4</size>
         <alignment>0x4</alignment>
         <input_file_ref idref="fl-3"/>
      </object_component>
      <object_component id="oc-fb">
         <name>.bss.g_target.2</name>
         <uninitialized>true</uninitialized>
         <readwrite>true</readwrite>
         <run_address>0x2020022c</run_address>
         <size>0x1</size>
         <alignment>0x4</alignment>
         <input_file_ref idref="fl-3"/>
      </object_component>
      <object_component id="oc-fc">
         <name>.bss.g_m1_ref</name>
         <uninitialized>true</uninitialized>
         <readwrite>true</readwrite>
         <run_address>0x20200210</run_address>
         <size>0x4</size>
         <alignment>0x4</alignment>
         <input_file_ref idref="fl-3"/>
      </object_component>
      <object_component id="oc-fd">
         <name>.bss.g_m2_ref</name>
         <uninitialized>true</uninitialized>
         <readwrite>true</readwrite>
         <run_address>0x20200214</run_address>
         <size>0x4</size>
         <alignment>0x4</alignment>
         <input_file_ref idref="fl-3"/>
      </object_component>
      <object_component id="oc-fe">
         <name>.bss.g_pid_pos_x</name>
         <uninitialized>true</uninitialized>
         <readwrite>true</readwrite>
         <run_address>0x20200140</run_address>
         <size>0x24</size>
         <alignment>0x4</alignment>
         <input_file_ref idref="fl-3"/>
      </object_component>
      <object_component id="oc-ff">
         <name>.bss.g_pid_pos_y</name>
         <uninitialized>true</uninitialized>
         <readwrite>true</readwrite>
         <run_address>0x20200164</run_address>
         <size>0x24</size>
         <alignment>0x4</alignment>
         <input_file_ref idref="fl-3"/>
      </object_component>
      <object_component id="oc-100">
         <name>.bss.g_pid_vel_m1</name>
         <uninitialized>true</uninitialized>
         <readwrite>true</readwrite>
         <run_address>0x20200188</run_address>
         <size>0x24</size>
         <alignment>0x4</alignment>
         <input_file_ref idref="fl-3"/>
      </object_component>
      <object_component id="oc-101">
         <name>.bss.g_pid_vel_m2</name>
         <uninitialized>true</uninitialized>
         <readwrite>true</readwrite>
         <run_address>0x202001ac</run_address>
         <size>0x24</size>
         <alignment>0x4</alignment>
         <input_file_ref idref="fl-3"/>
      </object_component>
      <object_component id="oc-e3">
         <name>.bss.g_enc</name>
         <uninitialized>true</uninitialized>
         <readwrite>true</readwrite>
         <run_address>0x202001d0</run_address>
         <size>0x18</size>
         <alignment>0x4</alignment>
         <input_file_ref idref="fl-4"/>
      </object_component>
      <object_component id="oc-e4">
         <name>.bss.g_qei_last_raw</name>
         <uninitialized>true</uninitialized>
         <readwrite>true</readwrite>
         <run_address>0x2020021c</run_address>
         <size>0x4</size>
         <alignment>0x4</alignment>
         <input_file_ref idref="fl-4"/>
      </object_component>
      <object_component id="oc-e5">
         <name>.bss.g_enc2_last_state</name>
         <uninitialized>true</uninitialized>
         <readwrite>true</readwrite>
         <run_address>0x2020020a</run_address>
         <size>0x1</size>
         <alignment>0x1</alignment>
         <input_file_ref idref="fl-4"/>
      </object_component>
      <object_component id="oc-e6">
         <name>.bss.g_enc2_last_count</name>
         <uninitialized>true</uninitialized>
         <readwrite>true</readwrite>
         <run_address>0x2020020c</run_address>
         <size>0x4</size>
         <alignment>0x4</alignment>
         <input_file_ref idref="fl-4"/>
      </object_component>
      <object_component id="oc-e0">
         <name>.bss.g_motor_cfg</name>
         <uninitialized>true</uninitialized>
         <readwrite>true</readwrite>
         <run_address>0x202001f8</run_address>
         <size>0xc</size>
         <alignment>0x2</alignment>
         <input_file_ref idref="fl-6"/>
      </object_component>
      <object_component id="oc-ee">
         <name>.bss.g_flags</name>
         <uninitialized>true</uninitialized>
         <readwrite>true</readwrite>
         <run_address>0x20200228</run_address>
         <size>0x3</size>
         <alignment>0x1</alignment>
         <input_file_ref idref="fl-8"/>
      </object_component>
      <object_component id="oc-e9">
         <name>.bss.g_pt</name>
         <uninitialized>true</uninitialized>
         <readwrite>true</readwrite>
         <run_address>0x202001e8</run_address>
         <size>0x10</size>
         <alignment>0x4</alignment>
         <input_file_ref idref="fl-9"/>
      </object_component>
      <object_component id="oc-ea">
         <name>.bss.g_state</name>
         <uninitialized>true</uninitialized>
         <readwrite>true</readwrite>
         <run_address>0x2020020b</run_address>
         <size>0x1</size>
         <alignment>0x1</alignment>
         <input_file_ref idref="fl-9"/>
      </object_component>
      <object_component id="oc-eb">
         <name>.bss.g_now_ms</name>
         <uninitialized>true</uninitialized>
         <readwrite>true</readwrite>
         <run_address>0x20200218</run_address>
         <size>0x4</size>
         <alignment>0x4</alignment>
         <input_file_ref idref="fl-9"/>
      </object_component>
      <object_component id="oc-10c">
         <name>.bss.g_frame</name>
         <uninitialized>true</uninitialized>
         <readwrite>true</readwrite>
         <run_address>0x20200204</run_address>
         <size>0x6</size>
         <alignment>0x1</alignment>
         <input_file_ref idref="fl-9"/>
      </object_component>
      <object_component id="oc-d6">
         <name>.common:gQEI_ENC1Backup</name>
         <uninitialized>true</uninitialized>
         <readwrite>true</readwrite>
         <run_address>0x20200000</run_address>
         <size>0xa0</size>
         <alignment>0x4</alignment>
      </object_component>
      <object_component id="oc-d7">
         <name>.common:gTIMER_CTRL_TICKBackup</name>
         <uninitialized>true</uninitialized>
         <readwrite>true</readwrite>
         <run_address>0x202000a0</run_address>
         <size>0xa0</size>
         <alignment>0x4</alignment>
      </object_component>
      <object_component id="oc-1a">
         <name>.stack</name>
         <uninitialized>true</uninitialized>
         <readwrite>true</readwrite>
         <run_address>0x20207e00</run_address>
         <size>0x4</size>
         <alignment>0x4</alignment>
         <input_file_ref idref="fl-31"/>
      </object_component>
      <object_component id="oc-1ce">
         <name>.stack</name>
         <uninitialized>true</uninitialized>
         <readwrite>true</readwrite>
         <run_address>0x20207e00</run_address>
         <size>0x0</size>
         <alignment>0x8</alignment>
      </object_component>
      <object_component id="oc-d0">
         <name>.debug_loc</name>
         <load_address>0x0</load_address>
         <run_address>0x0</run_address>
         <size>0x175</size>
         <alignment>0x1</alignment>
         <input_file_ref idref="fl-1"/>
      </object_component>
      <object_component id="oc-a8">
         <name>.debug_loc</name>
         <load_address>0x175</load_address>
         <run_address>0x175</run_address>
         <size>0x78</size>
         <alignment>0x1</alignment>
         <input_file_ref idref="fl-3"/>
      </object_component>
      <object_component id="oc-87">
         <name>.debug_loc</name>
         <load_address>0x1ed</load_address>
         <run_address>0x1ed</run_address>
         <size>0x1ac</size>
         <alignment>0x1</alignment>
         <input_file_ref idref="fl-4"/>
      </object_component>
      <object_component id="oc-ac">
         <name>.debug_loc</name>
         <load_address>0x399</load_address>
         <run_address>0x399</run_address>
         <size>0x91</size>
         <alignment>0x1</alignment>
         <input_file_ref idref="fl-5"/>
      </object_component>
      <object_component id="oc-81">
         <name>.debug_loc</name>
         <load_address>0x42a</load_address>
         <run_address>0x42a</run_address>
         <size>0x12c</size>
         <alignment>0x1</alignment>
         <input_file_ref idref="fl-6"/>
      </object_component>
      <object_component id="oc-f6">
         <name>.debug_loc</name>
         <load_address>0x556</load_address>
         <run_address>0x556</run_address>
         <size>0xce</size>
         <alignment>0x1</alignment>
         <input_file_ref idref="fl-7"/>
      </object_component>
      <object_component id="oc-a5">
         <name>.debug_loc</name>
         <load_address>0x624</load_address>
         <run_address>0x624</run_address>
         <size>0x28</size>
         <alignment>0x1</alignment>
         <input_file_ref idref="fl-8"/>
      </object_component>
      <object_component id="oc-a2">
         <name>.debug_loc</name>
         <load_address>0x64c</load_address>
         <run_address>0x64c</run_address>
         <size>0x1f0</size>
         <alignment>0x1</alignment>
         <input_file_ref idref="fl-9"/>
      </object_component>
      <object_component id="oc-107">
         <name>.debug_loc</name>
         <load_address>0x83c</load_address>
         <run_address>0x83c</run_address>
         <size>0x13</size>
         <alignment>0x1</alignment>
         <input_file_ref idref="fl-17"/>
      </object_component>
      <object_component id="oc-14a">
         <name>.debug_loc</name>
         <load_address>0x84f</load_address>
         <run_address>0x84f</run_address>
         <size>0x37a</size>
         <alignment>0x1</alignment>
         <input_file_ref idref="fl-18"/>
      </object_component>
      <object_component id="oc-db">
         <name>.debug_loc</name>
         <load_address>0xbc9</load_address>
         <run_address>0xbc9</run_address>
         <size>0x1b12</size>
         <alignment>0x1</alignment>
         <input_file_ref idref="fl-19"/>
      </object_component>
      <object_component id="oc-153">
         <name>.debug_loc</name>
         <load_address>0x26db</load_address>
         <run_address>0x26db</run_address>
         <size>0x7e4</size>
         <alignment>0x1</alignment>
         <input_file_ref idref="fl-1a"/>
      </object_component>
      <object_component id="oc-3a">
         <name>.debug_loc</name>
         <load_address>0x2ebf</load_address>
         <run_address>0x2ebf</run_address>
         <size>0xd8</size>
         <alignment>0x1</alignment>
         <input_file_ref idref="fl-31"/>
      </object_component>
      <object_component id="oc-b6">
         <name>.debug_loc</name>
         <load_address>0x2f97</load_address>
         <run_address>0x2f97</run_address>
         <size>0x424</size>
         <alignment>0x1</alignment>
         <input_file_ref idref="fl-33"/>
      </object_component>
      <object_component id="oc-47">
         <name>.debug_loc</name>
         <load_address>0x33bb</load_address>
         <run_address>0x33bb</run_address>
         <size>0x16c</size>
         <alignment>0x1</alignment>
         <input_file_ref idref="fl-36"/>
      </object_component>
      <object_component id="oc-b3">
         <name>.debug_loc</name>
         <load_address>0x3527</load_address>
         <run_address>0x3527</run_address>
         <size>0x26</size>
         <alignment>0x1</alignment>
         <input_file_ref idref="fl-39"/>
      </object_component>
      <object_component id="oc-18a">
         <name>.debug_loc</name>
         <load_address>0x354d</load_address>
         <run_address>0x354d</run_address>
         <size>0x20</size>
         <alignment>0x1</alignment>
         <input_file_ref idref="fl-e8"/>
      </object_component>
      <object_component id="oc-d8">
         <name>.debug_abbrev</name>
         <load_address>0x0</load_address>
         <run_address>0x0</run_address>
         <size>0x222</size>
         <alignment>0x1</alignment>
         <input_file_ref idref="fl-1"/>
      </object_component>
      <object_component id="oc-34">
         <name>.debug_abbrev</name>
         <load_address>0x222</load_address>
         <run_address>0x222</run_address>
         <size>0x6d</size>
         <alignment>0x1</alignment>
         <input_file_ref idref="fl-2"/>
      </object_component>
      <object_component id="oc-102">
         <name>.debug_abbrev</name>
         <load_address>0x28f</load_address>
         <run_address>0x28f</run_address>
         <size>0x119</size>
         <alignment>0x1</alignment>
         <input_file_ref idref="fl-3"/>
      </object_component>
      <object_component id="oc-e7">
         <name>.debug_abbrev</name>
         <load_address>0x3a8</load_address>
         <run_address>0x3a8</run_address>
         <size>0x183</size>
         <alignment>0x1</alignment>
         <input_file_ref idref="fl-4"/>
      </object_component>
      <object_component id="oc-aa">
         <name>.debug_abbrev</name>
         <load_address>0x52b</load_address>
         <run_address>0x52b</run_address>
         <size>0x63</size>
         <alignment>0x1</alignment>
         <input_file_ref idref="fl-5"/>
      </object_component>
      <object_component id="oc-e1">
         <name>.debug_abbrev</name>
         <load_address>0x58e</load_address>
         <run_address>0x58e</run_address>
         <size>0x1c5</size>
         <alignment>0x1</alignment>
         <input_file_ref idref="fl-6"/>
      </object_component>
      <object_component id="oc-15a">
         <name>.debug_abbrev</name>
         <load_address>0x753</load_address>
         <run_address>0x753</run_address>
         <size>0x11b</size>
         <alignment>0x1</alignment>
         <input_file_ref idref="fl-7"/>
      </object_component>
      <object_component id="oc-ef">
         <name>.debug_abbrev</name>
         <load_address>0x86e</load_address>
         <run_address>0x86e</run_address>
         <size>0xca</size>
         <alignment>0x1</alignment>
         <input_file_ref idref="fl-8"/>
      </object_component>
      <object_component id="oc-ec">
         <name>.debug_abbrev</name>
         <load_address>0x938</load_address>
         <run_address>0x938</run_address>
         <size>0x1c6</size>
         <alignment>0x1</alignment>
         <input_file_ref idref="fl-9"/>
      </object_component>
      <object_component id="oc-105">
         <name>.debug_abbrev</name>
         <load_address>0xafe</load_address>
         <run_address>0xafe</run_address>
         <size>0x62</size>
         <alignment>0x1</alignment>
         <input_file_ref idref="fl-17"/>
      </object_component>
      <object_component id="oc-17c">
         <name>.debug_abbrev</name>
         <load_address>0xb60</load_address>
         <run_address>0xb60</run_address>
         <size>0x1e7</size>
         <alignment>0x1</alignment>
         <input_file_ref idref="fl-18"/>
      </object_component>
      <object_component id="oc-158">
         <name>.debug_abbrev</name>
         <load_address>0xd47</load_address>
         <run_address>0xd47</run_address>
         <size>0x2a4</size>
         <alignment>0x1</alignment>
         <input_file_ref idref="fl-19"/>
      </object_component>
      <object_component id="oc-17e">
         <name>.debug_abbrev</name>
         <load_address>0xfeb</load_address>
         <run_address>0xfeb</run_address>
         <size>0x29b</size>
         <alignment>0x1</alignment>
         <input_file_ref idref="fl-1a"/>
      </object_component>
      <object_component id="oc-36">
         <name>.debug_abbrev</name>
         <load_address>0x1286</load_address>
         <run_address>0x1286</run_address>
         <size>0xaf</size>
         <alignment>0x1</alignment>
         <input_file_ref idref="fl-31"/>
      </object_component>
      <object_component id="oc-137">
         <name>.debug_abbrev</name>
         <load_address>0x1335</load_address>
         <run_address>0x1335</run_address>
         <size>0x170</size>
         <alignment>0x1</alignment>
         <input_file_ref idref="fl-33"/>
      </object_component>
      <object_component id="oc-79">
         <name>.debug_abbrev</name>
         <load_address>0x14a5</load_address>
         <run_address>0x14a5</run_address>
         <size>0x39</size>
         <alignment>0x1</alignment>
         <input_file_ref idref="fl-34"/>
      </object_component>
      <object_component id="oc-58">
         <name>.debug_abbrev</name>
         <load_address>0x14de</load_address>
         <run_address>0x14de</run_address>
         <size>0xc2</size>
         <alignment>0x1</alignment>
         <input_file_ref idref="fl-36"/>
      </object_component>
      <object_component id="oc-131">
         <name>.debug_abbrev</name>
         <load_address>0x15a0</load_address>
         <run_address>0x15a0</run_address>
         <size>0x98</size>
         <alignment>0x1</alignment>
         <input_file_ref idref="fl-39"/>
      </object_component>
      <object_component id="oc-171">
         <name>.debug_abbrev</name>
         <load_address>0x1638</load_address>
         <run_address>0x1638</run_address>
         <size>0x2c</size>
         <alignment>0x1</alignment>
         <input_file_ref idref="fl-db"/>
      </object_component>
      <object_component id="oc-164">
         <name>.debug_abbrev</name>
         <load_address>0x1664</load_address>
         <run_address>0x1664</run_address>
         <size>0x27</size>
         <alignment>0x1</alignment>
         <input_file_ref idref="fl-dc"/>
      </object_component>
      <object_component id="oc-161">
         <name>.debug_abbrev</name>
         <load_address>0x168b</load_address>
         <run_address>0x168b</run_address>
         <size>0x27</size>
         <alignment>0x1</alignment>
         <input_file_ref idref="fl-dd"/>
      </object_component>
      <object_component id="oc-163">
         <name>.debug_abbrev</name>
         <load_address>0x16b2</load_address>
         <run_address>0x16b2</run_address>
         <size>0x27</size>
         <alignment>0x1</alignment>
         <input_file_ref idref="fl-de"/>
      </object_component>
      <object_component id="oc-16c">
         <name>.debug_abbrev</name>
         <load_address>0x16d9</load_address>
         <run_address>0x16d9</run_address>
         <size>0x27</size>
         <alignment>0x1</alignment>
         <input_file_ref idref="fl-df"/>
      </object_component>
      <object_component id="oc-162">
         <name>.debug_abbrev</name>
         <load_address>0x1700</load_address>
         <run_address>0x1700</run_address>
         <size>0x27</size>
         <alignment>0x1</alignment>
         <input_file_ref idref="fl-e0"/>
      </object_component>
      <object_component id="oc-15c">
         <name>.debug_abbrev</name>
         <load_address>0x1727</load_address>
         <run_address>0x1727</run_address>
         <size>0x27</size>
         <alignment>0x1</alignment>
         <input_file_ref idref="fl-e1"/>
      </object_component>
      <object_component id="oc-16b">
         <name>.debug_abbrev</name>
         <load_address>0x174e</load_address>
         <run_address>0x174e</run_address>
         <size>0x27</size>
         <alignment>0x1</alignment>
         <input_file_ref idref="fl-e2"/>
      </object_component>
      <object_component id="oc-187">
         <name>.debug_abbrev</name>
         <load_address>0x1775</load_address>
         <run_address>0x1775</run_address>
         <size>0x27</size>
         <alignment>0x1</alignment>
         <input_file_ref idref="fl-e5"/>
      </object_component>
      <object_component id="oc-181">
         <name>.debug_abbrev</name>
         <load_address>0x179c</load_address>
         <run_address>0x179c</run_address>
         <size>0x25</size>
         <alignment>0x1</alignment>
         <input_file_ref idref="fl-e6"/>
      </object_component>
      <object_component id="oc-180">
         <name>.debug_abbrev</name>
         <load_address>0x17c1</load_address>
         <run_address>0x17c1</run_address>
         <size>0x27</size>
         <alignment>0x1</alignment>
         <input_file_ref idref="fl-e7"/>
      </object_component>
      <object_component id="oc-188">
         <name>.debug_abbrev</name>
         <load_address>0x17e8</load_address>
         <run_address>0x17e8</run_address>
         <size>0x59</size>
         <alignment>0x1</alignment>
         <input_file_ref idref="fl-e8"/>
      </object_component>
      <object_component id="oc-1d0">
         <name>.debug_abbrev</name>
         <load_address>0x1841</load_address>
         <run_address>0x1841</run_address>
         <size>0xf</size>
         <alignment>0x0</alignment>
      </object_component>
      <object_component id="oc-7c">
         <name>.debug_info</name>
         <load_address>0x0</load_address>
         <run_address>0x0</run_address>
         <size>0x38ac</size>
         <alignment>0x1</alignment>
         <input_file_ref idref="fl-1"/>
      </object_component>
      <object_component id="oc-19">
         <name>.debug_info</name>
         <load_address>0x38ac</load_address>
         <run_address>0x38ac</run_address>
         <size>0x80</size>
         <alignment>0x1</alignment>
         <input_file_ref idref="fl-2"/>
      </object_component>
      <object_component id="oc-97">
         <name>.debug_info</name>
         <load_address>0x392c</load_address>
         <run_address>0x392c</run_address>
         <size>0x4b2</size>
         <alignment>0x1</alignment>
         <input_file_ref idref="fl-3"/>
      </object_component>
      <object_component id="oc-8b">
         <name>.debug_info</name>
         <load_address>0x3dde</load_address>
         <run_address>0x3dde</run_address>
         <size>0x105e</size>
         <alignment>0x1</alignment>
         <input_file_ref idref="fl-4"/>
      </object_component>
      <object_component id="oc-66">
         <name>.debug_info</name>
         <load_address>0x4e3c</load_address>
         <run_address>0x4e3c</run_address>
         <size>0x127</size>
         <alignment>0x1</alignment>
         <input_file_ref idref="fl-5"/>
      </object_component>
      <object_component id="oc-85">
         <name>.debug_info</name>
         <load_address>0x4f63</load_address>
         <run_address>0x4f63</run_address>
         <size>0xfce</size>
         <alignment>0x1</alignment>
         <input_file_ref idref="fl-6"/>
      </object_component>
      <object_component id="oc-f2">
         <name>.debug_info</name>
         <load_address>0x5f31</load_address>
         <run_address>0x5f31</run_address>
         <size>0x211</size>
         <alignment>0x1</alignment>
         <input_file_ref idref="fl-7"/>
      </object_component>
      <object_component id="oc-92">
         <name>.debug_info</name>
         <load_address>0x6142</load_address>
         <run_address>0x6142</run_address>
         <size>0x134</size>
         <alignment>0x1</alignment>
         <input_file_ref idref="fl-8"/>
      </object_component>
      <object_component id="oc-8f">
         <name>.debug_info</name>
         <load_address>0x6276</load_address>
         <run_address>0x6276</run_address>
         <size>0x777</size>
         <alignment>0x1</alignment>
         <input_file_ref idref="fl-9"/>
      </object_component>
      <object_component id="oc-9e">
         <name>.debug_info</name>
         <load_address>0x69ed</load_address>
         <run_address>0x69ed</run_address>
         <size>0x75</size>
         <alignment>0x1</alignment>
         <input_file_ref idref="fl-17"/>
      </object_component>
      <object_component id="oc-14c">
         <name>.debug_info</name>
         <load_address>0x6a62</load_address>
         <run_address>0x6a62</run_address>
         <size>0xcd0</size>
         <alignment>0x1</alignment>
         <input_file_ref idref="fl-18"/>
      </object_component>
      <object_component id="oc-df">
         <name>.debug_info</name>
         <load_address>0x7732</load_address>
         <run_address>0x7732</run_address>
         <size>0x3344</size>
         <alignment>0x1</alignment>
         <input_file_ref idref="fl-19"/>
      </object_component>
      <object_component id="oc-154">
         <name>.debug_info</name>
         <load_address>0xaa76</load_address>
         <run_address>0xaa76</run_address>
         <size>0x12cf</size>
         <alignment>0x1</alignment>
         <input_file_ref idref="fl-1a"/>
      </object_component>
      <object_component id="oc-1b">
         <name>.debug_info</name>
         <load_address>0xbd45</load_address>
         <run_address>0xbd45</run_address>
         <size>0x423</size>
         <alignment>0x1</alignment>
         <input_file_ref idref="fl-31"/>
      </object_component>
      <object_component id="oc-b7">
         <name>.debug_info</name>
         <load_address>0xc168</load_address>
         <run_address>0xc168</run_address>
         <size>0x744</size>
         <alignment>0x1</alignment>
         <input_file_ref idref="fl-33"/>
      </object_component>
      <object_component id="oc-61">
         <name>.debug_info</name>
         <load_address>0xc8ac</load_address>
         <run_address>0xc8ac</run_address>
         <size>0x46</size>
         <alignment>0x1</alignment>
         <input_file_ref idref="fl-34"/>
      </object_component>
      <object_component id="oc-49">
         <name>.debug_info</name>
         <load_address>0xc8f2</load_address>
         <run_address>0xc8f2</run_address>
         <size>0x192</size>
         <alignment>0x1</alignment>
         <input_file_ref idref="fl-36"/>
      </object_component>
      <object_component id="oc-b0">
         <name>.debug_info</name>
         <load_address>0xca84</load_address>
         <run_address>0xca84</run_address>
         <size>0xf8</size>
         <alignment>0x1</alignment>
         <input_file_ref idref="fl-39"/>
      </object_component>
      <object_component id="oc-12f">
         <name>.debug_info</name>
         <load_address>0xcb7c</load_address>
         <run_address>0xcb7c</run_address>
         <size>0x3b</size>
         <alignment>0x1</alignment>
         <input_file_ref idref="fl-db"/>
      </object_component>
      <object_component id="oc-11c">
         <name>.debug_info</name>
         <load_address>0xcbb7</load_address>
         <run_address>0xcbb7</run_address>
         <size>0x199</size>
         <alignment>0x1</alignment>
         <input_file_ref idref="fl-dc"/>
      </object_component>
      <object_component id="oc-112">
         <name>.debug_info</name>
         <load_address>0xcd50</load_address>
         <run_address>0xcd50</run_address>
         <size>0x17f</size>
         <alignment>0x1</alignment>
         <input_file_ref idref="fl-dd"/>
      </object_component>
      <object_component id="oc-11a">
         <name>.debug_info</name>
         <load_address>0xcecf</load_address>
         <run_address>0xcecf</run_address>
         <size>0x17f</size>
         <alignment>0x1</alignment>
         <input_file_ref idref="fl-de"/>
      </object_component>
      <object_component id="oc-127">
         <name>.debug_info</name>
         <load_address>0xd04e</load_address>
         <run_address>0xd04e</run_address>
         <size>0x181</size>
         <alignment>0x1</alignment>
         <input_file_ref idref="fl-df"/>
      </object_component>
      <object_component id="oc-114">
         <name>.debug_info</name>
         <load_address>0xd1cf</load_address>
         <run_address>0xd1cf</run_address>
         <size>0x185</size>
         <alignment>0x1</alignment>
         <input_file_ref idref="fl-e0"/>
      </object_component>
      <object_component id="oc-10b">
         <name>.debug_info</name>
         <load_address>0xd354</load_address>
         <run_address>0xd354</run_address>
         <size>0x189</size>
         <alignment>0x1</alignment>
         <input_file_ref idref="fl-e1"/>
      </object_component>
      <object_component id="oc-124">
         <name>.debug_info</name>
         <load_address>0xd4dd</load_address>
         <run_address>0xd4dd</run_address>
         <size>0x209</size>
         <alignment>0x1</alignment>
         <input_file_ref idref="fl-e2"/>
      </object_component>
      <object_component id="oc-170">
         <name>.debug_info</name>
         <load_address>0xd6e6</load_address>
         <run_address>0xd6e6</run_address>
         <size>0x1ae</size>
         <alignment>0x1</alignment>
         <input_file_ref idref="fl-e5"/>
      </object_component>
      <object_component id="oc-169">
         <name>.debug_info</name>
         <load_address>0xd894</load_address>
         <run_address>0xd894</run_address>
         <size>0x1b3</size>
         <alignment>0x1</alignment>
         <input_file_ref idref="fl-e6"/>
      </object_component>
      <object_component id="oc-15f">
         <name>.debug_info</name>
         <load_address>0xda47</load_address>
         <run_address>0xda47</run_address>
         <size>0x181</size>
         <alignment>0x1</alignment>
         <input_file_ref idref="fl-e7"/>
      </object_component>
      <object_component id="oc-184">
         <name>.debug_info</name>
         <load_address>0xdbc8</load_address>
         <run_address>0xdbc8</run_address>
         <size>0x85</size>
         <alignment>0x1</alignment>
         <input_file_ref idref="fl-e8"/>
      </object_component>
      <object_component id="oc-1cf">
         <name>.debug_info</name>
         <load_address>0xdc4d</load_address>
         <run_address>0xdc4d</run_address>
         <size>0xa0</size>
         <alignment>0x0</alignment>
      </object_component>
      <object_component id="oc-7d">
         <name>.debug_ranges</name>
         <load_address>0x0</load_address>
         <run_address>0x0</run_address>
         <size>0x60</size>
         <alignment>0x1</alignment>
         <input_file_ref idref="fl-1"/>
      </object_component>
      <object_component id="oc-31">
         <name>.debug_ranges</name>
         <load_address>0x60</load_address>
         <run_address>0x60</run_address>
         <size>0x18</size>
         <alignment>0x1</alignment>
         <input_file_ref idref="fl-2"/>
      </object_component>
      <object_component id="oc-98">
         <name>.debug_ranges</name>
         <load_address>0x78</load_address>
         <run_address>0x78</run_address>
         <size>0x30</size>
         <alignment>0x1</alignment>
         <input_file_ref idref="fl-3"/>
      </object_component>
      <object_component id="oc-88">
         <name>.debug_ranges</name>
         <load_address>0xa8</load_address>
         <run_address>0xa8</run_address>
         <size>0x30</size>
         <alignment>0x1</alignment>
         <input_file_ref idref="fl-4"/>
      </object_component>
      <object_component id="oc-82">
         <name>.debug_ranges</name>
         <load_address>0xd8</load_address>
         <run_address>0xd8</run_address>
         <size>0x40</size>
         <alignment>0x1</alignment>
         <input_file_ref idref="fl-6"/>
      </object_component>
      <object_component id="oc-f3">
         <name>.debug_ranges</name>
         <load_address>0x118</load_address>
         <run_address>0x118</run_address>
         <size>0x20</size>
         <alignment>0x1</alignment>
         <input_file_ref idref="fl-7"/>
      </object_component>
      <object_component id="oc-95">
         <name>.debug_ranges</name>
         <load_address>0x138</load_address>
         <run_address>0x138</run_address>
         <size>0x38</size>
         <alignment>0x1</alignment>
         <input_file_ref idref="fl-8"/>
      </object_component>
      <object_component id="oc-90">
         <name>.debug_ranges</name>
         <load_address>0x170</load_address>
         <run_address>0x170</run_address>
         <size>0x80</size>
         <alignment>0x1</alignment>
         <input_file_ref idref="fl-9"/>
      </object_component>
      <object_component id="oc-149">
         <name>.debug_ranges</name>
         <load_address>0x1f0</load_address>
         <run_address>0x1f0</run_address>
         <size>0x1f8</size>
         <alignment>0x1</alignment>
         <input_file_ref idref="fl-18"/>
      </object_component>
      <object_component id="oc-de">
         <name>.debug_ranges</name>
         <load_address>0x3e8</load_address>
         <run_address>0x3e8</run_address>
         <size>0x208</size>
         <alignment>0x1</alignment>
         <input_file_ref idref="fl-19"/>
      </object_component>
      <object_component id="oc-150">
         <name>.debug_ranges</name>
         <load_address>0x5f0</load_address>
         <run_address>0x5f0</run_address>
         <size>0x1c8</size>
         <alignment>0x1</alignment>
         <input_file_ref idref="fl-1a"/>
      </object_component>
      <object_component id="oc-39">
         <name>.debug_ranges</name>
         <load_address>0x7b8</load_address>
         <run_address>0x7b8</run_address>
         <size>0x48</size>
         <alignment>0x1</alignment>
         <input_file_ref idref="fl-31"/>
      </object_component>
      <object_component id="oc-b9">
         <name>.debug_ranges</name>
         <load_address>0x800</load_address>
         <run_address>0x800</run_address>
         <size>0x48</size>
         <alignment>0x1</alignment>
         <input_file_ref idref="fl-33"/>
      </object_component>
      <object_component id="oc-48">
         <name>.debug_ranges</name>
         <load_address>0x848</load_address>
         <run_address>0x848</run_address>
         <size>0x18</size>
         <alignment>0x1</alignment>
         <input_file_ref idref="fl-36"/>
      </object_component>
      <object_component id="oc-af">
         <name>.debug_ranges</name>
         <load_address>0x860</load_address>
         <run_address>0x860</run_address>
         <size>0x18</size>
         <alignment>0x1</alignment>
         <input_file_ref idref="fl-39"/>
      </object_component>
      <object_component id="oc-167">
         <name>.debug_ranges</name>
         <load_address>0x878</load_address>
         <run_address>0x878</run_address>
         <size>0x38</size>
         <alignment>0x1</alignment>
         <input_file_ref idref="fl-e6"/>
      </object_component>
      <object_component id="oc-185">
         <name>.debug_ranges</name>
         <load_address>0x8b0</load_address>
         <run_address>0x8b0</run_address>
         <size>0x18</size>
         <alignment>0x1</alignment>
         <input_file_ref idref="fl-e8"/>
      </object_component>
      <object_component id="oc-d9">
         <name>.debug_str</name>
         <load_address>0x0</load_address>
         <run_address>0x0</run_address>
         <size>0x2bcc</size>
         <alignment>0x1</alignment>
         <input_file_ref idref="fl-1"/>
      </object_component>
      <object_component id="oc-35">
         <name>.debug_str</name>
         <load_address>0x2bcc</load_address>
         <run_address>0x2bcc</run_address>
         <size>0x157</size>
         <alignment>0x1</alignment>
         <input_file_ref idref="fl-2"/>
      </object_component>
      <object_component id="oc-103">
         <name>.debug_str</name>
         <load_address>0x2d23</load_address>
         <run_address>0x2d23</run_address>
         <size>0x324</size>
         <alignment>0x1</alignment>
         <input_file_ref idref="fl-3"/>
      </object_component>
      <object_component id="oc-e8">
         <name>.debug_str</name>
         <load_address>0x3047</load_address>
         <run_address>0x3047</run_address>
         <size>0x77d</size>
         <alignment>0x1</alignment>
         <input_file_ref idref="fl-4"/>
      </object_component>
      <object_component id="oc-ab">
         <name>.debug_str</name>
         <load_address>0x37c4</load_address>
         <run_address>0x37c4</run_address>
         <size>0x1dc</size>
         <alignment>0x1</alignment>
         <input_file_ref idref="fl-5"/>
      </object_component>
      <object_component id="oc-e2">
         <name>.debug_str</name>
         <load_address>0x39a0</load_address>
         <run_address>0x39a0</run_address>
         <size>0x7bb</size>
         <alignment>0x1</alignment>
         <input_file_ref idref="fl-6"/>
      </object_component>
      <object_component id="oc-15b">
         <name>.debug_str</name>
         <load_address>0x415b</load_address>
         <run_address>0x415b</run_address>
         <size>0x158</size>
         <alignment>0x1</alignment>
         <input_file_ref idref="fl-7"/>
      </object_component>
      <object_component id="oc-f0">
         <name>.debug_str</name>
         <load_address>0x42b3</load_address>
         <run_address>0x42b3</run_address>
         <size>0x194</size>
         <alignment>0x1</alignment>
         <input_file_ref idref="fl-8"/>
      </object_component>
      <object_component id="oc-ed">
         <name>.debug_str</name>
         <load_address>0x4447</load_address>
         <run_address>0x4447</run_address>
         <size>0x3f6</size>
         <alignment>0x1</alignment>
         <input_file_ref idref="fl-9"/>
      </object_component>
      <object_component id="oc-106">
         <name>.debug_str</name>
         <load_address>0x483d</load_address>
         <run_address>0x483d</run_address>
         <size>0x16d</size>
         <alignment>0x1</alignment>
         <input_file_ref idref="fl-17"/>
      </object_component>
      <object_component id="oc-17d">
         <name>.debug_str</name>
         <load_address>0x49aa</load_address>
         <run_address>0x49aa</run_address>
         <size>0x8af</size>
         <alignment>0x1</alignment>
         <input_file_ref idref="fl-18"/>
      </object_component>
      <object_component id="oc-159">
         <name>.debug_str</name>
         <load_address>0x5259</load_address>
         <run_address>0x5259</run_address>
         <size>0x1fe1</size>
         <alignment>0x1</alignment>
         <input_file_ref idref="fl-19"/>
      </object_component>
      <object_component id="oc-17f">
         <name>.debug_str</name>
         <load_address>0x723a</load_address>
         <run_address>0x723a</run_address>
         <size>0xcf2</size>
         <alignment>0x1</alignment>
         <input_file_ref idref="fl-1a"/>
      </object_component>
      <object_component id="oc-37">
         <name>.debug_str</name>
         <load_address>0x7f2c</load_address>
         <run_address>0x7f2c</run_address>
         <size>0x21e</size>
         <alignment>0x1</alignment>
         <input_file_ref idref="fl-31"/>
      </object_component>
      <object_component id="oc-138">
         <name>.debug_str</name>
         <load_address>0x814a</load_address>
         <run_address>0x814a</run_address>
         <size>0x328</size>
         <alignment>0x1</alignment>
         <input_file_ref idref="fl-33"/>
      </object_component>
      <object_component id="oc-7a">
         <name>.debug_str</name>
         <load_address>0x8472</load_address>
         <run_address>0x8472</run_address>
         <size>0xee</size>
         <alignment>0x1</alignment>
         <input_file_ref idref="fl-34"/>
      </object_component>
      <object_component id="oc-59">
         <name>.debug_str</name>
         <load_address>0x8560</load_address>
         <run_address>0x8560</run_address>
         <size>0x194</size>
         <alignment>0x1</alignment>
         <input_file_ref idref="fl-36"/>
      </object_component>
      <object_component id="oc-132">
         <name>.debug_str</name>
         <load_address>0x86f4</load_address>
         <run_address>0x86f4</run_address>
         <size>0x141</size>
         <alignment>0x1</alignment>
         <input_file_ref idref="fl-39"/>
      </object_component>
      <object_component id="oc-172">
         <name>.debug_str</name>
         <load_address>0x8835</load_address>
[...]
      <symbol id="sm-c">
         <name>__STACK_SIZE</name>
         <value>0x200</value>
      </symbol>
      <symbol id="sm-d">
         <name>__STACK_END</name>
         <value>0x20208000</value>
      </symbol>
      <symbol id="sm-e">
         <name>__TI_pprof_out_hndl</name>
         <value>0xffffffff</value>
      </symbol>
      <symbol id="sm-f">
         <name>__TI_prof_data_start</name>
         <value>0xffffffff</value>
      </symbol>
      <symbol id="sm-10">
         <name>__TI_prof_data_size</name>
         <value>0xffffffff</value>
      </symbol>
      <symbol id="sm-65">
         <name>SYSCFG_DL_init</name>
         <value>0x1095</value>
         <object_component_ref idref="oc-7b"/>
      </symbol>
      <symbol id="sm-66">
         <name>SYSCFG_DL_initPower</name>
         <value>0xcb1</value>
         <object_component_ref idref="oc-cd"/>
      </symbol>
      <symbol id="sm-67">
         <name>SYSCFG_DL_GPIO_init</name>
         <value>0x785</value>
         <object_component_ref idref="oc-ce"/>
      </symbol>
      <symbol id="sm-68">
         <name>SYSCFG_DL_SYSCTL_init</name>
         <value>0x1135</value>
         <object_component_ref idref="oc-cf"/>
      </symbol>
      <symbol id="sm-69">
         <name>SYSCFG_DL_PWM_TB6612_init</name>
         <value>0x959</value>
         <object_component_ref idref="oc-d1"/>
      </symbol>
      <symbol id="sm-6a">
         <name>SYSCFG_DL_QEI_ENC1_init</name>
         <value>0xe5d</value>
         <object_component_ref idref="oc-d2"/>
      </symbol>
      <symbol id="sm-6b">
         <name>SYSCFG_DL_TIMER_CTRL_TICK_init</name>
         <value>0x105d</value>
         <object_component_ref idref="oc-d3"/>
      </symbol>
      <symbol id="sm-6c">
         <name>SYSCFG_DL_I2C_MPU6050_init</name>
         <value>0xd6d</value>
         <object_component_ref idref="oc-d4"/>
      </symbol>
      <symbol id="sm-6d">
         <name>SYSCFG_DL_UART_OPENMV_init</name>
         <value>0xaf9</value>
         <object_component_ref idref="oc-d5"/>
      </symbol>
      <symbol id="sm-6e">
         <name>gQEI_ENC1Backup</name>
         <value>0x20200000</value>
      </symbol>
      <symbol id="sm-6f">
         <name>gTIMER_CTRL_TICKBackup</name>
         <value>0x202000a0</value>
      </symbol>
      <symbol id="sm-7a">
         <name>Default_Handler</name>
         <value>0x39b</value>
         <object_component_ref idref="oc-33"/>
      </symbol>
      <symbol id="sm-7b">
         <name>Reset_Handler</name>
         <value>0x138d</value>
         <object_component_ref idref="oc-2f"/>
      </symbol>
      <symbol id="sm-7c">
         <name>interruptVectors</name>
         <value>0x0</value>
         <object_component_ref idref="oc-18"/>
      </symbol>
      <symbol id="sm-7d">
         <name>NMI_Handler</name>
         <value>0x39b</value>
         <object_component_ref idref="oc-33"/>
      </symbol>
      <symbol id="sm-7e">
         <name>HardFault_Handler</name>
         <value>0x39b</value>
         <object_component_ref idref="oc-33"/>
      </symbol>
      <symbol id="sm-7f">
         <name>SVC_Handler</name>
         <value>0x39b</value>
         <object_component_ref idref="oc-33"/>
      </symbol>
      <symbol id="sm-80">
         <name>PendSV_Handler</name>
         <value>0x39b</value>
         <object_component_ref idref="oc-33"/>
      </symbol>
      <symbol id="sm-81">
         <name>SysTick_Handler</name>
         <value>0x39b</value>
         <object_component_ref idref="oc-33"/>
      </symbol>
      <symbol id="sm-82">
         <name>GROUP0_IRQHandler</name>
         <value>0x39b</value>
         <object_component_ref idref="oc-33"/>
      </symbol>
      <symbol id="sm-83">
         <name>GROUP1_IRQHandler</name>
         <value>0x39b</value>
         <object_component_ref idref="oc-33"/>
      </symbol>
      <symbol id="sm-84">
         <name>TIMG8_IRQHandler</name>
         <value>0x39b</value>
         <object_component_ref idref="oc-33"/>
      </symbol>
      <symbol id="sm-85">
         <name>UART3_IRQHandler</name>
         <value>0x39b</value>
         <object_component_ref idref="oc-33"/>
      </symbol>
      <symbol id="sm-86">
         <name>ADC0_IRQHandler</name>
         <value>0x39b</value>
         <object_component_ref idref="oc-33"/>
      </symbol>
      <symbol id="sm-87">
         <name>ADC1_IRQHandler</name>
         <value>0x39b</value>
         <object_component_ref idref="oc-33"/>
      </symbol>
      <symbol id="sm-88">
         <name>CANFD0_IRQHandler</name>
         <value>0x39b</value>
         <object_component_ref idref="oc-33"/>
      </symbol>
      <symbol id="sm-89">
         <name>DAC0_IRQHandler</name>
         <value>0x39b</value>
         <object_component_ref idref="oc-33"/>
      </symbol>
      <symbol id="sm-8a">
         <name>SPI0_IRQHandler</name>
         <value>0x39b</value>
         <object_component_ref idref="oc-33"/>
      </symbol>
      <symbol id="sm-8b">
         <name>SPI1_IRQHandler</name>
         <value>0x39b</value>
         <object_component_ref idref="oc-33"/>
      </symbol>
      <symbol id="sm-8c">
         <name>UART1_IRQHandler</name>
         <value>0x39b</value>
         <object_component_ref idref="oc-33"/>
      </symbol>
      <symbol id="sm-8d">
         <name>UART2_IRQHandler</name>
         <value>0x39b</value>
         <object_component_ref idref="oc-33"/>
      </symbol>
      <symbol id="sm-8e">
         <name>UART0_IRQHandler</name>
         <value>0x39b</value>
         <object_component_ref idref="oc-33"/>
      </symbol>
      <symbol id="sm-8f">
         <name>TIMG0_IRQHandler</name>
         <value>0x39b</value>
         <object_component_ref idref="oc-33"/>
      </symbol>
      <symbol id="sm-90">
         <name>TIMG6_IRQHandler</name>
         <value>0x39b</value>
         <object_component_ref idref="oc-33"/>
      </symbol>
      <symbol id="sm-91">
         <name>TIMA0_IRQHandler</name>
         <value>0x39b</value>
         <object_component_ref idref="oc-33"/>
      </symbol>
      <symbol id="sm-92">
         <name>TIMA1_IRQHandler</name>
         <value>0x39b</value>
         <object_component_ref idref="oc-33"/>
      </symbol>
      <symbol id="sm-93">
         <name>TIMG7_IRQHandler</name>
         <value>0x39b</value>
         <object_component_ref idref="oc-33"/>
      </symbol>
      <symbol id="sm-94">
         <name>TIMG12_IRQHandler</name>
         <value>0x39b</value>
         <object_component_ref idref="oc-33"/>
      </symbol>
      <symbol id="sm-95">
         <name>I2C0_IRQHandler</name>
         <value>0x39b</value>
         <object_component_ref idref="oc-33"/>
      </symbol>
      <symbol id="sm-96">
         <name>I2C1_IRQHandler</name>
         <value>0x39b</value>
         <object_component_ref idref="oc-33"/>
      </symbol>
      <symbol id="sm-97">
         <name>AES_IRQHandler</name>
         <value>0x39b</value>
         <object_component_ref idref="oc-33"/>
      </symbol>
      <symbol id="sm-98">
         <name>RTC_IRQHandler</name>
         <value>0x39b</value>
         <object_component_ref idref="oc-33"/>
      </symbol>
      <symbol id="sm-99">
         <name>DMA_IRQHandler</name>
         <value>0x39b</value>
         <object_component_ref idref="oc-33"/>
      </symbol>
      <symbol id="sm-c1">
         <name>Control_Init</name>
         <value>0x8c5</value>
         <object_component_ref idref="oc-96"/>
      </symbol>
      <symbol id="sm-c2">
         <name>Control_Enable</name>
         <value>0xe11</value>
         <object_component_ref idref="oc-9b"/>
      </symbol>
      <symbol id="sm-c3">
         <name>Control_TaskPosLoop</name>
         <value>0x475</value>
         <object_component_ref idref="oc-a9"/>
      </symbol>
      <symbol id="sm-c4">
         <name>Control_TaskVelLoop</name>
         <value>0x619</value>
         <object_component_ref idref="oc-a7"/>
      </symbol>
      <symbol id="sm-e2">
         <name>Encoder_Init</name>
         <value>0xd11</value>
         <object_component_ref idref="oc-86"/>
      </symbol>
      <symbol id="sm-e3">
         <name>Encoder_PollGpio</name>
         <value>0xdc1</value>
         <object_component_ref idref="oc-a3"/>
      </symbol>
      <symbol id="sm-e4">
         <name>Encoder_UpdateSpeed</name>
         <value>0x549</value>
         <object_component_ref idref="oc-a6"/>
      </symbol>
      <symbol id="sm-e5">
         <name>Encoder_GetSpeedRps</name>
         <value>0x12e1</value>
         <object_component_ref idref="oc-120"/>
      </symbol>
      <symbol id="sm-ee">
         <name>main</name>
         <value>0xb79</value>
         <object_component_ref idref="oc-63"/>
      </symbol>
      <symbol id="sm-101">
         <name>Motor_Init</name>
         <value>0xc51</value>
         <object_component_ref idref="oc-80"/>
      </symbol>
      <symbol id="sm-102">
         <name>Motor_StopAll</name>
         <value>0x1105</value>
         <object_component_ref idref="oc-12b"/>
      </symbol>
      <symbol id="sm-103">
         <name>Motor_SetDuty</name>
         <value>0x6e5</value>
         <object_component_ref idref="oc-12a"/>
      </symbol>
      <symbol id="sm-111">
         <name>PID_Reset</name>
         <value>0x135d</value>
         <object_component_ref idref="oc-104"/>
      </symbol>
      <symbol id="sm-112">
         <name>PID_LoadConfig</name>
         <value>0x1255</value>
         <object_component_ref idref="oc-f1"/>
      </symbol>
      <symbol id="sm-113">
         <name>PID_Update</name>
         <value>0x2c1</value>
         <object_component_ref idref="oc-121"/>
      </symbol>
      <symbol id="sm-126">
         <name>Safty_Init</name>
         <value>0x1311</value>
         <object_component_ref idref="oc-91"/>
      </symbol>
      <symbol id="sm-127">
         <name>Safty_Update</name>
         <value>0x1325</value>
         <object_component_ref idref="oc-a4"/>
      </symbol>
      <symbol id="sm-128">
         <name>Safty_IsMotorAllowed</name>
         <value>0x12ad</value>
         <object_component_ref idref="oc-11f"/>
      </symbol>
      <symbol id="sm-147">
         <name>Vision_Init</name>
         <value>0x1165</value>
         <object_component_ref idref="oc-8c"/>
      </symbol>
      <symbol id="sm-148">
         <name>Vision_SetNowMs</name>
         <value>0x136d</value>
         <object_component_ref idref="oc-a0"/>
      </symbol>
      <symbol id="sm-149">
         <name>Vision_PollUartRx</name>
         <value>0x825</value>
         <object_component_ref idref="oc-a1"/>
      </symbol>
      <symbol id="sm-14a">
         <name>Vision_GetPoint</name>
         <value>0x1191</value>
         <object_component_ref idref="oc-12c"/>
      </symbol>
      <symbol id="sm-14b">
         <name>Vision_IsTimeout</name>
         <value>0x1231</value>
         <object_component_ref idref="oc-10e"/>
      </symbol>
      <symbol id="sm-14c">
         <name>__TI_ATRegion0_src_addr</name>
         <value>0x0</value>
      </symbol>
      <symbol id="sm-14d">
         <name>__TI_ATRegion0_trg_addr</name>
         <value>0x0</value>
      </symbol>
      <symbol id="sm-14e">
         <name>__TI_ATRegion0_region_sz</name>
         <value>0x0</value>
      </symbol>
      <symbol id="sm-14f">
         <name>__TI_ATRegion1_src_addr</name>
         <value>0x0</value>
      </symbol>
      <symbol id="sm-150">
         <name>__TI_ATRegion1_trg_addr</name>
         <value>0x0</value>
      </symbol>
      <symbol id="sm-151">
         <name>__TI_ATRegion1_region_sz</name>
         <value>0x0</value>
      </symbol>
      <symbol id="sm-152">
         <name>__TI_ATRegion2_src_addr</name>
         <value>0x0</value>
      </symbol>
      <symbol id="sm-153">
         <name>__TI_ATRegion2_trg_addr</name>
         <value>0x0</value>
      </symbol>
      <symbol id="sm-154">
         <name>__TI_ATRegion2_region_sz</name>
         <value>0x0</value>
      </symbol>
      <symbol id="sm-15d">
         <name>DL_Common_delayCycles</name>
         <value>0x1379</value>
         <object_component_ref idref="oc-9c"/>
      </symbol>
      <symbol id="sm-167">
         <name>DL_I2C_setClockConfig</name>
         <value>0x1209</value>
         <object_component_ref idref="oc-148"/>
      </symbol>
      <symbol id="sm-183">
         <name>DL_Timer_setClockConfig</name>
         <value>0x1291</value>
         <object_component_ref idref="oc-13e"/>
      </symbol>
      <symbol id="sm-184">
         <name>DL_Timer_initTimerMode</name>
         <value>0x1c5</value>
         <object_component_ref idref="oc-145"/>
      </symbol>
      <symbol id="sm-185">
         <name>DL_Timer_setCaptureCompareValue</name>
         <value>0x134d</value>
         <object_component_ref idref="oc-da"/>
      </symbol>
      <symbol id="sm-186">
         <name>DL_Timer_setCaptCompUpdateMethod</name>
         <value>0x1275</value>
         <object_component_ref idref="oc-141"/>
      </symbol>
      <symbol id="sm-187">
         <name>DL_Timer_setCaptureCompareOutCtl</name>
         <value>0x12c9</value>
         <object_component_ref idref="oc-140"/>
      </symbol>
      <symbol id="sm-188">
         <name>DL_Timer_initFourCCPWMMode</name>
         <value>0xc1</value>
         <object_component_ref idref="oc-13f"/>
      </symbol>
      <symbol id="sm-195">
         <name>DL_UART_init</name>
         <value>0xea9</value>
         <object_component_ref idref="oc-155"/>
      </symbol>
      <symbol id="sm-196">
         <name>DL_UART_setClockConfig</name>
         <value>0x1339</value>
         <object_component_ref idref="oc-14f"/>
      </symbol>
      <symbol id="sm-1a1">
         <name>_c_int00_noargs</name>
         <value>0x11e1</value>
         <object_component_ref idref="oc-4f"/>
      </symbol>
      <symbol id="sm-1a2">
         <name>__stack</name>
         <value>0x20207e00</value>
         <object_component_ref idref="oc-1a"/>
      </symbol>
      <symbol id="sm-1ae">
         <name>__TI_auto_init_nobinit_nopinit</name>
         <value>0xfa9</value>
         <object_component_ref idref="oc-b4"/>
      </symbol>
      <symbol id="sm-1b6">
         <name>_system_pre_init</name>
         <value>0x1391</value>
         <object_component_ref idref="oc-5f"/>
      </symbol>
      <symbol id="sm-1c1">
         <name>__TI_zero_init_nomemset</name>
         <value>0x12f9</value>
         <object_component_ref idref="oc-46"/>
      </symbol>
      <symbol id="sm-1cd">
         <name>abort</name>
         <value>0x1383</value>
         <object_component_ref idref="oc-ad"/>
      </symbol>
      <symbol id="sm-1d7">
         <name>HOSTexit</name>
         <value>0x1389</value>
         <object_component_ref idref="oc-12d"/>
      </symbol>
      <symbol id="sm-1d8">
         <name>C$$EXIT</name>
         <value>0x1388</value>
         <object_component_ref idref="oc-12d"/>
      </symbol>
      <symbol id="sm-1de">
         <name>__aeabi_fadd</name>
         <value>0x3a7</value>
         <object_component_ref idref="oc-11b"/>
      </symbol>
      <symbol id="sm-1df">
         <name>__addsf3</name>
         <value>0x3a7</value>
         <object_component_ref idref="oc-11b"/>
      </symbol>
      <symbol id="sm-1e0">
         <name>__aeabi_fsub</name>
         <value>0x39d</value>
         <object_component_ref idref="oc-11b"/>
      </symbol>
      <symbol id="sm-1e1">
         <name>__subsf3</name>
         <value>0x39d</value>
         <object_component_ref idref="oc-11b"/>
      </symbol>
      <symbol id="sm-1e7">
         <name>__aeabi_fmul</name>
         <value>0x9e9</value>
         <object_component_ref idref="oc-10f"/>
      </symbol>
      <symbol id="sm-1e8">
         <name>__mulsf3</name>
         <value>0x9e9</value>
         <object_component_ref idref="oc-10f"/>
      </symbol>
      <symbol id="sm-1ee">
         <name>__aeabi_fdiv</name>
         <value>0xa75</value>
         <object_component_ref idref="oc-117"/>
      </symbol>
      <symbol id="sm-1ef">
         <name>__divsf3</name>
         <value>0xa75</value>
         <object_component_ref idref="oc-117"/>
      </symbol>
      <symbol id="sm-1f5">
         <name>__aeabi_f2iz</name>
         <value>0x10cd</value>
         <object_component_ref idref="oc-126"/>
      </symbol>
      <symbol id="sm-1f6">
         <name>__fixsfsi</name>
         <value>0x10cd</value>
         <object_component_ref idref="oc-126"/>
      </symbol>
      <symbol id="sm-1fc">
         <name>__aeabi_i2f</name>
         <value>0xf31</value>
         <object_component_ref idref="oc-113"/>
      </symbol>
      <symbol id="sm-1fd">
         <name>__floatsisf</name>
         <value>0xf31</value>
         <object_component_ref idref="oc-113"/>
      </symbol>
      <symbol id="sm-203">
         <name>__aeabi_ui2f</name>
         <value>0x11b9</value>
         <object_component_ref idref="oc-108"/>
      </symbol>
      <symbol id="sm-204">
         <name>__floatunsisf</name>
         <value>0x11b9</value>
         <object_component_ref idref="oc-108"/>
      </symbol>
      <symbol id="sm-20a">
         <name>__aeabi_fcmpeq</name>
         <value>0xbed</value>
         <object_component_ref idref="oc-122"/>
      </symbol>
      <symbol id="sm-20b">
         <name>__aeabi_fcmplt</name>
         <value>0xc01</value>
         <object_component_ref idref="oc-122"/>
      </symbol>
      <symbol id="sm-20c">
         <name>__aeabi_fcmple</name>
         <value>0xc15</value>
         <object_component_ref idref="oc-122"/>
      </symbol>
      <symbol id="sm-20d">
         <name>__aeabi_fcmpge</name>
         <value>0xc29</value>
         <object_component_ref idref="oc-122"/>
      </symbol>
      <symbol id="sm-20e">
         <name>__aeabi_fcmpgt</name>
         <value>0xc3d</value>
         <object_component_ref idref="oc-122"/>
      </symbol>
      <symbol id="sm-214">
         <name>__aeabi_uidiv</name>
         <value>0xef1</value>
         <object_component_ref idref="oc-16d"/>
      </symbol>
      <symbol id="sm-215">
         <name>__aeabi_uidivmod</name>
         <value>0xef1</value>
         <object_component_ref idref="oc-16d"/>
      </symbol>
      <symbol id="sm-21e">
         <name>__eqsf2</name>
         <value>0xfe5</value>
         <object_component_ref idref="oc-165"/>
      </symbol>
      <symbol id="sm-21f">
         <name>__lesf2</name>
         <value>0xfe5</value>
         <object_component_ref idref="oc-165"/>
      </symbol>
      <symbol id="sm-220">
         <name>__ltsf2</name>
         <value>0xfe5</value>
         <object_component_ref idref="oc-165"/>
      </symbol>
      <symbol id="sm-221">
         <name>__nesf2</name>
         <value>0xfe5</value>
         <object_component_ref idref="oc-165"/>
      </symbol>
      <symbol id="sm-222">
         <name>__cmpsf2</name>
         <value>0xfe5</value>
         <object_component_ref idref="oc-165"/>
      </symbol>
      <symbol id="sm-223">
         <name>__gtsf2</name>
         <value>0xf6d</value>
         <object_component_ref idref="oc-16a"/>
      </symbol>
      <symbol id="sm-224">
         <name>__gesf2</name>
         <value>0xf6d</value>
         <object_component_ref idref="oc-16a"/>
      </symbol>
      <symbol id="sm-22a">
         <name>__muldsi3</name>
         <value>0x1021</value>
         <object_component_ref idref="oc-15d"/>
      </symbol>
      <symbol id="sm-234">
         <name>__aeabi_idiv0</name>
         <value>0xaf7</value>
         <object_component_ref idref="oc-182"/>
      </symbol>
      <symbol id="sm-235">
         <name>__TI_static_base__</name>
         <value>0x0</value>
      </symbol>
      <symbol id="sm-237">
         <name>__mpu_init</name>
         <value>0x0</value>
      </symbol>
      <symbol id="sm-238">
         <name>_system_post_cinit</name>
         <value>0x0</value>
      </symbol>
   </symbol_table>
   <title>Link successful</title>
</link_info>
