******************************************************************************
            TI ARM Clang Linker PC v4.0.4                      
******************************************************************************
>> Linked Thu Jul 23 17:15:44 2026

OUTPUT FILE NAME:   <MPU6050.out>
ENTRY POINT SYMBOL: "_c_int00_noargs"  address: 00002a79


MEMORY CONFIGURATION

         name            origin    length      used     unused   attr    fill
----------------------  --------  ---------  --------  --------  ----  --------
  FLASH                 00000000   00020000  00002e68  0001d198  R  X
  SRAM                  20200000   00008000  000002d5  00007d2b  RW X
  BCR_CONFIG            41c00000   000000ff  00000000  000000ff  R   
  BSL_CONFIG            41c00100   00000080  00000000  00000080  R   


SEGMENT ALLOCATION MAP

run origin  load origin   length   init length attrs members
----------  ----------- ---------- ----------- ----- -------
00000000    00000000    00002c48   00002c48    r-x
  00000000    00000000    000000c0   000000c0    r-- .intvecs
  000000c0    000000c0    00002b88   00002b88    r-x .text
00002c50    00002c50    00000220   00000220    r--
  00002c50    00002c50    000001f0   000001f0    r-- .rodata
  00002e40    00002e40    00000030   00000030    r-- .cinit
20200000    20200000    000000d8   00000000    rw-
  20200000    20200000    000000d1   00000000    rw- .bss
  202000d4    202000d4    00000004   00000000    rw- .data
20207e00    20207e00    00000200   00000000    rw-
  20207e00    20207e00    00000200   00000000    rw- .stack


SECTION ALLOCATION MAP

 output                                  attributes/
section   page    origin      length       input sections
--------  ----  ----------  ----------   ----------------
.intvecs   0    00000000    000000c0     
                  00000000    000000c0     startup_mspm0g350x_ticlang.o (.intvecs)

.text      0    000000c0    00002b88     
                  000000c0    00000c38     empty.o (.text.main)
                  00000cf8    00000868     libc.a : _printfi.c.obj (.text:__TI_printfi_nofloat)
                  00001560    00000284     empty.o (.text.mpu6050_read_regs)
                  000017e4    00000250     empty.o (.text.mpu6050_read_all)
                  00001a34    000001c8     libc.a : s_atanf.c.obj (.text.atanf)
                  00001bfc    0000018c     empty.o (.text.mpu6050_write_reg)
                  00001d88    00000118     libc.a : e_atan2f.c.obj (.text.atan2f)
                  00001ea0    000000d8     libclang_rt.builtins.a : addsf3.S.obj (.text)
                  00001f78    000000cc     empty.o (.text.mpu6050_init)
                  00002044    000000a2     libclang_rt.builtins.a : udivmoddi4.S.obj (.text)
                  000020e6    00000002     startup_mspm0g350x_ticlang.o (.text.Default_Handler)
                  000020e8    000000a0     libc.a : e_sqrtf.c.obj (.text.sqrtf)
                  00002188    0000009a            : memcpy16.S.obj (.text:memcpy)
                  00002222    00000002     libclang_rt.builtins.a : aeabi_div0.c.obj (.text.__aeabi_idiv0)
                  00002224    0000008c                            : mulsf3.S.obj (.text.__mulsf3)
                  000022b0    00000082                            : divsf3.S.obj (.text.__divsf3)
                  00002332    00000002                            : aeabi_div0.c.obj (.text.__aeabi_ldiv0)
                  00002334    00000080     ti_msp_dl_config.o (.text.SYSCFG_DL_UART_0_init)
                  000023b4    0000007c     libc.a : copy_decompress_lzss.c.obj (.text:decompress:lzss)
                  00002430    00000062     libclang_rt.builtins.a : aeabi_fcmp.S.obj (.text.__aeabi_fcmp)
                  00002492    00000062     libc.a : memset16.S.obj (.text:memset)
                  000024f4    0000005e     driverlib.a : dl_i2c.o (.text.DL_I2C_fillControllerTXFIFO)
                  00002552    00000002     --HOLE-- [fill = 0]
                  00002554    00000056     libclang_rt.builtins.a : aeabi_idivmod.S.obj (.text.__aeabi_idivmod)
                  000025aa    00000002     --HOLE-- [fill = 0]
                  000025ac    00000054     ti_msp_dl_config.o (.text.SYSCFG_DL_I2C_init)
                  00002600    0000004e     libclang_rt.builtins.a : floatdisf.S.obj (.text.__floatdisf)
                  0000264e    00000002     --HOLE-- [fill = 0]
                  00002650    0000004c     ti_msp_dl_config.o (.text.SYSCFG_DL_GPIO_init)
                  0000269c    0000004c     libc.a : snprintf.c.obj (.text.snprintf)
                  000026e8    00000048     driverlib.a : dl_uart.o (.text.DL_UART_init)
                  00002730    00000040     ti_msp_dl_config.o (.text.SYSCFG_DL_initPower)
                  00002770    00000040     libclang_rt.builtins.a : aeabi_uidivmod.S.obj (.text.__aeabi_uidivmod)
                  000027b0    00000040     libc.a : atoi.c.obj (.text.atoi)
                  000027f0    0000003c     driverlib.a : dl_i2c.o (.text.DL_I2C_flushControllerTXFIFO)
                  0000282c    0000003c     libclang_rt.builtins.a : floatsisf.S.obj (.text.__floatsisf)
                  00002868    0000003c                            : comparesf2.S.obj (.text.__gtsf2)
                  000028a4    0000003c     libc.a : autoinit.c.obj (.text:__TI_auto_init_nobinit_nopinit)
                  000028e0    0000003a     libclang_rt.builtins.a : comparesf2.S.obj (.text.__eqsf2)
                  0000291a    00000002     --HOLE-- [fill = 0]
                  0000291c    0000003a                            : muldsi3.S.obj (.text.__muldsi3)
                  00002956    00000002     --HOLE-- [fill = 0]
                  00002958    00000038                            : fixsfsi.S.obj (.text.__fixsfsi)
                  00002990    00000030     driverlib.a : dl_i2c.o (.text.DL_I2C_flushControllerRXFIFO)
                  000029c0    00000030                 : dl_uart.o (.text.DL_UART_transmitDataBlocking)
                  000029f0    00000030     ti_msp_dl_config.o (.text.SYSCFG_DL_SYSCTL_init)
                  00002a20    00000030     libc.a : snprintf.c.obj (.text._outs)
                  00002a50    00000028     libclang_rt.builtins.a : floatunsisf.S.obj (.text.__floatunsisf)
                  00002a78    00000028     libc.a : boot_cortex_m.c.obj (.text:_c_int00_noargs)
                  00002aa0    00000026     driverlib.a : dl_i2c.o (.text.DL_I2C_setClockConfig)
                  00002ac6    00000002     --HOLE-- [fill = 0]
                  00002ac8    00000024     libclang_rt.builtins.a : muldi3.S.obj (.text.__muldi3)
                  00002aec    00000022     libc.a : memccpy.c.obj (.text.memccpy)
                  00002b0e    00000002     --HOLE-- [fill = 0]
                  00002b10    0000001e     libclang_rt.builtins.a : ashldi3.S.obj (.text.__ashldi3)
                  00002b2e    00000018     ti_msp_dl_config.o (.text.SYSCFG_DL_init)
                  00002b46    00000018     libc.a : snprintf.c.obj (.text._outc)
                  00002b5e    00000016            : copy_zero_init.c.obj (.text:decompress:ZI:__TI_zero_init_nomemset)
                  00002b74    00000014     libclang_rt.builtins.a : aeabi_uldivmod.S.obj (.text.__aeabi_uldivmod)
                  00002b88    00000012     driverlib.a : dl_uart.o (.text.DL_UART_setClockConfig)
                  00002b9a    00000012     libc.a : copy_decompress_none.c.obj (.text:decompress:none)
                  00002bac    00000010     empty.o (.text.SysTick_Handler)
                  00002bbc    00000010     libc.a : wcslen.c.obj (.text.wcslen)
                  00002bcc    0000000e     libclang_rt.builtins.a : aeabi_memset.S.obj (.text.__aeabi_memset)
                  00002bda    0000000e     libc.a : _printfi.c.obj (.text.strlen)
                  00002be8    0000000a     driverlib.a : dl_common.o (.text.DL_Common_delayCycles)
                  00002bf2    00000002     --HOLE-- [fill = 0]
                  00002bf4    00000008     libc.a : aeabi_portable.c.obj (.text.__aeabi_errno_addr)
                  00002bfc    00000008     libclang_rt.builtins.a : aeabi_memcpy.S.obj (.text.__aeabi_memcpy)
                  00002c04    00000006     libc.a : s_atanf.c.obj (.text.OUTLINED_FUNCTION_0)
                  00002c0a    00000002     --HOLE-- [fill = 0]
                  00002c0c    00000010     libclang_rt.builtins.a : divsf3.S.obj (.tramp.__aeabi_fdiv.1)
                  00002c1c    00000006     libc.a : exit.c.obj (.text:abort)
                  00002c22    00000004     libsysbm.a : hostexit.c.obj (.text.HOSTexit)
                  00002c26    00000004     libc.a : s_atanf.c.obj (.text.OUTLINED_FUNCTION_1)
                  00002c2a    00000002     --HOLE-- [fill = 0]
                  00002c2c    00000010     libclang_rt.builtins.a : addsf3.S.obj (.tramp.__aeabi_fadd.1)
                  00002c3c    00000004     startup_mspm0g350x_ticlang.o (.text.Reset_Handler)
                  00002c40    00000004     libc.a : pre_init.c.obj (.text._system_pre_init)
                  00002c44    00000004     --HOLE-- [fill = 0]

.cinit     0    00002e40    00000030     
                  00002e40    0000000c     (__TI_handler_table)
                  00002e4c    00000008     (.cinit..bss.load) [load image, compression = zero_init]
                  00002e54    00000007     (.cinit..data.load) [load image, compression = lzss]
                  00002e5b    00000001     --HOLE-- [fill = 0]
                  00002e5c    00000010     (__TI_cinit_table)
                  00002e6c    00000004     --HOLE-- [fill = 0]

.rodata    0    00002c50    000001f0     
                  00002c50    00000101     libc.a : aeabi_ctype.S.obj (.rodata:__aeabi_ctype_table_)
                  00002d51    00000066     empty.o (.rodata.str1.9517790425240694019.1)
                  00002db7    00000035     empty.o (.rodata.str1.254342170260855183.1)
                  00002dec    00000020     libc.a : s_atanf.c.obj (.rodata.cst16)
                  00002e0c    00000011            : _printfi.c.obj (.rodata.str1.10348868589481759720.1)
                  00002e1d    00000011            : _printfi.c.obj (.rodata.str1.15363888844622738466.1)
                  00002e2e    0000000a     ti_msp_dl_config.o (.rodata.gUART_0Config)
                  00002e38    00000002     ti_msp_dl_config.o (.rodata.gI2CClockConfig)
                  00002e3a    00000002     ti_msp_dl_config.o (.rodata.gUART_0ClockConfig)
                  00002e3c    00000004     --HOLE-- [fill = 0]

.init_array 
*          0    00000000    00000000     UNINITIALIZED

.binit     0    00000000    00000000     

.bss       0    20200000    000000d1     UNINITIALIZED
                  20200000    0000000e     (.common:gMpuRaw)
                  2020000e    00000002     (.common:gAccelX)
                  20200010    00000004     empty.o (.bss.sAccelXmgFilt)
                  20200014    00000004     empty.o (.bss.sAccelYmgFilt)
                  20200018    00000004     empty.o (.bss.sAccelZmgFilt)
                  2020001c    00000004     empty.o (.bss.sGyroXBiasRaw)
                  20200020    00000004     empty.o (.bss.sGyroYBiasRaw)
                  20200024    00000004     empty.o (.bss.sGyroZBiasRaw)
                  20200028    00000004     empty.o (.bss.sPitchDeg)
                  2020002c    00000004     empty.o (.bss.sPrevGyroZRateDps)
                  20200030    00000004     empty.o (.bss.sRollDeg)
                  20200034    00000004     empty.o (.bss.sYawDeg)
                  20200038    00000004     (.common:gAccelMagnitudeSq)
                  2020003c    00000004     (.common:gAccelPitchCdeg)
                  20200040    00000004     (.common:gAccelPitchDeg)
                  20200044    00000004     (.common:gAccelRollCdeg)
                  20200048    00000004     (.common:gAccelRollDeg)
                  2020004c    00000004     (.common:gAccelTotalMg)
                  20200050    00000004     (.common:gAccelTotalRaw)
                  20200054    00000004     (.common:gAccelXmg)
                  20200058    00000004     (.common:gAccelYmg)
                  2020005c    00000004     (.common:gAccelZmg)
                  20200060    00000004     (.common:gCalibrationSamplesDone)
                  20200064    00000004     (.common:gGyroXBiasRaw)
                  20200068    00000004     (.common:gGyroXCdps)
                  2020006c    00000004     (.common:gGyroXdps)
                  20200070    00000004     (.common:gGyroYBiasRaw)
                  20200074    00000004     (.common:gGyroYCdps)
                  20200078    00000004     (.common:gGyroYdps)
                  2020007c    00000004     (.common:gGyroZBiasRaw)
                  20200080    00000004     (.common:gGyroZCdps)
                  20200084    00000004     (.common:gGyroZdps)
                  20200088    00000004     (.common:gI2cError)
                  2020008c    00000004     (.common:gLastDtMs)
                  20200090    00000004     (.common:gLoopCount)
                  20200094    00000004     (.common:gMillis)
                  20200098    00000004     (.common:gPitchCdeg)
                  2020009c    00000004     (.common:gPitchDeg)
                  202000a0    00000004     (.common:gReadFailCount)
                  202000a4    00000004     (.common:gReadOkCount)
                  202000a8    00000004     (.common:gRollCdeg)
                  202000ac    00000004     (.common:gRollDeg)
                  202000b0    00000004     (.common:gTempCentiC)
                  202000b4    00000004     (.common:gYawCdeg)
                  202000b8    00000004     (.common:gYawDeg)
                  202000bc    00000002     (.common:gAccelY)
                  202000be    00000002     (.common:gAccelZ)
                  202000c0    00000002     (.common:gGyroX)
                  202000c2    00000002     (.common:gGyroY)
                  202000c4    00000002     (.common:gGyroZ)
                  202000c6    00000002     (.common:gTempRaw)
                  202000c8    00000001     empty.o (.bss.sYawRateValid)
                  202000c9    00000001     (.common:gAccelConfig)
                  202000ca    00000001     (.common:gGyroConfig)
                  202000cb    00000001     (.common:gImuCalibrating)
                  202000cc    00000001     (.common:gImuStill)
                  202000cd    00000001     (.common:gLastReadOk)
                  202000ce    00000001     (.common:gMpu6050ConfigOk)
                  202000cf    00000001     (.common:gMpu6050Online)
                  202000d0    00000001     (.common:gWhoAmI)

.data      0    202000d4    00000004     UNINITIALIZED
                  202000d4    00000004     libc.a : aeabi_portable.c.obj (.data.__aeabi_errno)

.stack     0    20207e00    00000200     UNINITIALIZED
                  20207e00    00000004     libc.a : boot_cortex_m.c.obj (.stack)
                  20207e04    000001fc     --HOLE--

__llvm_prf_cnts 
*          0    20200000    00000000     UNINITIALIZED

__llvm_prf_bits 
*          0    20200000    00000000     UNINITIALIZED

MODULE SUMMARY

       Module                         code    ro data   rw data
       ------                         ----    -------   -------
    .\
       empty.o                        4980    155       209    
       ti_msp_dl_config.o             424     14        0      
       startup_mspm0g350x_ticlang.o   6       192       0      
    +--+------------------------------+-------+---------+---------+
       Total:                         5410    361       209    
                                                               
    C:/TI/mspm0_sdk_2_11_00_07/source/ti/driverlib/lib/ticlang/m0p/mspm0g1x0x_g3x0x/driverlib.a
       dl_i2c.o                       240     0         0      
       dl_uart.o                      138     0         0      
       dl_common.o                    10      0         0      
    +--+------------------------------+-------+---------+---------+
       Total:                         388     0         0      
                                                               
    E:\ccs\tools\compiler\ti-cgt-armllvm_4.0.4.LTS\lib\armv6m-ti-none-eabi/c/libc.a
       _printfi.c.obj                 2166    34        0      
       s_atanf.c.obj                  466     32        0      
       e_atan2f.c.obj                 280     0         0      
       aeabi_ctype.S.obj              0       257       0      
       e_sqrtf.c.obj                  160     0         0      
       memcpy16.S.obj                 154     0         0      
       snprintf.c.obj                 148     0         0      
       copy_decompress_lzss.c.obj     124     0         0      
       memset16.S.obj                 98      0         0      
       atoi.c.obj                     64      0         0      
       autoinit.c.obj                 60      0         0      
       boot_cortex_m.c.obj            40      0         0      
       memccpy.c.obj                  34      0         0      
       copy_zero_init.c.obj           22      0         0      
       copy_decompress_none.c.obj     18      0         0      
       wcslen.c.obj                   16      0         0      
       aeabi_portable.c.obj           8       0         4      
       exit.c.obj                     6       0         0      
       pre_init.c.obj                 4       0         0      
    +--+------------------------------+-------+---------+---------+
       Total:                         3868    323       4      
                                                               
    E:\ccs\tools\compiler\ti-cgt-armllvm_4.0.4.LTS\lib\armv6m-ti-none-eabi/c/libsysbm.a
       hostexit.c.obj                 4       0         0      
    +--+------------------------------+-------+---------+---------+
       Total:                         4       0         0      
                                                               
    E:\ccs\tools\compiler\ti-cgt-armllvm_4.0.4.LTS\lib\armv6m-ti-none-eabi/libclang_rt.builtins.a
       addsf3.S.obj                   232     0         0      
       udivmoddi4.S.obj               162     0         0      
       divsf3.S.obj                   146     0         0      
       mulsf3.S.obj                   140     0         0      
       comparesf2.S.obj               118     0         0      
       aeabi_fcmp.S.obj               98      0         0      
       aeabi_idivmod.S.obj            86      0         0      
       floatdisf.S.obj                78      0         0      
       aeabi_uidivmod.S.obj           64      0         0      
       floatsisf.S.obj                60      0         0      
       muldsi3.S.obj                  58      0         0      
       fixsfsi.S.obj                  56      0         0      
       floatunsisf.S.obj              40      0         0      
       muldi3.S.obj                   36      0         0      
       ashldi3.S.obj                  30      0         0      
       aeabi_uldivmod.S.obj           20      0         0      
       aeabi_memset.S.obj             14      0         0      
       aeabi_memcpy.S.obj             8       0         0      
       aeabi_div0.c.obj               4       0         0      
    +--+------------------------------+-------+---------+---------+
       Total:                         1450    0         0      
                                                               
       Stack:                         0       0         512    
       Linker Generated:              0       43        0      
    +--+------------------------------+-------+---------+---------+
       Grand Total:                   11120   727       725    


LINKER GENERATED COPY TABLES

__TI_cinit_table @ 00002e5c records: 2, size/record: 8, table size: 16
	.bss: load addr=00002e4c, load size=00000008 bytes, run addr=20200000, run size=000000d1 bytes, compression=zero_init
	.data: load addr=00002e54, load size=00000007 bytes, run addr=202000d4, run size=00000004 bytes, compression=lzss


LINKER GENERATED HANDLER TABLE

__TI_handler_table @ 00002e40 records: 3, size/record: 4, table size: 12
	index: 0, handler: __TI_decompress_lzss
	index: 1, handler: __TI_decompress_none
	index: 2, handler: __TI_zero_init


FAR CALL TRAMPOLINES

callee name               trampoline name
   callee addr  tramp addr   call addr  call info
--------------  -----------  ---------  ----------------
__aeabi_fdiv              $Tramp$TT$L$PI$$__aeabi_fdiv
   000022b1     00002c0c     00002c08   libc.a : s_atanf.c.obj (.text.OUTLINED_FUNCTION_0)
__aeabi_fadd              $Tramp$TT$L$PI$$__aeabi_fadd
   00001eab     00002c2c     00002c28   libc.a : s_atanf.c.obj (.text.OUTLINED_FUNCTION_1)

[2 trampolines]
[2 trampoline calls]


GLOBAL SYMBOLS: SORTED ALPHABETICALLY BY Name 

address   name                          
-------   ----                          
000020e7  ADC0_IRQHandler               
000020e7  ADC1_IRQHandler               
000020e7  AES_IRQHandler                
00002c22  C$$EXIT                       
000020e7  CANFD0_IRQHandler             
000020e7  DAC0_IRQHandler               
00002be9  DL_Common_delayCycles         
000024f5  DL_I2C_fillControllerTXFIFO   
00002991  DL_I2C_flushControllerRXFIFO  
000027f1  DL_I2C_flushControllerTXFIFO  
00002aa1  DL_I2C_setClockConfig         
000026e9  DL_UART_init                  
00002b89  DL_UART_setClockConfig        
000029c1  DL_UART_transmitDataBlocking  
000020e7  DMA_IRQHandler                
000020e7  Default_Handler               
000020e7  GROUP0_IRQHandler             
000020e7  GROUP1_IRQHandler             
00002c23  HOSTexit                      
000020e7  HardFault_Handler             
000020e7  I2C0_IRQHandler               
000020e7  I2C1_IRQHandler               
000020e7  NMI_Handler                   
000020e7  PendSV_Handler                
000020e7  RTC_IRQHandler                
00002c3d  Reset_Handler                 
000020e7  SPI0_IRQHandler               
000020e7  SPI1_IRQHandler               
000020e7  SVC_Handler                   
00002651  SYSCFG_DL_GPIO_init           
000025ad  SYSCFG_DL_I2C_init            
000029f1  SYSCFG_DL_SYSCTL_init         
00002335  SYSCFG_DL_UART_0_init         
00002b2f  SYSCFG_DL_init                
00002731  SYSCFG_DL_initPower           
00002bad  SysTick_Handler               
000020e7  TIMA0_IRQHandler              
000020e7  TIMA1_IRQHandler              
000020e7  TIMG0_IRQHandler              
000020e7  TIMG12_IRQHandler             
000020e7  TIMG6_IRQHandler              
000020e7  TIMG7_IRQHandler              
000020e7  TIMG8_IRQHandler              
000020e7  UART0_IRQHandler              
000020e7  UART1_IRQHandler              
000020e7  UART2_IRQHandler              
000020e7  UART3_IRQHandler              
20208000  __STACK_END                   
00000200  __STACK_SIZE                  
00000000  __TI_ATRegion0_region_sz      
00000000  __TI_ATRegion0_src_addr       
00000000  __TI_ATRegion0_trg_addr       
00000000  __TI_ATRegion1_region_sz      
00000000  __TI_ATRegion1_src_addr       
00000000  __TI_ATRegion1_trg_addr       
00000000  __TI_ATRegion2_region_sz      
00000000  __TI_ATRegion2_src_addr       
00000000  __TI_ATRegion2_trg_addr       
00002e5c  __TI_CINIT_Base               
00002e6c  __TI_CINIT_Limit              
00002e6c  __TI_CINIT_Warm               
00002e40  __TI_Handler_Table_Base       
00002e4c  __TI_Handler_Table_Limit      
000028a5  __TI_auto_init_nobinit_nopinit
000023b5  __TI_decompress_lzss          
00002b9b  __TI_decompress_none          
ffffffff  __TI_pprof_out_hndl           
00000cf9  __TI_printfi_nofloat          
ffffffff  __TI_prof_data_size           
ffffffff  __TI_prof_data_start          
00000000  __TI_static_base__            
00002b5f  __TI_zero_init_nomemset       
00001eab  __addsf3                      
00002c50  __aeabi_ctype_table_          
00002c50  __aeabi_ctype_table_C         
202000d4  __aeabi_errno                 
00002bf5  __aeabi_errno_addr            
00002959  __aeabi_f2iz                  
00001eab  __aeabi_fadd                  
00002431  __aeabi_fcmpeq                
0000246d  __aeabi_fcmpge                
00002481  __aeabi_fcmpgt                
00002459  __aeabi_fcmple                
00002445  __aeabi_fcmplt                
000022b1  __aeabi_fdiv                  
00002225  __aeabi_fmul                  
00001ea1  __aeabi_fsub                  
0000282d  __aeabi_i2f                   
00002555  __aeabi_idiv                  
00002223  __aeabi_idiv0                 
00002555  __aeabi_idivmod               
00002601  __aeabi_l2f                   
00002333  __aeabi_ldiv0                 
00002b11  __aeabi_llsl                  
00002ac9  __aeabi_lmul                  
00002bfd  __aeabi_memcpy                
00002bfd  __aeabi_memcpy4               
00002bfd  __aeabi_memcpy8               
00002bcd  __aeabi_memset                
00002bcd  __aeabi_memset4               
00002bcd  __aeabi_memset8               
00002a51  __aeabi_ui2f                  
00002771  __aeabi_uidiv                 
00002771  __aeabi_uidivmod              
00002b75  __aeabi_uldivmod              
00002b11  __ashldi3                     
ffffffff  __binit__                     
000028e1  __cmpsf2                      
000022b1  __divsf3                      
000028e1  __eqsf2                       
00002959  __fixsfsi                     
00002601  __floatdisf                   
0000282d  __floatsisf                   
00002a51  __floatunsisf                 
00002869  __gesf2                       
00002869  __gtsf2                       
000028e1  __lesf2                       
000028e1  __ltsf2                       
UNDEFED   __mpu_init                    
00002ac9  __muldi3                      
0000291d  __muldsi3                     
00002225  __mulsf3                      
000028e1  __nesf2                       
20207e00  __stack                       
20200000  __start___llvm_prf_bits       
20200000  __start___llvm_prf_cnts       
20200000  __stop___llvm_prf_bits        
20200000  __stop___llvm_prf_cnts        
00001ea1  __subsf3                      
00002045  __udivmoddi4                  
00002a79  _c_int00_noargs               
UNDEFED   _system_post_cinit            
00002c41  _system_pre_init              
00002c1d  abort                         
00001d89  atan2f                        
00001a35  atanf                         
000027b1  atoi                          
ffffffff  binit                         
202000c9  gAccelConfig                  
20200038  gAccelMagnitudeSq             
2020003c  gAccelPitchCdeg               
20200040  gAccelPitchDeg                
20200044  gAccelRollCdeg                
20200048  gAccelRollDeg                 
2020004c  gAccelTotalMg                 
20200050  gAccelTotalRaw                
2020000e  gAccelX                       
20200054  gAccelXmg                     
202000bc  gAccelY                       
20200058  gAccelYmg                     
202000be  gAccelZ                       
2020005c  gAccelZmg                     
20200060  gCalibrationSamplesDone       
202000ca  gGyroConfig                   
202000c0  gGyroX                        
20200064  gGyroXBiasRaw                 
20200068  gGyroXCdps                    
2020006c  gGyroXdps                     
202000c2  gGyroY                        
20200070  gGyroYBiasRaw                 
20200074  gGyroYCdps                    
20200078  gGyroYdps                     
202000c4  gGyroZ                        
2020007c  gGyroZBiasRaw                 
20200080  gGyroZCdps                    
20200084  gGyroZdps                     
20200088  gI2cError                     
202000cb  gImuCalibrating               
202000cc  gImuStill                     
2020008c  gLastDtMs                     
202000cd  gLastReadOk                   
20200090  gLoopCount                    
20200094  gMillis                       
202000ce  gMpu6050ConfigOk              
202000cf  gMpu6050Online                
20200000  gMpuRaw                       
20200098  gPitchCdeg                    
2020009c  gPitchDeg                     
202000a0  gReadFailCount                
202000a4  gReadOkCount                  
202000a8  gRollCdeg                     
202000ac  gRollDeg                      
202000b0  gTempCentiC                   
202000c6  gTempRaw                      
202000d0  gWhoAmI                       
202000b4  gYawCdeg                      
202000b8  gYawDeg                       
00000000  interruptVectors              
000000c1  main                          
00002aed  memccpy                       
00002189  memcpy                        
00002493  memset                        
0000269d  snprintf                      
000020e9  sqrtf                         
00002bbd  wcslen                        


GLOBAL SYMBOLS: SORTED BY Symbol Address 

address   name                          
-------   ----                          
00000000  __TI_ATRegion0_region_sz      
00000000  __TI_ATRegion0_src_addr       
00000000  __TI_ATRegion0_trg_addr       
00000000  __TI_ATRegion1_region_sz      
00000000  __TI_ATRegion1_src_addr       
00000000  __TI_ATRegion1_trg_addr       
00000000  __TI_ATRegion2_region_sz      
00000000  __TI_ATRegion2_src_addr       
00000000  __TI_ATRegion2_trg_addr       
00000000  __TI_static_base__            
00000000  interruptVectors              
000000c1  main                          
00000200  __STACK_SIZE                  
00000cf9  __TI_printfi_nofloat          
00001a35  atanf                         
00001d89  atan2f                        
00001ea1  __aeabi_fsub                  
00001ea1  __subsf3                      
00001eab  __addsf3                      
00001eab  __aeabi_fadd                  
00002045  __udivmoddi4                  
000020e7  ADC0_IRQHandler               
000020e7  ADC1_IRQHandler               
000020e7  AES_IRQHandler                
000020e7  CANFD0_IRQHandler             
000020e7  DAC0_IRQHandler               
000020e7  DMA_IRQHandler                
000020e7  Default_Handler               
000020e7  GROUP0_IRQHandler             
000020e7  GROUP1_IRQHandler             
000020e7  HardFault_Handler             
000020e7  I2C0_IRQHandler               
000020e7  I2C1_IRQHandler               
000020e7  NMI_Handler                   
000020e7  PendSV_Handler                
000020e7  RTC_IRQHandler                
000020e7  SPI0_IRQHandler               
000020e7  SPI1_IRQHandler               
000020e7  SVC_Handler                   
000020e7  TIMA0_IRQHandler              
000020e7  TIMA1_IRQHandler              
000020e7  TIMG0_IRQHandler              
000020e7  TIMG12_IRQHandler             
000020e7  TIMG6_IRQHandler              
000020e7  TIMG7_IRQHandler              
000020e7  TIMG8_IRQHandler              
000020e7  UART0_IRQHandler              
000020e7  UART1_IRQHandler              
000020e7  UART2_IRQHandler              
000020e7  UART3_IRQHandler              
000020e9  sqrtf                         
00002189  memcpy                        
00002223  __aeabi_idiv0                 
00002225  __aeabi_fmul                  
00002225  __mulsf3                      
000022b1  __aeabi_fdiv                  
000022b1  __divsf3                      
00002333  __aeabi_ldiv0                 
00002335  SYSCFG_DL_UART_0_init         
000023b5  __TI_decompress_lzss          
00002431  __aeabi_fcmpeq                
00002445  __aeabi_fcmplt                
00002459  __aeabi_fcmple                
0000246d  __aeabi_fcmpge                
00002481  __aeabi_fcmpgt                
00002493  memset                        
000024f5  DL_I2C_fillControllerTXFIFO   
00002555  __aeabi_idiv                  
00002555  __aeabi_idivmod               
000025ad  SYSCFG_DL_I2C_init            
00002601  __aeabi_l2f                   
00002601  __floatdisf                   
00002651  SYSCFG_DL_GPIO_init           
0000269d  snprintf                      
000026e9  DL_UART_init                  
00002731  SYSCFG_DL_initPower           
00002771  __aeabi_uidiv                 
00002771  __aeabi_uidivmod              
000027b1  atoi                          
000027f1  DL_I2C_flushControllerTXFIFO  
0000282d  __aeabi_i2f                   
0000282d  __floatsisf                   
00002869  __gesf2                       
00002869  __gtsf2                       
000028a5  __TI_auto_init_nobinit_nopinit
000028e1  __cmpsf2                      
000028e1  __eqsf2                       
000028e1  __lesf2                       
000028e1  __ltsf2                       
000028e1  __nesf2                       
0000291d  __muldsi3                     
00002959  __aeabi_f2iz                  
00002959  __fixsfsi                     
00002991  DL_I2C_flushControllerRXFIFO  
000029c1  DL_UART_transmitDataBlocking  
000029f1  SYSCFG_DL_SYSCTL_init         
00002a51  __aeabi_ui2f                  
00002a51  __floatunsisf                 
00002a79  _c_int00_noargs               
00002aa1  DL_I2C_setClockConfig         
00002ac9  __aeabi_lmul                  
00002ac9  __muldi3                      
00002aed  memccpy                       
00002b11  __aeabi_llsl                  
00002b11  __ashldi3                     
00002b2f  SYSCFG_DL_init                
00002b5f  __TI_zero_init_nomemset       
00002b75  __aeabi_uldivmod              
00002b89  DL_UART_setClockConfig        
00002b9b  __TI_decompress_none          
00002bad  SysTick_Handler               
00002bbd  wcslen                        
00002bcd  __aeabi_memset                
00002bcd  __aeabi_memset4               
00002bcd  __aeabi_memset8               
00002be9  DL_Common_delayCycles         
00002bf5  __aeabi_errno_addr            
00002bfd  __aeabi_memcpy                
00002bfd  __aeabi_memcpy4               
00002bfd  __aeabi_memcpy8               
00002c1d  abort                         
00002c22  C$$EXIT                       
00002c23  HOSTexit                      
00002c3d  Reset_Handler                 
00002c41  _system_pre_init              
00002c50  __aeabi_ctype_table_          
00002c50  __aeabi_ctype_table_C         
00002e40  __TI_Handler_Table_Base       
00002e4c  __TI_Handler_Table_Limit      
00002e5c  __TI_CINIT_Base               
00002e6c  __TI_CINIT_Limit              
00002e6c  __TI_CINIT_Warm               
20200000  __start___llvm_prf_bits       
20200000  __start___llvm_prf_cnts       
20200000  __stop___llvm_prf_bits        
20200000  __stop___llvm_prf_cnts        
20200000  gMpuRaw                       
2020000e  gAccelX                       
20200038  gAccelMagnitudeSq             
2020003c  gAccelPitchCdeg               
20200040  gAccelPitchDeg                
20200044  gAccelRollCdeg                
20200048  gAccelRollDeg                 
2020004c  gAccelTotalMg                 
20200050  gAccelTotalRaw                
20200054  gAccelXmg                     
20200058  gAccelYmg                     
2020005c  gAccelZmg                     
20200060  gCalibrationSamplesDone       
20200064  gGyroXBiasRaw                 
20200068  gGyroXCdps                    
2020006c  gGyroXdps                     
20200070  gGyroYBiasRaw                 
20200074  gGyroYCdps                    
20200078  gGyroYdps                     
2020007c  gGyroZBiasRaw                 
20200080  gGyroZCdps                    
20200084  gGyroZdps                     
20200088  gI2cError                     
2020008c  gLastDtMs                     
20200090  gLoopCount                    
20200094  gMillis                       
20200098  gPitchCdeg                    
2020009c  gPitchDeg                     
202000a0  gReadFailCount                
202000a4  gReadOkCount                  
202000a8  gRollCdeg                     
202000ac  gRollDeg                      
202000b0  gTempCentiC                   
202000b4  gYawCdeg                      
202000b8  gYawDeg                       
202000bc  gAccelY                       
202000be  gAccelZ                       
202000c0  gGyroX                        
202000c2  gGyroY                        
202000c4  gGyroZ                        
202000c6  gTempRaw                      
202000c9  gAccelConfig                  
202000ca  gGyroConfig                   
202000cb  gImuCalibrating               
202000cc  gImuStill                     
202000cd  gLastReadOk                   
202000ce  gMpu6050ConfigOk              
202000cf  gMpu6050Online                
202000d0  gWhoAmI                       
202000d4  __aeabi_errno                 
20207e00  __stack                       
20208000  __STACK_END                   
ffffffff  __TI_pprof_out_hndl           
ffffffff  __TI_prof_data_size           
ffffffff  __TI_prof_data_start          
ffffffff  __binit__                     
ffffffff  binit                         
UNDEFED   __mpu_init                    
UNDEFED   _system_post_cinit            

[195 symbols]
