<?xml version="1.0" encoding="ISO-8859-1" ?>
<link_info>
   <banner>TI ARM Clang Linker PC v4.0.4.LTS</banner>
   <copyright>Copyright (c) 1996-2018 Texas Instruments Incorporated</copyright>
   <command_line>E:\ccs\tools\compiler\ti-cgt-armllvm_4.0.4.LTS\bin\tiarmlnk -IE:\ccs\tools\compiler\ti-cgt-armllvm_4.0.4.LTS\lib -o MPU6050.out -mMPU6050.map -iC:/TI/mspm0_sdk_2_11_00_07/source -iC:/Users/l/workspace_ccstheia/MPU6050 -iC:/Users/l/workspace_ccstheia/MPU6050/Debug/syscfg -iE:/ccs/tools/compiler/ti-cgt-armllvm_4.0.4.LTS/lib --diag_wrap=off --display_error_number --warn_sections --xml_link_info=MPU6050_linkInfo.xml --rom_model ./empty.o ./ti_msp_dl_config.o ./startup_mspm0g350x_ticlang.o -l./device_linker.cmd -ldevice.cmd.genlibs -llibc.a --start-group -llibc++.a -llibc++abi.a -llibc.a -llibsys.a -llibsysbm.a -llibclang_rt.builtins.a -llibclang_rt.profile.a --end-group --cg_opt_level=2</command_line>
   <link_time>0x6a61d35d</link_time>
   <link_errors>0x0</link_errors>
   <output_file>C:\Users\l\workspace_ccstheia\MPU6050\Debug\MPU6050.out</output_file>
   <entry_point>
      <name>_c_int00_noargs</name>
      <address>0x2705</address>
   </entry_point>
   <input_file_list>
      <input_file id="fl-1">
         <path>C:\Users\l\workspace_ccstheia\MPU6050\Debug\.\</path>
         <kind>object</kind>
         <file>empty.o</file>
         <name>empty.o</name>
      </input_file>
      <input_file id="fl-2">
         <path>C:\Users\l\workspace_ccstheia\MPU6050\Debug\.\</path>
         <kind>object</kind>
         <file>ti_msp_dl_config.o</file>
         <name>ti_msp_dl_config.o</name>
      </input_file>
      <input_file id="fl-3">
         <path>C:\Users\l\workspace_ccstheia\MPU6050\Debug\.\</path>
         <kind>object</kind>
         <file>startup_mspm0g350x_ticlang.o</file>
         <name>startup_mspm0g350x_ticlang.o</name>
      </input_file>
      <input_file id="fl-10">
         <path>C:\Users\l\workspace_ccstheia\MPU6050\Debug\</path>
         <kind>object</kind>
         <file>&lt;internal&gt;</file>
         <name>&lt;internal&gt;</name>
      </input_file>
      <input_file id="fl-11">
         <path>C:\TI\mspm0_sdk_2_11_00_07\source\ti\driverlib\lib\ticlang\m0p\mspm0g1x0x_g3x0x\</path>
         <kind>archive</kind>
         <file>driverlib.a</file>
         <name>dl_common.o</name>
      </input_file>
      <input_file id="fl-12">
         <path>C:\TI\mspm0_sdk_2_11_00_07\source\ti\driverlib\lib\ticlang\m0p\mspm0g1x0x_g3x0x\</path>
         <kind>archive</kind>
         <file>driverlib.a</file>
         <name>dl_i2c.o</name>
      </input_file>
      <input_file id="fl-13">
         <path>C:\TI\mspm0_sdk_2_11_00_07\source\ti\driverlib\lib\ticlang\m0p\mspm0g1x0x_g3x0x\</path>
         <kind>archive</kind>
         <file>driverlib.a</file>
         <name>dl_uart.o</name>
      </input_file>
      <input_file id="fl-2a">
         <path>E:\ccs\tools\compiler\ti-cgt-armllvm_4.0.4.LTS\lib\armv6m-ti-none-eabi\c\</path>
         <kind>archive</kind>
         <file>libc.a</file>
         <name>e_atan2f.c.obj</name>
      </input_file>
      <input_file id="fl-2b">
         <path>E:\ccs\tools\compiler\ti-cgt-armllvm_4.0.4.LTS\lib\armv6m-ti-none-eabi\c\</path>
         <kind>archive</kind>
         <file>libc.a</file>
         <name>e_sqrtf.c.obj</name>
      </input_file>
      <input_file id="fl-2c">
         <path>E:\ccs\tools\compiler\ti-cgt-armllvm_4.0.4.LTS\lib\armv6m-ti-none-eabi\c\</path>
         <kind>archive</kind>
         <file>libc.a</file>
         <name>s_atanf.c.obj</name>
      </input_file>
      <input_file id="fl-2d">
         <path>E:\ccs\tools\compiler\ti-cgt-armllvm_4.0.4.LTS\lib\armv6m-ti-none-eabi\c\</path>
         <kind>archive</kind>
         <file>libc.a</file>
         <name>snprintf.c.obj</name>
      </input_file>
      <input_file id="fl-2e">
         <path>E:\ccs\tools\compiler\ti-cgt-armllvm_4.0.4.LTS\lib\armv6m-ti-none-eabi\c\</path>
         <kind>archive</kind>
         <file>libc.a</file>
         <name>aeabi_portable.c.obj</name>
      </input_file>
      <input_file id="fl-2f">
         <path>E:\ccs\tools\compiler\ti-cgt-armllvm_4.0.4.LTS\lib\armv6m-ti-none-eabi\c\</path>
         <kind>archive</kind>
         <file>libc.a</file>
         <name>assert.c.obj</name>
      </input_file>
      <input_file id="fl-30">
         <path>E:\ccs\tools\compiler\ti-cgt-armllvm_4.0.4.LTS\lib\armv6m-ti-none-eabi\c\</path>
         <kind>archive</kind>
         <file>libc.a</file>
         <name>defs.c.obj</name>
      </input_file>
      <input_file id="fl-31">
         <path>E:\ccs\tools\compiler\ti-cgt-armllvm_4.0.4.LTS\lib\armv6m-ti-none-eabi\c\</path>
         <kind>archive</kind>
         <file>libc.a</file>
         <name>memory.c.obj</name>
      </input_file>
      <input_file id="fl-32">
         <path>E:\ccs\tools\compiler\ti-cgt-armllvm_4.0.4.LTS\lib\armv6m-ti-none-eabi\c\</path>
         <kind>archive</kind>
         <file>libc.a</file>
         <name>boot_cortex_m.c.obj</name>
      </input_file>
      <input_file id="fl-33">
         <path>E:\ccs\tools\compiler\ti-cgt-armllvm_4.0.4.LTS\lib\armv6m-ti-none-eabi\c\</path>
         <kind>archive</kind>
         <file>libc.a</file>
         <name>mathacl_init.c.obj</name>
      </input_file>
      <input_file id="fl-34">
         <path>E:\ccs\tools\compiler\ti-cgt-armllvm_4.0.4.LTS\lib\armv6m-ti-none-eabi\c\</path>
         <kind>archive</kind>
         <file>libc.a</file>
         <name>autoinit.c.obj</name>
      </input_file>
      <input_file id="fl-35">
         <path>E:\ccs\tools\compiler\ti-cgt-armllvm_4.0.4.LTS\lib\armv6m-ti-none-eabi\c\</path>
         <kind>archive</kind>
         <file>libc.a</file>
         <name>pre_init.c.obj</name>
      </input_file>
      <input_file id="fl-36">
         <path>E:\ccs\tools\compiler\ti-cgt-armllvm_4.0.4.LTS\lib\armv6m-ti-none-eabi\c\</path>
         <kind>archive</kind>
         <file>libc.a</file>
         <name>cpy_tbl.c.obj</name>
      </input_file>
      <input_file id="fl-37">
         <path>E:\ccs\tools\compiler\ti-cgt-armllvm_4.0.4.LTS\lib\armv6m-ti-none-eabi\c\</path>
         <kind>archive</kind>
         <file>libc.a</file>
         <name>copy_zero_init.c.obj</name>
      </input_file>
      <input_file id="fl-38">
         <path>E:\ccs\tools\compiler\ti-cgt-armllvm_4.0.4.LTS\lib\armv6m-ti-none-eabi\c\</path>
         <kind>archive</kind>
         <file>libc.a</file>
         <name>copy_decompress_none.c.obj</name>
      </input_file>
      <input_file id="fl-39">
         <path>E:\ccs\tools\compiler\ti-cgt-armllvm_4.0.4.LTS\lib\armv6m-ti-none-eabi\c\</path>
         <kind>archive</kind>
         <file>libc.a</file>
         <name>copy_decompress_lzss.c.obj</name>
      </input_file>
      <input_file id="fl-3a">
         <path>E:\ccs\tools\compiler\ti-cgt-armllvm_4.0.4.LTS\lib\armv6m-ti-none-eabi\c\</path>
         <kind>archive</kind>
         <file>libc.a</file>
         <name>_printfi.c.obj</name>
      </input_file>
      <input_file id="fl-3b">
         <path>E:\ccs\tools\compiler\ti-cgt-armllvm_4.0.4.LTS\lib\armv6m-ti-none-eabi\c\</path>
         <kind>archive</kind>
         <file>libc.a</file>
         <name>sprintf.c.obj</name>
      </input_file>
      <input_file id="fl-3c">
         <path>E:\ccs\tools\compiler\ti-cgt-armllvm_4.0.4.LTS\lib\armv6m-ti-none-eabi\c\</path>
         <kind>archive</kind>
         <file>libc.a</file>
         <name>fflush.c.obj</name>
      </input_file>
      <input_file id="fl-3d">
         <path>E:\ccs\tools\compiler\ti-cgt-armllvm_4.0.4.LTS\lib\armv6m-ti-none-eabi\c\</path>
         <kind>archive</kind>
         <file>libc.a</file>
         <name>fputs.c.obj</name>
      </input_file>
      <input_file id="fl-3e">
         <path>E:\ccs\tools\compiler\ti-cgt-armllvm_4.0.4.LTS\lib\armv6m-ti-none-eabi\c\</path>
         <kind>archive</kind>
         <file>libc.a</file>
         <name>_io_perm.c.obj</name>
      </input_file>
      <input_file id="fl-3f">
         <path>E:\ccs\tools\compiler\ti-cgt-armllvm_4.0.4.LTS\lib\armv6m-ti-none-eabi\c\</path>
         <kind>archive</kind>
         <file>libc.a</file>
         <name>setvbuf.c.obj</name>
      </input_file>
      <input_file id="fl-40">
         <path>E:\ccs\tools\compiler\ti-cgt-armllvm_4.0.4.LTS\lib\armv6m-ti-none-eabi\c\</path>
         <kind>archive</kind>
         <file>libc.a</file>
         <name>exit.c.obj</name>
      </input_file>
      <input_file id="fl-41">
         <path>E:\ccs\tools\compiler\ti-cgt-armllvm_4.0.4.LTS\lib\armv6m-ti-none-eabi\c\</path>
         <kind>archive</kind>
         <file>libc.a</file>
         <name>_lock.c.obj</name>
      </input_file>
      <input_file id="fl-42">
         <path>E:\ccs\tools\compiler\ti-cgt-armllvm_4.0.4.LTS\lib\armv6m-ti-none-eabi\c\</path>
         <kind>archive</kind>
         <file>libc.a</file>
         <name>_ltoa.c.obj</name>
      </input_file>
      <input_file id="fl-43">
         <path>E:\ccs\tools\compiler\ti-cgt-armllvm_4.0.4.LTS\lib\armv6m-ti-none-eabi\c\</path>
         <kind>archive</kind>
         <file>libc.a</file>
         <name>args_main.c.obj</name>
      </input_file>
      <input_file id="fl-44">
         <path>E:\ccs\tools\compiler\ti-cgt-armllvm_4.0.4.LTS\lib\armv6m-ti-none-eabi\c\</path>
         <kind>archive</kind>
         <file>libc.a</file>
         <name>atoi.c.obj</name>
      </input_file>
      <input_file id="fl-45">
         <path>E:\ccs\tools\compiler\ti-cgt-armllvm_4.0.4.LTS\lib\armv6m-ti-none-eabi\c\</path>
         <kind>archive</kind>
         <file>libc.a</file>
         <name>memccpy.c.obj</name>
      </input_file>
      <input_file id="fl-46">
         <path>E:\ccs\tools\compiler\ti-cgt-armllvm_4.0.4.LTS\lib\armv6m-ti-none-eabi\c\</path>
         <kind>archive</kind>
         <file>libc.a</file>
         <name>s_frexp.c.obj</name>
      </input_file>
      <input_file id="fl-47">
         <path>E:\ccs\tools\compiler\ti-cgt-armllvm_4.0.4.LTS\lib\armv6m-ti-none-eabi\c\</path>
         <kind>archive</kind>
         <file>libc.a</file>
         <name>s_scalbn.c.obj</name>
      </input_file>
      <input_file id="fl-48">
         <path>E:\ccs\tools\compiler\ti-cgt-armllvm_4.0.4.LTS\lib\armv6m-ti-none-eabi\c\</path>
         <kind>archive</kind>
         <file>libc.a</file>
         <name>wcslen.c.obj</name>
      </input_file>
      <input_file id="fl-49">
         <path>E:\ccs\tools\compiler\ti-cgt-armllvm_4.0.4.LTS\lib\armv6m-ti-none-eabi\c\</path>
         <kind>archive</kind>
         <file>libc.a</file>
         <name>fopen.c.obj</name>
      </input_file>
      <input_file id="fl-4a">
         <path>E:\ccs\tools\compiler\ti-cgt-armllvm_4.0.4.LTS\lib\armv6m-ti-none-eabi\c\</path>
         <kind>archive</kind>
         <file>libc.a</file>
         <name>fseek.c.obj</name>
      </input_file>
      <input_file id="fl-4b">
         <path>E:\ccs\tools\compiler\ti-cgt-armllvm_4.0.4.LTS\lib\armv6m-ti-none-eabi\c\</path>
         <kind>archive</kind>
         <file>libc.a</file>
         <name>aeabi_ctype.S.obj</name>
      </input_file>
      <input_file id="fl-4c">
         <path>E:\ccs\tools\compiler\ti-cgt-armllvm_4.0.4.LTS\lib\armv6m-ti-none-eabi\c\</path>
         <kind>archive</kind>
         <file>libc.a</file>
         <name>fclose.c.obj</name>
      </input_file>
      <input_file id="fl-ec">
         <path>E:\ccs\tools\compiler\ti-cgt-armllvm_4.0.4.LTS\lib\armv6m-ti-none-eabi\c\</path>
         <kind>archive</kind>
         <file>libsysbm.a</file>
         <name>hostexit.c.obj</name>
      </input_file>
      <input_file id="fl-ed">
         <path>E:\ccs\tools\compiler\ti-cgt-armllvm_4.0.4.LTS\lib\armv6m-ti-none-eabi\c\</path>
         <kind>archive</kind>
         <file>libsysbm.a</file>
         <name>write.c.obj</name>
      </input_file>
      <input_file id="fl-ee">
         <path>E:\ccs\tools\compiler\ti-cgt-armllvm_4.0.4.LTS\lib\armv6m-ti-none-eabi\c\</path>
         <kind>archive</kind>
         <file>libsysbm.a</file>
         <name>host_device.c.obj</name>
      </input_file>
      <input_file id="fl-ef">
         <path>E:\ccs\tools\compiler\ti-cgt-armllvm_4.0.4.LTS\lib\armv6m-ti-none-eabi\c\</path>
         <kind>archive</kind>
         <file>libsysbm.a</file>
         <name>remove.c.obj</name>
      </input_file>
      <input_file id="fl-f0">
         <path>E:\ccs\tools\compiler\ti-cgt-armllvm_4.0.4.LTS\lib\armv6m-ti-none-eabi\c\</path>
         <kind>archive</kind>
         <file>libsysbm.a</file>
         <name>open.c.obj</name>
      </input_file>
      <input_file id="fl-f1">
         <path>E:\ccs\tools\compiler\ti-cgt-armllvm_4.0.4.LTS\lib\armv6m-ti-none-eabi\c\</path>
         <kind>archive</kind>
         <file>libsysbm.a</file>
         <name>lseek.c.obj</name>
      </input_file>
      <input_file id="fl-f2">
         <path>E:\ccs\tools\compiler\ti-cgt-armllvm_4.0.4.LTS\lib\armv6m-ti-none-eabi\c\</path>
         <kind>archive</kind>
         <file>libsysbm.a</file>
         <name>close.c.obj</name>
      </input_file>
      <input_file id="fl-f3">
         <path>E:\ccs\tools\compiler\ti-cgt-armllvm_4.0.4.LTS\lib\armv6m-ti-none-eabi\c\</path>
         <kind>archive</kind>
         <file>libsysbm.a</file>
         <name>unlink.c.obj</name>
      </input_file>
      <input_file id="fl-f4">
         <path>E:\ccs\tools\compiler\ti-cgt-armllvm_4.0.4.LTS\lib\armv6m-ti-none-eabi\c\</path>
         <kind>archive</kind>
         <file>libsysbm.a</file>
         <name>hostclose.c.obj</name>
      </input_file>
      <input_file id="fl-f5">
         <path>E:\ccs\tools\compiler\ti-cgt-armllvm_4.0.4.LTS\lib\armv6m-ti-none-eabi\c\</path>
         <kind>archive</kind>
         <file>libsysbm.a</file>
         <name>hostlseek.c.obj</name>
      </input_file>
      <input_file id="fl-f6">
         <path>E:\ccs\tools\compiler\ti-cgt-armllvm_4.0.4.LTS\lib\armv6m-ti-none-eabi\c\</path>
         <kind>archive</kind>
         <file>libsysbm.a</file>
         <name>hostopen.c.obj</name>
      </input_file>
      <input_file id="fl-f7">
         <path>E:\ccs\tools\compiler\ti-cgt-armllvm_4.0.4.LTS\lib\armv6m-ti-none-eabi\c\</path>
         <kind>archive</kind>
         <file>libsysbm.a</file>
         <name>hostread.c.obj</name>
      </input_file>
      <input_file id="fl-f8">
         <path>E:\ccs\tools\compiler\ti-cgt-armllvm_4.0.4.LTS\lib\armv6m-ti-none-eabi\c\</path>
         <kind>archive</kind>
         <file>libsysbm.a</file>
         <name>hostrename.c.obj</name>
      </input_file>
      <input_file id="fl-f9">
         <path>E:\ccs\tools\compiler\ti-cgt-armllvm_4.0.4.LTS\lib\armv6m-ti-none-eabi\c\</path>
         <kind>archive</kind>
         <file>libsysbm.a</file>
         <name>hostunlink.c.obj</name>
      </input_file>
      <input_file id="fl-fa">
         <path>E:\ccs\tools\compiler\ti-cgt-armllvm_4.0.4.LTS\lib\armv6m-ti-none-eabi\c\</path>
         <kind>archive</kind>
         <file>libsysbm.a</file>
         <name>hostwrite.c.obj</name>
      </input_file>
      <input_file id="fl-fb">
         <path>E:\ccs\tools\compiler\ti-cgt-armllvm_4.0.4.LTS\lib\armv6m-ti-none-eabi\c\</path>
         <kind>archive</kind>
         <file>libsysbm.a</file>
         <name>trgmsg.c.obj</name>
      </input_file>
      <input_file id="fl-fc">
         <path>E:\ccs\tools\compiler\ti-cgt-armllvm_4.0.4.LTS\lib\armv6m-ti-none-eabi\</path>
         <kind>archive</kind>
         <file>libclang_rt.builtins.a</file>
         <name>addsf3.S.obj</name>
      </input_file>
      <input_file id="fl-fd">
         <path>E:\ccs\tools\compiler\ti-cgt-armllvm_4.0.4.LTS\lib\armv6m-ti-none-eabi\</path>
         <kind>archive</kind>
         <file>libclang_rt.builtins.a</file>
         <name>adddf3.S.obj</name>
      </input_file>
      <input_file id="fl-fe">
         <path>E:\ccs\tools\compiler\ti-cgt-armllvm_4.0.4.LTS\lib\armv6m-ti-none-eabi\</path>
         <kind>archive</kind>
         <file>libclang_rt.builtins.a</file>
         <name>muldf3.S.obj</name>
      </input_file>
      <input_file id="fl-ff">
         <path>E:\ccs\tools\compiler\ti-cgt-armllvm_4.0.4.LTS\lib\armv6m-ti-none-eabi\</path>
         <kind>archive</kind>
         <file>libclang_rt.builtins.a</file>
         <name>muldsi3.S.obj</name>
      </input_file>
      <input_file id="fl-100">
         <path>E:\ccs\tools\compiler\ti-cgt-armllvm_4.0.4.LTS\lib\armv6m-ti-none-eabi\</path>
         <kind>archive</kind>
         <file>libclang_rt.builtins.a</file>
         <name>mulsf3.S.obj</name>
      </input_file>
      <input_file id="fl-101">
         <path>E:\ccs\tools\compiler\ti-cgt-armllvm_4.0.4.LTS\lib\armv6m-ti-none-eabi\</path>
         <kind>archive</kind>
         <file>libclang_rt.builtins.a</file>
         <name>divsf3.S.obj</name>
      </input_file>
      <input_file id="fl-102">
         <path>E:\ccs\tools\compiler\ti-cgt-armllvm_4.0.4.LTS\lib\armv6m-ti-none-eabi\</path>
         <kind>archive</kind>
         <file>libclang_rt.builtins.a</file>
         <name>divdf3.S.obj</name>
      </input_file>
      <input_file id="fl-103">
         <path>E:\ccs\tools\compiler\ti-cgt-armllvm_4.0.4.LTS\lib\armv6m-ti-none-eabi\</path>
         <kind>archive</kind>
         <file>libclang_rt.builtins.a</file>
         <name>fixdfsi.S.obj</name>
      </input_file>
      <input_file id="fl-104">
         <path>E:\ccs\tools\compiler\ti-cgt-armllvm_4.0.4.LTS\lib\armv6m-ti-none-eabi\</path>
         <kind>archive</kind>
         <file>libclang_rt.builtins.a</file>
         <name>fixsfsi.S.obj</name>
      </input_file>
      <input_file id="fl-105">
         <path>E:\ccs\tools\compiler\ti-cgt-armllvm_4.0.4.LTS\lib\armv6m-ti-none-eabi\</path>
         <kind>archive</kind>
         <file>libclang_rt.builtins.a</file>
         <name>floatdisf.S.obj</name>
      </input_file>
      <input_file id="fl-106">
         <path>E:\ccs\tools\compiler\ti-cgt-armllvm_4.0.4.LTS\lib\armv6m-ti-none-eabi\</path>
         <kind>archive</kind>
         <file>libclang_rt.builtins.a</file>
         <name>floatsidf.S.obj</name>
      </input_file>
      <input_file id="fl-107">
         <path>E:\ccs\tools\compiler\ti-cgt-armllvm_4.0.4.LTS\lib\armv6m-ti-none-eabi\</path>
         <kind>archive</kind>
         <file>libclang_rt.builtins.a</file>
         <name>floatsisf.S.obj</name>
      </input_file>
      <input_file id="fl-108">
         <path>E:\ccs\tools\compiler\ti-cgt-armllvm_4.0.4.LTS\lib\armv6m-ti-none-eabi\</path>
         <kind>archive</kind>
         <file>libclang_rt.builtins.a</file>
         <name>muldi3.S.obj</name>
      </input_file>
      <input_file id="fl-109">
         <path>E:\ccs\tools\compiler\ti-cgt-armllvm_4.0.4.LTS\lib\armv6m-ti-none-eabi\</path>
         <kind>archive</kind>
         <file>libclang_rt.builtins.a</file>
         <name>aeabi_dcmp.S.obj</name>
      </input_file>
      <input_file id="fl-10a">
         <path>E:\ccs\tools\compiler\ti-cgt-armllvm_4.0.4.LTS\lib\armv6m-ti-none-eabi\</path>
         <kind>archive</kind>
         <file>libclang_rt.builtins.a</file>
         <name>aeabi_fcmp.S.obj</name>
      </input_file>
      <input_file id="fl-10b">
         <path>E:\ccs\tools\compiler\ti-cgt-armllvm_4.0.4.LTS\lib\armv6m-ti-none-eabi\</path>
         <kind>archive</kind>
         <file>libclang_rt.builtins.a</file>
         <name>aeabi_idivmod.S.obj</name>
      </input_file>
      <input_file id="fl-10c">
         <path>E:\ccs\tools\compiler\ti-cgt-armllvm_4.0.4.LTS\lib\armv6m-ti-none-eabi\</path>
         <kind>archive</kind>
         <file>libclang_rt.builtins.a</file>
         <name>aeabi_memcpy.S.obj</name>
      </input_file>
      <input_file id="fl-10d">
         <path>E:\ccs\tools\compiler\ti-cgt-armllvm_4.0.4.LTS\lib\armv6m-ti-none-eabi\</path>
         <kind>archive</kind>
         <file>libclang_rt.builtins.a</file>
         <name>aeabi_memset.S.obj</name>
      </input_file>
      <input_file id="fl-10e">
         <path>E:\ccs\tools\compiler\ti-cgt-armllvm_4.0.4.LTS\lib\armv6m-ti-none-eabi\</path>
         <kind>archive</kind>
         <file>libclang_rt.builtins.a</file>
         <name>aeabi_uidivmod.S.obj</name>
      </input_file>
      <input_file id="fl-10f">
         <path>E:\ccs\tools\compiler\ti-cgt-armllvm_4.0.4.LTS\lib\armv6m-ti-none-eabi\</path>
         <kind>archive</kind>
         <file>libclang_rt.builtins.a</file>
         <name>aeabi_uldivmod.S.obj</name>
      </input_file>
      <input_file id="fl-110">
         <path>E:\ccs\tools\compiler\ti-cgt-armllvm_4.0.4.LTS\lib\armv6m-ti-none-eabi\</path>
         <kind>archive</kind>
         <file>libclang_rt.builtins.a</file>
         <name>comparesf2.S.obj</name>
      </input_file>
      <input_file id="fl-111">
         <path>E:\ccs\tools\compiler\ti-cgt-armllvm_4.0.4.LTS\lib\armv6m-ti-none-eabi\</path>
         <kind>archive</kind>
         <file>libclang_rt.builtins.a</file>
         <name>udivmoddi4.S.obj</name>
      </input_file>
      <input_file id="fl-112">
         <path>E:\ccs\tools\compiler\ti-cgt-armllvm_4.0.4.LTS\lib\armv6m-ti-none-eabi\</path>
         <kind>archive</kind>
         <file>libclang_rt.builtins.a</file>
         <name>ashldi3.S.obj</name>
      </input_file>
      <input_file id="fl-113">
         <path>E:\ccs\tools\compiler\ti-cgt-armllvm_4.0.4.LTS\lib\armv6m-ti-none-eabi\</path>
         <kind>archive</kind>
         <file>libclang_rt.builtins.a</file>
         <name>comparedf2.c.obj</name>
      </input_file>
      <input_file id="fl-114">
         <path>E:\ccs\tools\compiler\ti-cgt-armllvm_4.0.4.LTS\lib\armv6m-ti-none-eabi\</path>
         <kind>archive</kind>
         <file>libclang_rt.builtins.a</file>
         <name>aeabi_div0.c.obj</name>
      </input_file>
      <input_file id="fl-115">
         <path>E:\ccs\tools\compiler\ti-cgt-armllvm_4.0.4.LTS\lib\armv6m-ti-none-eabi\c\</path>
         <kind>archive</kind>
         <file>libc.a</file>
         <name>getdevice.c.obj</name>
      </input_file>
      <input_file id="fl-116">
         <path>E:\ccs\tools\compiler\ti-cgt-armllvm_4.0.4.LTS\lib\armv6m-ti-none-eabi\c\</path>
         <kind>archive</kind>
         <file>libc.a</file>
         <name>memcpy16.S.obj</name>
      </input_file>
      <input_file id="fl-117">
         <path>E:\ccs\tools\compiler\ti-cgt-armllvm_4.0.4.LTS\lib\armv6m-ti-none-eabi\c\</path>
         <kind>archive</kind>
         <file>libc.a</file>
         <name>memset16.S.obj</name>
      </input_file>
      <input_file id="fl-118">
         <path>E:\ccs\tools\compiler\ti-cgt-armllvm_4.0.4.LTS\lib\armv6m-ti-none-eabi\c\</path>
         <kind>archive</kind>
         <file>libc.a</file>
         <name>strcmp-armv6m.S.obj</name>
      </input_file>
   </input_file_list>
   <object_component_list>
      <object_component id="oc-18">
         <name>.intvecs</name>
         <load_address>0x0</load_address>
         <readonly>true</readonly>
         <run_address>0x0</run_address>
         <size>0xc0</size>
         <alignment>0x4</alignment>
         <input_file_ref idref="fl-3"/>
      </object_component>
      <object_component id="oc-63">
         <name>.text.main</name>
         <load_address>0xc0</load_address>
         <readonly>true</readonly>
         <executable>true</executable>
         <run_address>0xc0</run_address>
         <size>0x968</size>
         <alignment>0x4</alignment>
         <input_file_ref idref="fl-1"/>
      </object_component>
      <object_component id="oc-17e">
         <name>.text:__TI_printfi_nofloat</name>
         <load_address>0xa28</load_address>
         <readonly>true</readonly>
         <executable>true</executable>
         <run_address>0xa28</run_address>
         <size>0x868</size>
         <alignment>0x4</alignment>
         <input_file_ref idref="fl-3a"/>
      </object_component>
      <object_component id="oc-113">
         <name>.text.mpu6050_read_regs</name>
         <load_address>0x1290</load_address>
         <readonly>true</readonly>
         <executable>true</executable>
         <run_address>0x1290</run_address>
         <size>0x284</size>
         <alignment>0x4</alignment>
         <input_file_ref idref="fl-1"/>
      </object_component>
      <object_component id="oc-8d">
         <name>.text.mpu6050_read_all</name>
         <load_address>0x1514</load_address>
         <readonly>true</readonly>
         <executable>true</executable>
         <run_address>0x1514</run_address>
         <size>0x1d4</size>
         <alignment>0x4</alignment>
         <input_file_ref idref="fl-1"/>
      </object_component>
      <object_component id="oc-124">
         <name>.text.atanf</name>
         <load_address>0x16e8</load_address>
         <readonly>true</readonly>
         <executable>true</executable>
         <run_address>0x16e8</run_address>
         <size>0x1c8</size>
         <alignment>0x4</alignment>
         <input_file_ref idref="fl-2c"/>
      </object_component>
      <object_component id="oc-112">
         <name>.text.mpu6050_write_reg</name>
         <load_address>0x18b0</load_address>
         <readonly>true</readonly>
         <executable>true</executable>
         <run_address>0x18b0</run_address>
         <size>0x18c</size>
         <alignment>0x4</alignment>
         <input_file_ref idref="fl-1"/>
      </object_component>
      <object_component id="oc-9e">
         <name>.text.atan2f</name>
         <load_address>0x1a3c</load_address>
         <readonly>true</readonly>
         <executable>true</executable>
         <run_address>0x1a3c</run_address>
         <size>0x118</size>
         <alignment>0x4</alignment>
         <input_file_ref idref="fl-2a"/>
      </object_component>
      <object_component id="oc-a6">
         <name>.text</name>
         <load_address>0x1b54</load_address>
         <readonly>true</readonly>
         <executable>true</executable>
         <run_address>0x1b54</run_address>
         <size>0xd8</size>
         <alignment>0x4</alignment>
         <input_file_ref idref="fl-fc"/>
      </object_component>
      <object_component id="oc-8c">
         <name>.text.mpu6050_init</name>
         <load_address>0x1c2c</load_address>
         <readonly>true</readonly>
         <executable>true</executable>
         <run_address>0x1c2c</run_address>
         <size>0xcc</size>
         <alignment>0x4</alignment>
         <input_file_ref idref="fl-1"/>
      </object_component>
      <object_component id="oc-1c2">
         <name>.text</name>
         <load_address>0x1cf8</load_address>
         <readonly>true</readonly>
         <executable>true</executable>
         <run_address>0x1cf8</run_address>
         <size>0xa2</size>
         <alignment>0x4</alignment>
         <input_file_ref idref="fl-111"/>
      </object_component>
      <object_component id="oc-33">
         <name>.text.Default_Handler</name>
         <load_address>0x1d9a</load_address>
         <readonly>true</readonly>
         <executable>true</executable>
         <run_address>0x1d9a</run_address>
         <size>0x2</size>
         <alignment>0x2</alignment>
         <input_file_ref idref="fl-3"/>
      </object_component>
      <object_component id="oc-aa">
         <name>.text.sqrtf</name>
         <load_address>0x1d9c</load_address>
         <readonly>true</readonly>
         <executable>true</executable>
         <run_address>0x1d9c</run_address>
         <size>0xa0</size>
         <alignment>0x4</alignment>
         <input_file_ref idref="fl-2b"/>
      </object_component>
      <object_component id="oc-78">
         <name>.text:memcpy</name>
         <load_address>0x1e3c</load_address>
         <readonly>true</readonly>
         <executable>true</executable>
         <run_address>0x1e3c</run_address>
         <size>0x9a</size>
         <alignment>0x1</alignment>
         <input_file_ref idref="fl-116"/>
      </object_component>
      <object_component id="oc-167">
         <name>.text.__aeabi_idiv0</name>
         <load_address>0x1ed6</load_address>
         <readonly>true</readonly>
         <executable>true</executable>
         <run_address>0x1ed6</run_address>
         <size>0x2</size>
         <alignment>0x2</alignment>
         <input_file_ref idref="fl-114"/>
      </object_component>
      <object_component id="oc-a2">
         <name>.text.__mulsf3</name>
         <load_address>0x1ed8</load_address>
         <readonly>true</readonly>
         <executable>true</executable>
         <run_address>0x1ed8</run_address>
         <size>0x8c</size>
         <alignment>0x4</alignment>
         <input_file_ref idref="fl-100"/>
      </object_component>
      <object_component id="oc-92">
         <name>.text.__divsf3</name>
         <load_address>0x1f64</load_address>
         <readonly>true</readonly>
         <executable>true</executable>
         <run_address>0x1f64</run_address>
         <size>0x82</size>
         <alignment>0x4</alignment>
         <input_file_ref idref="fl-101"/>
      </object_component>
      <object_component id="oc-1f6">
         <name>.text.__aeabi_ldiv0</name>
         <load_address>0x1fe6</load_address>
         <readonly>true</readonly>
         <executable>true</executable>
         <run_address>0x1fe6</run_address>
         <size>0x2</size>
         <alignment>0x2</alignment>
         <input_file_ref idref="fl-114"/>
      </object_component>
      <object_component id="oc-10a">
         <name>.text.SYSCFG_DL_UART_0_init</name>
         <load_address>0x1fe8</load_address>
         <readonly>true</readonly>
         <executable>true</executable>
         <run_address>0x1fe8</run_address>
         <size>0x80</size>
         <alignment>0x4</alignment>
         <input_file_ref idref="fl-2"/>
      </object_component>
      <object_component id="oc-1c">
         <name>.text:decompress:lzss</name>
         <load_address>0x2068</load_address>
         <readonly>true</readonly>
         <executable>true</executable>
         <run_address>0x2068</run_address>
         <size>0x7c</size>
         <alignment>0x4</alignment>
         <input_file_ref idref="fl-39"/>
      </object_component>
      <object_component id="oc-ae">
         <name>.text.__aeabi_fcmp</name>
         <load_address>0x20e4</load_address>
         <readonly>true</readonly>
         <executable>true</executable>
         <run_address>0x20e4</run_address>
         <size>0x62</size>
         <alignment>0x4</alignment>
         <input_file_ref idref="fl-10a"/>
      </object_component>
      <object_component id="oc-104">
         <name>.text:memset</name>
         <load_address>0x2146</load_address>
         <readonly>true</readonly>
         <executable>true</executable>
         <run_address>0x2146</run_address>
         <size>0x62</size>
         <alignment>0x1</alignment>
         <input_file_ref idref="fl-117"/>
      </object_component>
      <object_component id="oc-165">
         <name>.text.DL_I2C_fillControllerTXFIFO</name>
         <load_address>0x21a8</load_address>
         <readonly>true</readonly>
         <executable>true</executable>
         <run_address>0x21a8</run_address>
         <size>0x5e</size>
         <alignment>0x2</alignment>
         <input_file_ref idref="fl-12"/>
      </object_component>
      <object_component id="oc-118">
         <name>.text.__aeabi_idivmod</name>
         <load_address>0x2208</load_address>
         <readonly>true</readonly>
         <executable>true</executable>
         <run_address>0x2208</run_address>
         <size>0x56</size>
         <alignment>0x4</alignment>
         <input_file_ref idref="fl-10b"/>
      </object_component>
      <object_component id="oc-109">
         <name>.text.SYSCFG_DL_I2C_init</name>
         <load_address>0x2260</load_address>
         <readonly>true</readonly>
         <executable>true</executable>
         <run_address>0x2260</run_address>
         <size>0x54</size>
         <alignment>0x4</alignment>
         <input_file_ref idref="fl-2"/>
      </object_component>
      <object_component id="oc-8e">
         <name>.text.__floatdisf</name>
         <load_address>0x22b4</load_address>
         <readonly>true</readonly>
         <executable>true</executable>
         <run_address>0x22b4</run_address>
         <size>0x4e</size>
         <alignment>0x4</alignment>
         <input_file_ref idref="fl-105"/>
      </object_component>
      <object_component id="oc-106">
         <name>.text.SYSCFG_DL_GPIO_init</name>
         <load_address>0x2304</load_address>
         <readonly>true</readonly>
         <executable>true</executable>
         <run_address>0x2304</run_address>
         <size>0x4c</size>
         <alignment>0x4</alignment>
         <input_file_ref idref="fl-2"/>
      </object_component>
      <object_component id="oc-d3">
         <name>.text.snprintf</name>
         <load_address>0x2350</load_address>
         <readonly>true</readonly>
         <executable>true</executable>
         <run_address>0x2350</run_address>
         <size>0x4c</size>
         <alignment>0x4</alignment>
         <input_file_ref idref="fl-2d"/>
      </object_component>
      <object_component id="oc-160">
         <name>.text.DL_UART_init</name>
         <load_address>0x239c</load_address>
         <readonly>true</readonly>
         <executable>true</executable>
         <run_address>0x239c</run_address>
         <size>0x48</size>
         <alignment>0x4</alignment>
         <input_file_ref idref="fl-13"/>
      </object_component>
      <object_component id="oc-105">
         <name>.text.SYSCFG_DL_initPower</name>
         <load_address>0x23e4</load_address>
         <readonly>true</readonly>
         <executable>true</executable>
         <run_address>0x23e4</run_address>
         <size>0x40</size>
         <alignment>0x4</alignment>
         <input_file_ref idref="fl-2"/>
      </object_component>
      <object_component id="oc-197">
         <name>.text.__aeabi_uidivmod</name>
         <load_address>0x2424</load_address>
         <readonly>true</readonly>
         <executable>true</executable>
         <run_address>0x2424</run_address>
         <size>0x40</size>
         <alignment>0x4</alignment>
         <input_file_ref idref="fl-10e"/>
      </object_component>
      <object_component id="oc-19d">
         <name>.text.atoi</name>
         <load_address>0x2464</load_address>
         <readonly>true</readonly>
         <executable>true</executable>
         <run_address>0x2464</run_address>
         <size>0x40</size>
         <alignment>0x4</alignment>
         <input_file_ref idref="fl-44"/>
      </object_component>
      <object_component id="oc-163">
         <name>.text.DL_I2C_flushControllerTXFIFO</name>
         <load_address>0x24a4</load_address>
         <readonly>true</readonly>
         <executable>true</executable>
         <run_address>0x24a4</run_address>
         <size>0x3c</size>
         <alignment>0x4</alignment>
         <input_file_ref idref="fl-12"/>
      </object_component>
      <object_component id="oc-9a">
         <name>.text.__floatsisf</name>
         <load_address>0x24e0</load_address>
         <readonly>true</readonly>
         <executable>true</executable>
         <run_address>0x24e0</run_address>
         <size>0x3c</size>
         <alignment>0x4</alignment>
         <input_file_ref idref="fl-107"/>
      </object_component>
      <object_component id="oc-140">
         <name>.text.__gtsf2</name>
         <load_address>0x251c</load_address>
         <readonly>true</readonly>
         <executable>true</executable>
         <run_address>0x251c</run_address>
         <size>0x3c</size>
         <alignment>0x4</alignment>
         <input_file_ref idref="fl-110"/>
      </object_component>
      <object_component id="oc-ec">
         <name>.text:__TI_auto_init_nobinit_nopinit</name>
         <load_address>0x2558</load_address>
         <readonly>true</readonly>
         <executable>true</executable>
         <run_address>0x2558</run_address>
         <size>0x3c</size>
         <alignment>0x4</alignment>
         <input_file_ref idref="fl-34"/>
      </object_component>
      <object_component id="oc-13b">
         <name>.text.__eqsf2</name>
         <load_address>0x2594</load_address>
         <readonly>true</readonly>
         <executable>true</executable>
         <run_address>0x2594</run_address>
         <size>0x3a</size>
         <alignment>0x4</alignment>
         <input_file_ref idref="fl-110"/>
      </object_component>
      <object_component id="oc-12d">
         <name>.text.__muldsi3</name>
         <load_address>0x25d0</load_address>
         <readonly>true</readonly>
         <executable>true</executable>
         <run_address>0x25d0</run_address>
         <size>0x3a</size>
         <alignment>0x4</alignment>
         <input_file_ref idref="fl-ff"/>
      </object_component>
      <object_component id="oc-96">
         <name>.text.__fixsfsi</name>
         <load_address>0x260c</load_address>
         <readonly>true</readonly>
         <executable>true</executable>
         <run_address>0x260c</run_address>
         <size>0x38</size>
         <alignment>0x4</alignment>
         <input_file_ref idref="fl-104"/>
      </object_component>
      <object_component id="oc-164">
         <name>.text.DL_I2C_flushControllerRXFIFO</name>
         <load_address>0x2644</load_address>
         <readonly>true</readonly>
         <executable>true</executable>
         <run_address>0x2644</run_address>
         <size>0x30</size>
         <alignment>0x4</alignment>
         <input_file_ref idref="fl-12"/>
      </object_component>
      <object_component id="oc-86">
         <name>.text.DL_UART_transmitDataBlocking</name>
         <load_address>0x2674</load_address>
         <readonly>true</readonly>
         <executable>true</executable>
         <run_address>0x2674</run_address>
         <size>0x30</size>
         <alignment>0x4</alignment>
         <input_file_ref idref="fl-13"/>
      </object_component>
      <object_component id="oc-107">
         <name>.text.SYSCFG_DL_SYSCTL_init</name>
         <load_address>0x26a4</load_address>
         <readonly>true</readonly>
         <executable>true</executable>
         <run_address>0x26a4</run_address>
         <size>0x30</size>
         <alignment>0x4</alignment>
         <input_file_ref idref="fl-2"/>
      </object_component>
      <object_component id="oc-143">
         <name>.text._outs</name>
         <load_address>0x26d4</load_address>
         <readonly>true</readonly>
         <executable>true</executable>
         <run_address>0x26d4</run_address>
         <size>0x30</size>
         <alignment>0x2</alignment>
         <input_file_ref idref="fl-2d"/>
      </object_component>
      <object_component id="oc-4f">
         <name>.text:_c_int00_noargs</name>
         <load_address>0x2704</load_address>
         <readonly>true</readonly>
         <executable>true</executable>
         <run_address>0x2704</run_address>
         <size>0x28</size>
         <alignment>0x4</alignment>
         <input_file_ref idref="fl-32"/>
      </object_component>
      <object_component id="oc-158">
         <name>.text.DL_I2C_setClockConfig</name>
         <load_address>0x272c</load_address>
         <readonly>true</readonly>
         <executable>true</executable>
         <run_address>0x272c</run_address>
         <size>0x26</size>
         <alignment>0x2</alignment>
         <input_file_ref idref="fl-12"/>
      </object_component>
      <object_component id="oc-1a5">
         <name>.text.__muldi3</name>
         <load_address>0x2754</load_address>
         <readonly>true</readonly>
         <executable>true</executable>
         <run_address>0x2754</run_address>
         <size>0x24</size>
         <alignment>0x4</alignment>
         <input_file_ref idref="fl-108"/>
      </object_component>
      <object_component id="oc-192">
         <name>.text.memccpy</name>
         <load_address>0x2778</load_address>
         <readonly>true</readonly>
         <executable>true</executable>
         <run_address>0x2778</run_address>
         <size>0x22</size>
         <alignment>0x2</alignment>
         <input_file_ref idref="fl-45"/>
      </object_component>
      <object_component id="oc-1f7">
         <name>.text.__ashldi3</name>
         <load_address>0x279c</load_address>
         <readonly>true</readonly>
         <executable>true</executable>
         <run_address>0x279c</run_address>
         <size>0x1e</size>
         <alignment>0x4</alignment>
         <input_file_ref idref="fl-112"/>
      </object_component>
      <object_component id="oc-7d">
         <name>.text.SYSCFG_DL_init</name>
         <load_address>0x27ba</load_address>
         <readonly>true</readonly>
         <executable>true</executable>
         <run_address>0x27ba</run_address>
         <size>0x18</size>
         <alignment>0x2</alignment>
         <input_file_ref idref="fl-2"/>
      </object_component>
      <object_component id="oc-144">
         <name>.text._outc</name>
         <load_address>0x27d2</load_address>
         <readonly>true</readonly>
         <executable>true</executable>
         <run_address>0x27d2</run_address>
         <size>0x18</size>
         <alignment>0x2</alignment>
         <input_file_ref idref="fl-2d"/>
      </object_component>
      <object_component id="oc-46">
         <name>.text:decompress:ZI:__TI_zero_init_nomemset</name>
         <load_address>0x27ea</load_address>
         <readonly>true</readonly>
         <executable>true</executable>
         <run_address>0x27ea</run_address>
         <size>0x16</size>
         <alignment>0x2</alignment>
         <input_file_ref idref="fl-37"/>
      </object_component>
      <object_component id="oc-1aa">
         <name>.text.__aeabi_uldivmod</name>
         <load_address>0x2800</load_address>
         <readonly>true</readonly>
         <executable>true</executable>
         <run_address>0x2800</run_address>
         <size>0x14</size>
         <alignment>0x4</alignment>
         <input_file_ref idref="fl-10f"/>
      </object_component>
      <object_component id="oc-15f">
         <name>.text.DL_UART_setClockConfig</name>
         <load_address>0x2814</load_address>
         <readonly>true</readonly>
         <executable>true</executable>
         <run_address>0x2814</run_address>
         <size>0x12</size>
         <alignment>0x2</alignment>
         <input_file_ref idref="fl-13"/>
      </object_component>
      <object_component id="oc-20">
         <name>.text:decompress:none</name>
         <load_address>0x2826</load_address>
         <readonly>true</readonly>
         <executable>true</executable>
         <run_address>0x2826</run_address>
         <size>0x12</size>
         <alignment>0x2</alignment>
         <input_file_ref idref="fl-38"/>
      </object_component>
      <object_component id="oc-1a1">
         <name>.text.wcslen</name>
         <load_address>0x2838</load_address>
         <readonly>true</readonly>
         <executable>true</executable>
         <run_address>0x2838</run_address>
         <size>0x10</size>
         <alignment>0x2</alignment>
         <input_file_ref idref="fl-48"/>
      </object_component>
      <object_component id="oc-191">
         <name>.text.__aeabi_memset</name>
         <load_address>0x2848</load_address>
         <readonly>true</readonly>
         <executable>true</executable>
         <run_address>0x2848</run_address>
         <size>0xe</size>
         <alignment>0x4</alignment>
         <input_file_ref idref="fl-10d"/>
      </object_component>
      <object_component id="oc-190">
         <name>.text.strlen</name>
         <load_address>0x2856</load_address>
         <readonly>true</readonly>
         <executable>true</executable>
         <run_address>0x2856</run_address>
         <size>0xe</size>
         <alignment>0x2</alignment>
         <input_file_ref idref="fl-3a"/>
      </object_component>
      <object_component id="oc-82">
         <name>.text.DL_Common_delayCycles</name>
         <load_address>0x2864</load_address>
         <readonly>true</readonly>
         <executable>true</executable>
         <run_address>0x2864</run_address>
         <size>0xa</size>
         <alignment>0x2</alignment>
         <input_file_ref idref="fl-11"/>
      </object_component>
      <object_component id="oc-133">
         <name>.text.__aeabi_errno_addr</name>
         <load_address>0x2870</load_address>
         <readonly>true</readonly>
         <executable>true</executable>
         <run_address>0x2870</run_address>
         <size>0x8</size>
         <alignment>0x4</alignment>
         <input_file_ref idref="fl-2e"/>
      </object_component>
      <object_component id="oc-3f">
         <name>.text.__aeabi_memcpy</name>
         <load_address>0x2878</load_address>
         <readonly>true</readonly>
         <executable>true</executable>
         <run_address>0x2878</run_address>
         <size>0x8</size>
         <alignment>0x4</alignment>
         <input_file_ref idref="fl-10c"/>
      </object_component>
      <object_component id="oc-16e">
         <name>.text.OUTLINED_FUNCTION_0</name>
         <load_address>0x2880</load_address>
         <readonly>true</readonly>
         <executable>true</executable>
         <run_address>0x2880</run_address>
         <size>0x6</size>
         <alignment>0x2</alignment>
         <input_file_ref idref="fl-2c"/>
      </object_component>
      <object_component id="oc-254">
         <name>.tramp.__aeabi_fdiv.1</name>
         <load_address>0x2888</load_address>
         <readonly>true</readonly>
         <executable>true</executable>
         <run_address>0x2888</run_address>
         <size>0x10</size>
         <alignment>0x4</alignment>
         <input_file_ref idref="fl-101"/>
      </object_component>
      <object_component id="oc-e5">
         <name>.text:abort</name>
         <load_address>0x2898</load_address>
         <readonly>true</readonly>
         <executable>true</executable>
         <run_address>0x2898</run_address>
         <size>0x6</size>
         <alignment>0x2</alignment>
         <input_file_ref idref="fl-40"/>
      </object_component>
      <object_component id="oc-147">
         <name>.text.HOSTexit</name>
         <load_address>0x289e</load_address>
         <readonly>true</readonly>
         <executable>true</executable>
         <run_address>0x289e</run_address>
         <size>0x4</size>
         <alignment>0x2</alignment>
         <input_file_ref idref="fl-ec"/>
      </object_component>
      <object_component id="oc-16d">
         <name>.text.OUTLINED_FUNCTION_1</name>
         <load_address>0x28a2</load_address>
         <readonly>true</readonly>
         <executable>true</executable>
         <run_address>0x28a2</run_address>
         <size>0x4</size>
         <alignment>0x2</alignment>
         <input_file_ref idref="fl-2c"/>
      </object_component>
      <object_component id="oc-255">
         <name>.tramp.__aeabi_fadd.1</name>
         <load_address>0x28a8</load_address>
         <readonly>true</readonly>
         <executable>true</executable>
         <run_address>0x28a8</run_address>
         <size>0x10</size>
         <alignment>0x4</alignment>
         <input_file_ref idref="fl-fc"/>
      </object_component>
      <object_component id="oc-2f">
         <name>.text.Reset_Handler</name>
         <load_address>0x28b8</load_address>
         <readonly>true</readonly>
         <executable>true</executable>
         <run_address>0x28b8</run_address>
         <size>0x4</size>
         <alignment>0x2</alignment>
         <input_file_ref idref="fl-3"/>
      </object_component>
      <object_component id="oc-5f">
         <name>.text._system_pre_init</name>
         <load_address>0x28bc</load_address>
         <readonly>true</readonly>
         <executable>true</executable>
         <run_address>0x28bc</run_address>
         <size>0x4</size>
         <alignment>0x2</alignment>
         <input_file_ref idref="fl-35"/>
      </object_component>
      <object_component id="oc-24e">
         <name>__TI_handler_table</name>
         <load_address>0x2a90</load_address>
         <readonly>true</readonly>
         <run_address>0x2a90</run_address>
         <size>0xc</size>
         <alignment>0x4</alignment>
      </object_component>
      <object_component id="oc-251">
         <name>.cinit..bss.load</name>
         <load_address>0x2a9c</load_address>
         <readonly>true</readonly>
         <run_address>0x2a9c</run_address>
         <size>0x8</size>
         <alignment>0x4</alignment>
      </object_component>
      <object_component id="oc-250">
         <name>.cinit..data.load</name>
         <load_address>0x2aa4</load_address>
         <readonly>true</readonly>
         <run_address>0x2aa4</run_address>
         <size>0x7</size>
         <alignment>0x1</alignment>
      </object_component>
      <object_component id="oc-24f">
         <name>__TI_cinit_table</name>
         <load_address>0x2aac</load_address>
         <readonly>true</readonly>
         <run_address>0x2aac</run_address>
         <size>0x10</size>
         <alignment>0x4</alignment>
      </object_component>
      <object_component id="oc-1ba">
         <name>.rodata:__aeabi_ctype_table_</name>
         <load_address>0x28c0</load_address>
         <readonly>true</readonly>
         <run_address>0x28c0</run_address>
         <size>0x101</size>
         <alignment>0x10</alignment>
         <input_file_ref idref="fl-4b"/>
      </object_component>
      <object_component id="oc-b2">
         <name>.rodata.str1.9517790425240694019.1</name>
         <load_address>0x29c1</load_address>
         <readonly>true</readonly>
         <run_address>0x29c1</run_address>
         <size>0x49</size>
         <alignment>0x1</alignment>
         <input_file_ref idref="fl-1"/>
      </object_component>
      <object_component id="oc-e2">
         <name>.rodata.str1.254342170260855183.1</name>
         <load_address>0x2a0a</load_address>
         <readonly>true</readonly>
         <run_address>0x2a0a</run_address>
         <size>0x29</size>
         <alignment>0x1</alignment>
         <input_file_ref idref="fl-1"/>
      </object_component>
      <object_component id="oc-16f">
         <name>.rodata.cst16</name>
         <load_address>0x2a34</load_address>
         <readonly>true</readonly>
         <run_address>0x2a34</run_address>
         <size>0x20</size>
         <alignment>0x4</alignment>
         <input_file_ref idref="fl-2c"/>
      </object_component>
      <object_component id="oc-1a9">
         <name>.rodata.str1.10348868589481759720.1</name>
         <load_address>0x2a54</load_address>
         <readonly>true</readonly>
         <run_address>0x2a54</run_address>
         <size>0x11</size>
         <alignment>0x1</alignment>
         <input_file_ref idref="fl-3a"/>
      </object_component>
      <object_component id="oc-196">
         <name>.rodata.str1.15363888844622738466.1</name>
         <load_address>0x2a65</load_address>
         <readonly>true</readonly>
         <run_address>0x2a65</run_address>
         <size>0x11</size>
         <alignment>0x1</alignment>
         <input_file_ref idref="fl-3a"/>
      </object_component>
      <object_component id="oc-162">
         <name>.rodata.gUART_0Config</name>
         <load_address>0x2a76</load_address>
         <readonly>true</readonly>
         <run_address>0x2a76</run_address>
         <size>0xa</size>
         <alignment>0x2</alignment>
         <input_file_ref idref="fl-2"/>
      </object_component>
      <object_component id="oc-15e">
         <name>.rodata.gI2CClockConfig</name>
         <load_address>0x2a80</load_address>
         <readonly>true</readonly>
         <run_address>0x2a80</run_address>
         <size>0x2</size>
         <alignment>0x1</alignment>
         <input_file_ref idref="fl-2"/>
      </object_component>
      <object_component id="oc-161">
         <name>.rodata.gUART_0ClockConfig</name>
         <load_address>0x2a82</load_address>
         <readonly>true</readonly>
         <run_address>0x2a82</run_address>
         <size>0x2</size>
         <alignment>0x1</alignment>
         <input_file_ref idref="fl-2"/>
      </object_component>
      <object_component id="oc-216">
         <name>.binit</name>
         <load_address>0x0</load_address>
         <readonly>true</readonly>
         <run_address>0x0</run_address>
         <size>0x0</size>
         <alignment>0x4</alignment>
      </object_component>
      <object_component id="oc-173">
         <name>.data.__aeabi_errno</name>
         <load_address>0x202000ac</load_address>
         <readwrite>true</readwrite>
         <run_address>0x202000ac</run_address>
         <size>0x4</size>
         <alignment>0x4</alignment>
         <input_file_ref idref="fl-2e"/>
      </object_component>
      <object_component id="oc-b9">
         <name>.bss.sGyroXBiasRaw</name>
         <uninitialized>true</uninitialized>
         <readwrite>true</readwrite>
         <run_address>0x2020001c</run_address>
         <size>0x4</size>
         <alignment>0x4</alignment>
         <input_file_ref idref="fl-1"/>
      </object_component>
      <object_component id="oc-ba">
         <name>.bss.sGyroYBiasRaw</name>
         <uninitialized>true</uninitialized>
         <readwrite>true</readwrite>
         <run_address>0x20200020</run_address>
         <size>0x4</size>
         <alignment>0x4</alignment>
         <input_file_ref idref="fl-1"/>
      </object_component>
      <object_component id="oc-bb">
         <name>.bss.sGyroZBiasRaw</name>
         <uninitialized>true</uninitialized>
         <readwrite>true</readwrite>
         <run_address>0x20200024</run_address>
         <size>0x4</size>
         <alignment>0x4</alignment>
         <input_file_ref idref="fl-1"/>
      </object_component>
      <object_component id="oc-c0">
         <name>.bss.sAccelXmgFilt</name>
         <uninitialized>true</uninitialized>
         <readwrite>true</readwrite>
         <run_address>0x20200010</run_address>
         <size>0x4</size>
         <alignment>0x4</alignment>
         <input_file_ref idref="fl-1"/>
      </object_component>
      <object_component id="oc-c2">
         <name>.bss.sAccelYmgFilt</name>
         <uninitialized>true</uninitialized>
         <readwrite>true</readwrite>
         <run_address>0x20200014</run_address>
         <size>0x4</size>
         <alignment>0x4</alignment>
         <input_file_ref idref="fl-1"/>
      </object_component>
      <object_component id="oc-c4">
         <name>.bss.sAccelZmgFilt</name>
         <uninitialized>true</uninitialized>
         <readwrite>true</readwrite>
         <run_address>0x20200018</run_address>
         <size>0x4</size>
         <alignment>0x4</alignment>
         <input_file_ref idref="fl-1"/>
      </object_component>
      <object_component id="oc-c7">
         <name>.bss.sRollDeg</name>
         <uninitialized>true</uninitialized>
         <readwrite>true</readwrite>
         <run_address>0x2020002c</run_address>
         <size>0x4</size>
         <alignment>0x4</alignment>
         <input_file_ref idref="fl-1"/>
      </object_component>
      <object_component id="oc-c8">
         <name>.bss.sPitchDeg</name>
         <uninitialized>true</uninitialized>
         <readwrite>true</readwrite>
         <run_address>0x20200028</run_address>
         <size>0x4</size>
         <alignment>0x4</alignment>
         <input_file_ref idref="fl-1"/>
      </object_component>
      <object_component id="oc-b3">
         <name>.common:gMpu6050Online</name>
         <uninitialized>true</uninitialized>
         <readwrite>true</readwrite>
         <run_address>0x202000aa</run_address>
         <size>0x1</size>
         <alignment>0x1</alignment>
      </object_component>
      <object_component id="oc-b4">
         <name>.common:gImuCalibrating</name>
         <uninitialized>true</uninitialized>
         <readwrite>true</readwrite>
         <run_address>0x202000a6</run_address>
         <size>0x1</size>
         <alignment>0x1</alignment>
      </object_component>
      <object_component id="oc-b5">
         <name>.common:gCalibrationSamplesDone</name>
         <uninitialized>true</uninitialized>
         <readwrite>true</readwrite>
         <run_address>0x20200058</run_address>
         <size>0x4</size>
         <alignment>0x4</alignment>
      </object_component>
      <object_component id="oc-b6">
         <name>.common:gGyroX</name>
         <uninitialized>true</uninitialized>
         <readwrite>true</readwrite>
         <run_address>0x2020009c</run_address>
         <size>0x2</size>
         <alignment>0x2</alignment>
      </object_component>
      <object_component id="oc-b7">
         <name>.common:gGyroY</name>
         <uninitialized>true</uninitialized>
         <readwrite>true</readwrite>
         <run_address>0x2020009e</run_address>
         <size>0x2</size>
         <alignment>0x2</alignment>
      </object_component>
      <object_component id="oc-b8">
         <name>.common:gGyroZ</name>
         <uninitialized>true</uninitialized>
         <readwrite>true</readwrite>
         <run_address>0x202000a0</run_address>
         <size>0x2</size>
         <alignment>0x2</alignment>
      </object_component>
      <object_component id="oc-bc">
         <name>.common:gGyroXBiasRaw</name>
         <uninitialized>true</uninitialized>
         <readwrite>true</readwrite>
         <run_address>0x2020005c</run_address>
         <size>0x4</size>
         <alignment>0x4</alignment>
      </object_component>
      <object_component id="oc-bd">
         <name>.common:gGyroYBiasRaw</name>
         <uninitialized>true</uninitialized>
         <readwrite>true</readwrite>
         <run_address>0x20200064</run_address>
         <size>0x4</size>
         <alignment>0x4</alignment>
      </object_component>
      <object_component id="oc-be">
         <name>.common:gGyroZBiasRaw</name>
         <uninitialized>true</uninitialized>
         <readwrite>true</readwrite>
         <run_address>0x2020006c</run_address>
         <size>0x4</size>
         <alignment>0x4</alignment>
      </object_component>
      <object_component id="oc-bf">
         <name>.common:gAccelXmg</name>
         <uninitialized>true</uninitialized>
         <readwrite>true</readwrite>
         <run_address>0x2020004c</run_address>
         <size>0x4</size>
         <alignment>0x4</alignment>
      </object_component>
      <object_component id="oc-c1">
         <name>.common:gAccelYmg</name>
         <uninitialized>true</uninitialized>
         <readwrite>true</readwrite>
         <run_address>0x20200050</run_address>
         <size>0x4</size>
         <alignment>0x4</alignment>
      </object_component>
      <object_component id="oc-c3">
         <name>.common:gAccelZmg</name>
         <uninitialized>true</uninitialized>
         <readwrite>true</readwrite>
         <run_address>0x20200054</run_address>
         <size>0x4</size>
         <alignment>0x4</alignment>
      </object_component>
      <object_component id="oc-c5">
         <name>.common:gAccelRollDeg</name>
         <uninitialized>true</uninitialized>
         <readwrite>true</readwrite>
         <run_address>0x20200040</run_address>
         <size>0x4</size>
         <alignment>0x4</alignment>
      </object_component>
      <object_component id="oc-c6">
         <name>.common:gAccelPitchDeg</name>
         <uninitialized>true</uninitialized>
         <readwrite>true</readwrite>
         <run_address>0x20200038</run_address>
         <size>0x4</size>
         <alignment>0x4</alignment>
      </object_component>
      <object_component id="oc-c9">
         <name>.common:gRollDeg</name>
         <uninitialized>true</uninitialized>
         <readwrite>true</readwrite>
         <run_address>0x20200090</run_address>
         <size>0x4</size>
         <alignment>0x4</alignment>
      </object_component>
      <object_component id="oc-ca">
         <name>.common:gPitchDeg</name>
         <uninitialized>true</uninitialized>
         <readwrite>true</readwrite>
         <run_address>0x20200080</run_address>
         <size>0x4</size>
         <alignment>0x4</alignment>
      </object_component>
      <object_component id="oc-cb">
         <name>.common:gRollCdeg</name>
         <uninitialized>true</uninitialized>
         <readwrite>true</readwrite>
         <run_address>0x2020008c</run_address>
         <size>0x4</size>
         <alignment>0x4</alignment>
      </object_component>
      <object_component id="oc-cc">
         <name>.common:gPitchCdeg</name>
         <uninitialized>true</uninitialized>
         <readwrite>true</readwrite>
         <run_address>0x2020007c</run_address>
         <size>0x4</size>
         <alignment>0x4</alignment>
      </object_component>
      <object_component id="oc-cd">
         <name>.common:gAccelRollCdeg</name>
         <uninitialized>true</uninitialized>
         <readwrite>true</readwrite>
         <run_address>0x2020003c</run_address>
         <size>0x4</size>
         <alignment>0x4</alignment>
      </object_component>
      <object_component id="oc-ce">
         <name>.common:gAccelPitchCdeg</name>
         <uninitialized>true</uninitialized>
         <readwrite>true</readwrite>
         <run_address>0x20200034</run_address>
         <size>0x4</size>
         <alignment>0x4</alignment>
      </object_component>
      <object_component id="oc-cf">
         <name>.common:gReadFailCount</name>
         <uninitialized>true</uninitialized>
         <readwrite>true</readwrite>
         <run_address>0x20200084</run_address>
         <size>0x4</size>
         <alignment>0x4</alignment>
      </object_component>
      <object_component id="oc-d0">
         <name>.common:gLastReadOk</name>
         <uninitialized>true</uninitialized>
         <readwrite>true</readwrite>
         <run_address>0x202000a8</run_address>
         <size>0x1</size>
         <alignment>0x1</alignment>
      </object_component>
      <object_component id="oc-d1">
         <name>.common:gLoopCount</name>
         <uninitialized>true</uninitialized>
         <readwrite>true</readwrite>
         <run_address>0x20200078</run_address>
         <size>0x4</size>
         <alignment>0x4</alignment>
      </object_component>
      <object_component id="oc-d2">
         <name>.common:gReadOkCount</name>
         <uninitialized>true</uninitialized>
         <readwrite>true</readwrite>
         <run_address>0x20200088</run_address>
         <size>0x4</size>
         <alignment>0x4</alignment>
      </object_component>
      <object_component id="oc-d9">
         <name>.common:gAccelTotalMg</name>
         <uninitialized>true</uninitialized>
         <readwrite>true</readwrite>
         <run_address>0x20200044</run_address>
         <size>0x4</size>
         <alignment>0x4</alignment>
      </object_component>
      <object_component id="oc-da">
         <name>.common:gImuStill</name>
         <uninitialized>true</uninitialized>
         <readwrite>true</readwrite>
         <run_address>0x202000a7</run_address>
         <size>0x1</size>
         <alignment>0x1</alignment>
      </object_component>
      <object_component id="oc-db">
         <name>.common:gGyroXdps</name>
         <uninitialized>true</uninitialized>
         <readwrite>true</readwrite>
         <run_address>0x20200060</run_address>
         <size>0x4</size>
         <alignment>0x4</alignment>
      </object_component>
      <object_component id="oc-dc">
         <name>.common:gGyroYdps</name>
         <uninitialized>true</uninitialized>
         <readwrite>true</readwrite>
         <run_address>0x20200068</run_address>
         <size>0x4</size>
         <alignment>0x4</alignment>
      </object_component>
      <object_component id="oc-dd">
         <name>.common:gGyroZdps</name>
         <uninitialized>true</uninitialized>
         <readwrite>true</readwrite>
         <run_address>0x20200070</run_address>
         <size>0x4</size>
         <alignment>0x4</alignment>
      </object_component>
      <object_component id="oc-de">
         <name>.common:gAccelX</name>
         <uninitialized>true</uninitialized>
         <readwrite>true</readwrite>
         <run_address>0x2020000e</run_address>
         <size>0x2</size>
         <alignment>0x2</alignment>
      </object_component>
      <object_component id="oc-df">
         <name>.common:gAccelY</name>
         <uninitialized>true</uninitialized>
         <readwrite>true</readwrite>
         <run_address>0x20200098</run_address>
         <size>0x2</size>
         <alignment>0x2</alignment>
      </object_component>
      <object_component id="oc-e0">
         <name>.common:gAccelZ</name>
         <uninitialized>true</uninitialized>
         <readwrite>true</readwrite>
         <run_address>0x2020009a</run_address>
         <size>0x2</size>
         <alignment>0x2</alignment>
      </object_component>
      <object_component id="oc-e1">
         <name>.common:gTempRaw</name>
         <uninitialized>true</uninitialized>
         <readwrite>true</readwrite>
         <run_address>0x202000a2</run_address>
         <size>0x2</size>
         <alignment>0x2</alignment>
      </object_component>
      <object_component id="oc-114">
         <name>.common:gWhoAmI</name>
         <uninitialized>true</uninitialized>
         <readwrite>true</readwrite>
         <run_address>0x202000ab</run_address>
         <size>0x1</size>
         <alignment>0x1</alignment>
      </object_component>
      <object_component id="oc-115">
         <name>.common:gAccelConfig</name>
         <uninitialized>true</uninitialized>
         <readwrite>true</readwrite>
         <run_address>0x202000a4</run_address>
         <size>0x1</size>
         <alignment>0x1</alignment>
      </object_component>
      <object_component id="oc-116">
         <name>.common:gGyroConfig</name>
         <uninitialized>true</uninitialized>
         <readwrite>true</readwrite>
         <run_address>0x202000a5</run_address>
         <size>0x1</size>
         <alignment>0x1</alignment>
      </object_component>
      <object_component id="oc-117">
         <name>.common:gMpu6050ConfigOk</name>
         <uninitialized>true</uninitialized>
         <readwrite>true</readwrite>
         <run_address>0x202000a9</run_address>
         <size>0x1</size>
         <alignment>0x1</alignment>
      </object_component>
      <object_component id="oc-11c">
         <name>.common:gMpuRaw</name>
         <uninitialized>true</uninitialized>
         <readwrite>true</readwrite>
         <run_address>0x20200000</run_address>
         <size>0xe</size>
         <alignment>0x1</alignment>
      </object_component>
      <object_component id="oc-11d">
         <name>.common:gTempCentiC</name>
         <uninitialized>true</uninitialized>
         <readwrite>true</readwrite>
         <run_address>0x20200094</run_address>
         <size>0x4</size>
         <alignment>0x4</alignment>
      </object_component>
      <object_component id="oc-11e">
         <name>.common:gAccelMagnitudeSq</name>
         <uninitialized>true</uninitialized>
         <readwrite>true</readwrite>
         <run_address>0x20200030</run_address>
         <size>0x4</size>
         <alignment>0x4</alignment>
      </object_component>
      <object_component id="oc-11f">
         <name>.common:gAccelTotalRaw</name>
         <uninitialized>true</uninitialized>
         <readwrite>true</readwrite>
         <run_address>0x20200048</run_address>
         <size>0x4</size>
         <alignment>0x4</alignment>
      </object_component>
      <object_component id="oc-166">
         <name>.common:gI2cError</name>
         <uninitialized>true</uninitialized>
         <readwrite>true</readwrite>
         <run_address>0x20200074</run_address>
         <size>0x4</size>
         <alignment>0x4</alignment>
      </object_component>
      <object_component id="oc-1a">
         <name>.stack</name>
         <uninitialized>true</uninitialized>
         <readwrite>true</readwrite>
         <run_address>0x20207e00</run_address>
         <size>0x4</size>
         <alignment>0x4</alignment>
         <input_file_ref idref="fl-32"/>
      </object_component>
      <object_component id="oc-253">
         <name>.stack</name>
         <uninitialized>true</uninitialized>
         <readwrite>true</readwrite>
         <run_address>0x20207e00</run_address>
         <size>0x0</size>
         <alignment>0x8</alignment>
      </object_component>
      <object_component id="oc-68">
         <name>.debug_loc</name>
         <load_address>0x0</load_address>
         <run_address>0x0</run_address>
         <size>0x63c</size>
         <alignment>0x1</alignment>
         <input_file_ref idref="fl-1"/>
      </object_component>
      <object_component id="oc-108">
         <name>.debug_loc</name>
         <load_address>0x63c</load_address>
         <run_address>0x63c</run_address>
         <size>0x119</size>
         <alignment>0x1</alignment>
         <input_file_ref idref="fl-2"/>
      </object_component>
      <object_component id="oc-10f">
         <name>.debug_loc</name>
         <load_address>0x755</load_address>
         <run_address>0x755</run_address>
         <size>0x13</size>
         <alignment>0x1</alignment>
         <input_file_ref idref="fl-11"/>
      </object_component>
      <object_component id="oc-159">
         <name>.debug_loc</name>
         <load_address>0x768</load_address>
         <run_address>0x768</run_address>
         <size>0x37a</size>
         <alignment>0x1</alignment>
         <input_file_ref idref="fl-12"/>
      </object_component>
      <object_component id="oc-88">
         <name>.debug_loc</name>
         <load_address>0xae2</load_address>
         <run_address>0xae2</run_address>
         <size>0x7e4</size>
         <alignment>0x1</alignment>
         <input_file_ref idref="fl-13"/>
      </object_component>
      <object_component id="oc-12c">
         <name>.debug_loc</name>
         <load_address>0x12c6</load_address>
         <run_address>0x12c6</run_address>
         <size>0x34b</size>
         <alignment>0x1</alignment>
         <input_file_ref idref="fl-2a"/>
      </object_component>
      <object_component id="oc-13a">
         <name>.debug_loc</name>
         <load_address>0x1611</load_address>
         <run_address>0x1611</run_address>
         <size>0x129</size>
         <alignment>0x1</alignment>
         <input_file_ref idref="fl-2b"/>
      </object_component>
      <object_component id="oc-128">
         <name>.debug_loc</name>
         <load_address>0x173a</load_address>
         <run_address>0x173a</run_address>
         <size>0x12b</size>
         <alignment>0x1</alignment>
         <input_file_ref idref="fl-2c"/>
      </object_component>
      <object_component id="oc-d6">
         <name>.debug_loc</name>
         <load_address>0x1865</load_address>
         <run_address>0x1865</run_address>
         <size>0x193</size>
         <alignment>0x1</alignment>
         <input_file_ref idref="fl-2d"/>
      </object_component>
      <object_component id="oc-176">
         <name>.debug_loc</name>
         <load_address>0x19f8</load_address>
         <run_address>0x19f8</run_address>
         <size>0x101</size>
         <alignment>0x1</alignment>
         <input_file_ref idref="fl-2e"/>
      </object_component>
      <object_component id="oc-3a">
         <name>.debug_loc</name>
         <load_address>0x1af9</load_address>
         <run_address>0x1af9</run_address>
         <size>0xd8</size>
         <alignment>0x1</alignment>
         <input_file_ref idref="fl-32"/>
      </object_component>
      <object_component id="oc-f0">
         <name>.debug_loc</name>
         <load_address>0x1bd1</load_address>
         <run_address>0x1bd1</run_address>
         <size>0x424</size>
         <alignment>0x1</alignment>
         <input_file_ref idref="fl-34"/>
      </object_component>
      <object_component id="oc-4a">
         <name>.debug_loc</name>
         <load_address>0x1ff5</load_address>
         <run_address>0x1ff5</run_address>
         <size>0x16c</size>
         <alignment>0x1</alignment>
         <input_file_ref idref="fl-37"/>
      </object_component>
      <object_component id="oc-45">
         <name>.debug_loc</name>
         <load_address>0x2161</load_address>
         <run_address>0x2161</run_address>
         <size>0x6f</size>
         <alignment>0x1</alignment>
         <input_file_ref idref="fl-38"/>
      </object_component>
      <object_component id="oc-3d">
         <name>.debug_loc</name>
         <load_address>0x21d0</load_address>
         <run_address>0x21d0</run_address>
         <size>0x167</size>
         <alignment>0x1</alignment>
         <input_file_ref idref="fl-39"/>
      </object_component>
      <object_component id="oc-179">
         <name>.debug_loc</name>
         <load_address>0x2337</load_address>
         <run_address>0x2337</run_address>
         <size>0x32d8</size>
         <alignment>0x1</alignment>
         <input_file_ref idref="fl-3a"/>
      </object_component>
      <object_component id="oc-eb">
         <name>.debug_loc</name>
         <load_address>0x560f</load_address>
         <run_address>0x560f</run_address>
         <size>0x26</size>
         <alignment>0x1</alignment>
         <input_file_ref idref="fl-40"/>
      </object_component>
      <object_component id="oc-1bd">
         <name>.debug_loc</name>
         <load_address>0x5635</load_address>
         <run_address>0x5635</run_address>
         <size>0x66</size>
         <alignment>0x1</alignment>
         <input_file_ref idref="fl-44"/>
      </object_component>
      <object_component id="oc-1b8">
         <name>.debug_loc</name>
         <load_address>0x569b</load_address>
         <run_address>0x569b</run_address>
         <size>0xbf</size>
         <alignment>0x1</alignment>
         <input_file_ref idref="fl-45"/>
      </object_component>
      <object_component id="oc-1c0">
         <name>.debug_loc</name>
         <load_address>0x575a</load_address>
         <run_address>0x575a</run_address>
         <size>0x33</size>
         <alignment>0x1</alignment>
         <input_file_ref idref="fl-48"/>
      </object_component>
      <object_component id="oc-18f">
         <name>.debug_loc</name>
         <load_address>0x578d</load_address>
         <run_address>0x578d</run_address>
         <size>0x20</size>
         <alignment>0x1</alignment>
         <input_file_ref idref="fl-114"/>
      </object_component>
      <object_component id="oc-e3">
         <name>.debug_abbrev</name>
         <load_address>0x0</load_address>
         <run_address>0x0</run_address>
         <size>0x2ae</size>
         <alignment>0x1</alignment>
         <input_file_ref idref="fl-1"/>
      </object_component>
      <object_component id="oc-10b">
         <name>.debug_abbrev</name>
         <load_address>0x2ae</load_address>
         <run_address>0x2ae</run_address>
         <size>0x1ba</size>
         <alignment>0x1</alignment>
         <input_file_ref idref="fl-2"/>
      </object_component>
      <object_component id="oc-34">
         <name>.debug_abbrev</name>
         <load_address>0x468</load_address>
         <run_address>0x468</run_address>
         <size>0x6d</size>
         <alignment>0x1</alignment>
         <input_file_ref idref="fl-3"/>
      </object_component>
      <object_component id="oc-10d">
         <name>.debug_abbrev</name>
         <load_address>0x4d5</load_address>
         <run_address>0x4d5</run_address>
         <size>0x62</size>
         <alignment>0x1</alignment>
         <input_file_ref idref="fl-11"/>
      </object_component>
      <object_component id="oc-18b">
         <name>.debug_abbrev</name>
         <load_address>0x537</load_address>
         <run_address>0x537</run_address>
         <size>0x1e7</size>
         <alignment>0x1</alignment>
         <input_file_ref idref="fl-12"/>
      </object_component>
      <object_component id="oc-110">
         <name>.debug_abbrev</name>
         <load_address>0x71e</load_address>
         <run_address>0x71e</run_address>
         <size>0x29b</size>
         <alignment>0x1</alignment>
         <input_file_ref idref="fl-13"/>
      </object_component>
      <object_component id="oc-12a">
         <name>.debug_abbrev</name>
         <load_address>0x9b9</load_address>
         <run_address>0x9b9</run_address>
         <size>0x88</size>
         <alignment>0x1</alignment>
         <input_file_ref idref="fl-2a"/>
      </object_component>
      <object_component id="oc-138">
         <name>.debug_abbrev</name>
         <load_address>0xa41</load_address>
         <run_address>0xa41</run_address>
         <size>0xa4</size>
         <alignment>0x1</alignment>
         <input_file_ref idref="fl-2b"/>
      </object_component>
      <object_component id="oc-170">
         <name>.debug_abbrev</name>
         <load_address>0xae5</load_address>
         <run_address>0xae5</run_address>
         <size>0xe2</size>
         <alignment>0x1</alignment>
         <input_file_ref idref="fl-2c"/>
      </object_component>
      <object_component id="oc-145">
         <name>.debug_abbrev</name>
         <load_address>0xbc7</load_address>
         <run_address>0xbc7</run_address>
         <size>0xf7</size>
         <alignment>0x1</alignment>
         <input_file_ref idref="fl-2d"/>
      </object_component>
      <object_component id="oc-174">
         <name>.debug_abbrev</name>
         <load_address>0xcbe</load_address>
         <run_address>0xcbe</run_address>
         <size>0x148</size>
         <alignment>0x1</alignment>
         <input_file_ref idref="fl-2e"/>
      </object_component>
      <object_component id="oc-36">
         <name>.debug_abbrev</name>
         <load_address>0xe06</load_address>
         <run_address>0xe06</run_address>
         <size>0xaf</size>
         <alignment>0x1</alignment>
         <input_file_ref idref="fl-32"/>
      </object_component>
      <object_component id="oc-151">
         <name>.debug_abbrev</name>
         <load_address>0xeb5</load_address>
         <run_address>0xeb5</run_address>
         <size>0x170</size>
         <alignment>0x1</alignment>
         <input_file_ref idref="fl-34"/>
      </object_component>
      <object_component id="oc-7b">
         <name>.debug_abbrev</name>
         <load_address>0x1025</load_address>
         <run_address>0x1025</run_address>
         <size>0x39</size>
         <alignment>0x1</alignment>
         <input_file_ref idref="fl-35"/>
      </object_component>
      <object_component id="oc-58">
         <name>.debug_abbrev</name>
         <load_address>0x105e</load_address>
         <run_address>0x105e</run_address>
         <size>0xc2</size>
         <alignment>0x1</alignment>
         <input_file_ref idref="fl-37"/>
      </object_component>
      <object_component id="oc-43">
         <name>.debug_abbrev</name>
         <load_address>0x1120</load_address>
         <run_address>0x1120</run_address>
         <size>0x70</size>
         <alignment>0x1</alignment>
         <input_file_ref idref="fl-38"/>
      </object_component>
      <object_component id="oc-3b">
         <name>.debug_abbrev</name>
         <load_address>0x1190</load_address>
         <run_address>0x1190</run_address>
         <size>0x8d</size>
         <alignment>0x1</alignment>
         <input_file_ref idref="fl-39"/>
      </object_component>
      <object_component id="oc-19b">
         <name>.debug_abbrev</name>
         <load_address>0x121d</load_address>
         <run_address>0x121d</run_address>
         <size>0x2a3</size>
         <alignment>0x1</alignment>
         <input_file_ref idref="fl-3a"/>
      </object_component>
      <object_component id="oc-14b">
         <name>.debug_abbrev</name>
         <load_address>0x14c0</load_address>
         <run_address>0x14c0</run_address>
         <size>0x98</size>
         <alignment>0x1</alignment>
         <input_file_ref idref="fl-40"/>
      </object_component>
      <object_component id="oc-1bb">
         <name>.debug_abbrev</name>
[...]
         <value>0x20200094</value>
      </symbol>
      <symbol id="sm-8b">
         <name>gAccelMagnitudeSq</name>
         <value>0x20200030</value>
      </symbol>
      <symbol id="sm-8c">
         <name>gAccelTotalRaw</name>
         <value>0x20200048</value>
      </symbol>
      <symbol id="sm-8d">
         <name>gI2cError</name>
         <value>0x20200074</value>
      </symbol>
      <symbol id="sm-ac">
         <name>SYSCFG_DL_init</name>
         <value>0x27bb</value>
         <object_component_ref idref="oc-7d"/>
      </symbol>
      <symbol id="sm-ad">
         <name>SYSCFG_DL_initPower</name>
         <value>0x23e5</value>
         <object_component_ref idref="oc-105"/>
      </symbol>
      <symbol id="sm-ae">
         <name>SYSCFG_DL_GPIO_init</name>
         <value>0x2305</value>
         <object_component_ref idref="oc-106"/>
      </symbol>
      <symbol id="sm-af">
         <name>SYSCFG_DL_SYSCTL_init</name>
         <value>0x26a5</value>
         <object_component_ref idref="oc-107"/>
      </symbol>
      <symbol id="sm-b0">
         <name>SYSCFG_DL_I2C_init</name>
         <value>0x2261</value>
         <object_component_ref idref="oc-109"/>
      </symbol>
      <symbol id="sm-b1">
         <name>SYSCFG_DL_UART_0_init</name>
         <value>0x1fe9</value>
         <object_component_ref idref="oc-10a"/>
      </symbol>
      <symbol id="sm-bc">
         <name>Default_Handler</name>
         <value>0x1d9b</value>
         <object_component_ref idref="oc-33"/>
      </symbol>
      <symbol id="sm-bd">
         <name>Reset_Handler</name>
         <value>0x28b9</value>
         <object_component_ref idref="oc-2f"/>
      </symbol>
      <symbol id="sm-be">
         <name>interruptVectors</name>
         <value>0x0</value>
         <object_component_ref idref="oc-18"/>
      </symbol>
      <symbol id="sm-bf">
         <name>NMI_Handler</name>
         <value>0x1d9b</value>
         <object_component_ref idref="oc-33"/>
      </symbol>
      <symbol id="sm-c0">
         <name>HardFault_Handler</name>
         <value>0x1d9b</value>
         <object_component_ref idref="oc-33"/>
      </symbol>
      <symbol id="sm-c1">
         <name>SVC_Handler</name>
         <value>0x1d9b</value>
         <object_component_ref idref="oc-33"/>
      </symbol>
      <symbol id="sm-c2">
         <name>PendSV_Handler</name>
         <value>0x1d9b</value>
         <object_component_ref idref="oc-33"/>
      </symbol>
      <symbol id="sm-c3">
         <name>SysTick_Handler</name>
         <value>0x1d9b</value>
         <object_component_ref idref="oc-33"/>
      </symbol>
      <symbol id="sm-c4">
         <name>GROUP0_IRQHandler</name>
         <value>0x1d9b</value>
         <object_component_ref idref="oc-33"/>
      </symbol>
      <symbol id="sm-c5">
         <name>GROUP1_IRQHandler</name>
         <value>0x1d9b</value>
         <object_component_ref idref="oc-33"/>
      </symbol>
      <symbol id="sm-c6">
         <name>TIMG8_IRQHandler</name>
         <value>0x1d9b</value>
         <object_component_ref idref="oc-33"/>
      </symbol>
      <symbol id="sm-c7">
         <name>UART3_IRQHandler</name>
         <value>0x1d9b</value>
         <object_component_ref idref="oc-33"/>
      </symbol>
      <symbol id="sm-c8">
         <name>ADC0_IRQHandler</name>
         <value>0x1d9b</value>
         <object_component_ref idref="oc-33"/>
      </symbol>
      <symbol id="sm-c9">
         <name>ADC1_IRQHandler</name>
         <value>0x1d9b</value>
         <object_component_ref idref="oc-33"/>
      </symbol>
      <symbol id="sm-ca">
         <name>CANFD0_IRQHandler</name>
         <value>0x1d9b</value>
         <object_component_ref idref="oc-33"/>
      </symbol>
      <symbol id="sm-cb">
         <name>DAC0_IRQHandler</name>
         <value>0x1d9b</value>
         <object_component_ref idref="oc-33"/>
      </symbol>
      <symbol id="sm-cc">
         <name>SPI0_IRQHandler</name>
         <value>0x1d9b</value>
         <object_component_ref idref="oc-33"/>
      </symbol>
      <symbol id="sm-cd">
         <name>SPI1_IRQHandler</name>
         <value>0x1d9b</value>
         <object_component_ref idref="oc-33"/>
      </symbol>
      <symbol id="sm-ce">
         <name>UART1_IRQHandler</name>
         <value>0x1d9b</value>
         <object_component_ref idref="oc-33"/>
      </symbol>
      <symbol id="sm-cf">
         <name>UART2_IRQHandler</name>
         <value>0x1d9b</value>
         <object_component_ref idref="oc-33"/>
      </symbol>
      <symbol id="sm-d0">
         <name>UART0_IRQHandler</name>
         <value>0x1d9b</value>
         <object_component_ref idref="oc-33"/>
      </symbol>
      <symbol id="sm-d1">
         <name>TIMG0_IRQHandler</name>
         <value>0x1d9b</value>
         <object_component_ref idref="oc-33"/>
      </symbol>
      <symbol id="sm-d2">
         <name>TIMG6_IRQHandler</name>
         <value>0x1d9b</value>
         <object_component_ref idref="oc-33"/>
      </symbol>
      <symbol id="sm-d3">
         <name>TIMA0_IRQHandler</name>
         <value>0x1d9b</value>
         <object_component_ref idref="oc-33"/>
      </symbol>
      <symbol id="sm-d4">
         <name>TIMA1_IRQHandler</name>
         <value>0x1d9b</value>
         <object_component_ref idref="oc-33"/>
      </symbol>
      <symbol id="sm-d5">
         <name>TIMG7_IRQHandler</name>
         <value>0x1d9b</value>
         <object_component_ref idref="oc-33"/>
      </symbol>
      <symbol id="sm-d6">
         <name>TIMG12_IRQHandler</name>
         <value>0x1d9b</value>
         <object_component_ref idref="oc-33"/>
      </symbol>
      <symbol id="sm-d7">
         <name>I2C0_IRQHandler</name>
         <value>0x1d9b</value>
         <object_component_ref idref="oc-33"/>
      </symbol>
      <symbol id="sm-d8">
         <name>I2C1_IRQHandler</name>
         <value>0x1d9b</value>
         <object_component_ref idref="oc-33"/>
      </symbol>
      <symbol id="sm-d9">
         <name>AES_IRQHandler</name>
         <value>0x1d9b</value>
         <object_component_ref idref="oc-33"/>
      </symbol>
      <symbol id="sm-da">
         <name>RTC_IRQHandler</name>
         <value>0x1d9b</value>
         <object_component_ref idref="oc-33"/>
      </symbol>
      <symbol id="sm-db">
         <name>DMA_IRQHandler</name>
         <value>0x1d9b</value>
         <object_component_ref idref="oc-33"/>
      </symbol>
      <symbol id="sm-dc">
         <name>__TI_ATRegion0_src_addr</name>
         <value>0x0</value>
      </symbol>
      <symbol id="sm-dd">
         <name>__TI_ATRegion0_trg_addr</name>
         <value>0x0</value>
      </symbol>
      <symbol id="sm-de">
         <name>__TI_ATRegion0_region_sz</name>
         <value>0x0</value>
      </symbol>
      <symbol id="sm-df">
         <name>__TI_ATRegion1_src_addr</name>
         <value>0x0</value>
      </symbol>
      <symbol id="sm-e0">
         <name>__TI_ATRegion1_trg_addr</name>
         <value>0x0</value>
      </symbol>
      <symbol id="sm-e1">
         <name>__TI_ATRegion1_region_sz</name>
         <value>0x0</value>
      </symbol>
      <symbol id="sm-e2">
         <name>__TI_ATRegion2_src_addr</name>
         <value>0x0</value>
      </symbol>
      <symbol id="sm-e3">
         <name>__TI_ATRegion2_trg_addr</name>
         <value>0x0</value>
      </symbol>
      <symbol id="sm-e4">
         <name>__TI_ATRegion2_region_sz</name>
         <value>0x0</value>
      </symbol>
      <symbol id="sm-ed">
         <name>DL_Common_delayCycles</name>
         <value>0x2865</value>
         <object_component_ref idref="oc-82"/>
      </symbol>
      <symbol id="sm-ff">
         <name>DL_I2C_setClockConfig</name>
         <value>0x272d</value>
         <object_component_ref idref="oc-158"/>
      </symbol>
      <symbol id="sm-100">
         <name>DL_I2C_fillControllerTXFIFO</name>
         <value>0x21a9</value>
         <object_component_ref idref="oc-165"/>
      </symbol>
      <symbol id="sm-101">
         <name>DL_I2C_flushControllerTXFIFO</name>
         <value>0x24a5</value>
         <object_component_ref idref="oc-163"/>
      </symbol>
      <symbol id="sm-102">
         <name>DL_I2C_flushControllerRXFIFO</name>
         <value>0x2645</value>
         <object_component_ref idref="oc-164"/>
      </symbol>
      <symbol id="sm-112">
         <name>DL_UART_init</name>
         <value>0x239d</value>
         <object_component_ref idref="oc-160"/>
      </symbol>
      <symbol id="sm-113">
         <name>DL_UART_setClockConfig</name>
         <value>0x2815</value>
         <object_component_ref idref="oc-15f"/>
      </symbol>
      <symbol id="sm-114">
         <name>DL_UART_transmitDataBlocking</name>
         <value>0x2675</value>
         <object_component_ref idref="oc-86"/>
      </symbol>
      <symbol id="sm-122">
         <name>atan2f</name>
         <value>0x1a3d</value>
         <object_component_ref idref="oc-9e"/>
      </symbol>
      <symbol id="sm-12c">
         <name>sqrtf</name>
         <value>0x1d9d</value>
         <object_component_ref idref="oc-aa"/>
      </symbol>
      <symbol id="sm-140">
         <name>atanf</name>
         <value>0x16e9</value>
         <object_component_ref idref="oc-124"/>
      </symbol>
      <symbol id="sm-151">
         <name>snprintf</name>
         <value>0x2351</value>
         <object_component_ref idref="oc-d3"/>
      </symbol>
      <symbol id="sm-15c">
         <name>__aeabi_errno_addr</name>
         <value>0x2871</value>
         <object_component_ref idref="oc-133"/>
      </symbol>
      <symbol id="sm-15d">
         <name>__aeabi_errno</name>
         <value>0x202000ac</value>
         <object_component_ref idref="oc-173"/>
      </symbol>
      <symbol id="sm-16b">
         <name>_c_int00_noargs</name>
         <value>0x2705</value>
         <object_component_ref idref="oc-4f"/>
      </symbol>
      <symbol id="sm-16c">
         <name>__stack</name>
         <value>0x20207e00</value>
         <object_component_ref idref="oc-1a"/>
      </symbol>
      <symbol id="sm-178">
         <name>__TI_auto_init_nobinit_nopinit</name>
         <value>0x2559</value>
         <object_component_ref idref="oc-ec"/>
      </symbol>
      <symbol id="sm-180">
         <name>_system_pre_init</name>
         <value>0x28bd</value>
         <object_component_ref idref="oc-5f"/>
      </symbol>
      <symbol id="sm-18b">
         <name>__TI_zero_init_nomemset</name>
         <value>0x27eb</value>
         <object_component_ref idref="oc-46"/>
      </symbol>
      <symbol id="sm-194">
         <name>__TI_decompress_none</name>
         <value>0x2827</value>
         <object_component_ref idref="oc-20"/>
      </symbol>
      <symbol id="sm-19f">
         <name>__TI_decompress_lzss</name>
         <value>0x2069</value>
         <object_component_ref idref="oc-1c"/>
      </symbol>
      <symbol id="sm-1c1">
         <name>__TI_printfi_nofloat</name>
         <value>0xa29</value>
         <object_component_ref idref="oc-17e"/>
      </symbol>
      <symbol id="sm-1d0">
         <name>abort</name>
         <value>0x2899</value>
         <object_component_ref idref="oc-e5"/>
      </symbol>
      <symbol id="sm-1dd">
         <name>atoi</name>
         <value>0x2465</value>
         <object_component_ref idref="oc-19d"/>
      </symbol>
      <symbol id="sm-1e6">
         <name>memccpy</name>
         <value>0x2779</value>
         <object_component_ref idref="oc-192"/>
      </symbol>
      <symbol id="sm-1f1">
         <name>wcslen</name>
         <value>0x2839</value>
         <object_component_ref idref="oc-1a1"/>
      </symbol>
      <symbol id="sm-1f4">
         <name>__aeabi_ctype_table_</name>
         <value>0x28c0</value>
         <object_component_ref idref="oc-1ba"/>
      </symbol>
      <symbol id="sm-1f5">
         <name>__aeabi_ctype_table_C</name>
         <value>0x28c0</value>
         <object_component_ref idref="oc-1ba"/>
      </symbol>
      <symbol id="sm-1fe">
         <name>HOSTexit</name>
         <value>0x289f</value>
         <object_component_ref idref="oc-147"/>
      </symbol>
      <symbol id="sm-1ff">
         <name>C$$EXIT</name>
         <value>0x289e</value>
         <object_component_ref idref="oc-147"/>
      </symbol>
      <symbol id="sm-214">
         <name>__aeabi_fadd</name>
         <value>0x1b5f</value>
         <object_component_ref idref="oc-a6"/>
      </symbol>
      <symbol id="sm-215">
         <name>__addsf3</name>
         <value>0x1b5f</value>
         <object_component_ref idref="oc-a6"/>
      </symbol>
      <symbol id="sm-216">
         <name>__aeabi_fsub</name>
         <value>0x1b55</value>
         <object_component_ref idref="oc-a6"/>
      </symbol>
      <symbol id="sm-217">
         <name>__subsf3</name>
         <value>0x1b55</value>
         <object_component_ref idref="oc-a6"/>
      </symbol>
      <symbol id="sm-220">
         <name>__muldsi3</name>
         <value>0x25d1</value>
         <object_component_ref idref="oc-12d"/>
      </symbol>
      <symbol id="sm-226">
         <name>__aeabi_fmul</name>
         <value>0x1ed9</value>
         <object_component_ref idref="oc-a2"/>
      </symbol>
      <symbol id="sm-227">
         <name>__mulsf3</name>
         <value>0x1ed9</value>
         <object_component_ref idref="oc-a2"/>
      </symbol>
      <symbol id="sm-22d">
         <name>__aeabi_fdiv</name>
         <value>0x1f65</value>
         <object_component_ref idref="oc-92"/>
      </symbol>
      <symbol id="sm-22e">
         <name>__divsf3</name>
         <value>0x1f65</value>
         <object_component_ref idref="oc-92"/>
      </symbol>
      <symbol id="sm-237">
         <name>__aeabi_f2iz</name>
         <value>0x260d</value>
         <object_component_ref idref="oc-96"/>
      </symbol>
      <symbol id="sm-238">
         <name>__fixsfsi</name>
         <value>0x260d</value>
         <object_component_ref idref="oc-96"/>
      </symbol>
      <symbol id="sm-23e">
         <name>__aeabi_l2f</name>
         <value>0x22b5</value>
         <object_component_ref idref="oc-8e"/>
      </symbol>
      <symbol id="sm-23f">
         <name>__floatdisf</name>
         <value>0x22b5</value>
         <object_component_ref idref="oc-8e"/>
      </symbol>
      <symbol id="sm-245">
         <name>__aeabi_i2f</name>
         <value>0x24e1</value>
         <object_component_ref idref="oc-9a"/>
      </symbol>
      <symbol id="sm-246">
         <name>__floatsisf</name>
         <value>0x24e1</value>
         <object_component_ref idref="oc-9a"/>
      </symbol>
      <symbol id="sm-24c">
         <name>__aeabi_lmul</name>
         <value>0x2755</value>
         <object_component_ref idref="oc-1a5"/>
      </symbol>
      <symbol id="sm-24d">
         <name>__muldi3</name>
         <value>0x2755</value>
         <object_component_ref idref="oc-1a5"/>
      </symbol>
      <symbol id="sm-253">
         <name>__aeabi_fcmpeq</name>
         <value>0x20e5</value>
         <object_component_ref idref="oc-ae"/>
      </symbol>
      <symbol id="sm-254">
         <name>__aeabi_fcmplt</name>
         <value>0x20f9</value>
         <object_component_ref idref="oc-ae"/>
      </symbol>
      <symbol id="sm-255">
         <name>__aeabi_fcmple</name>
         <value>0x210d</value>
         <object_component_ref idref="oc-ae"/>
      </symbol>
      <symbol id="sm-256">
         <name>__aeabi_fcmpge</name>
         <value>0x2121</value>
         <object_component_ref idref="oc-ae"/>
      </symbol>
      <symbol id="sm-257">
         <name>__aeabi_fcmpgt</name>
         <value>0x2135</value>
         <object_component_ref idref="oc-ae"/>
      </symbol>
      <symbol id="sm-25d">
         <name>__aeabi_idiv</name>
         <value>0x2209</value>
         <object_component_ref idref="oc-118"/>
      </symbol>
      <symbol id="sm-25e">
         <name>__aeabi_idivmod</name>
         <value>0x2209</value>
         <object_component_ref idref="oc-118"/>
      </symbol>
      <symbol id="sm-264">
         <name>__aeabi_memcpy</name>
         <value>0x2879</value>
         <object_component_ref idref="oc-3f"/>
      </symbol>
      <symbol id="sm-265">
         <name>__aeabi_memcpy4</name>
         <value>0x2879</value>
         <object_component_ref idref="oc-3f"/>
      </symbol>
      <symbol id="sm-266">
         <name>__aeabi_memcpy8</name>
         <value>0x2879</value>
         <object_component_ref idref="oc-3f"/>
      </symbol>
      <symbol id="sm-26d">
         <name>__aeabi_memset</name>
         <value>0x2849</value>
         <object_component_ref idref="oc-191"/>
      </symbol>
      <symbol id="sm-26e">
         <name>__aeabi_memset4</name>
         <value>0x2849</value>
         <object_component_ref idref="oc-191"/>
      </symbol>
      <symbol id="sm-26f">
         <name>__aeabi_memset8</name>
         <value>0x2849</value>
         <object_component_ref idref="oc-191"/>
      </symbol>
      <symbol id="sm-275">
         <name>__aeabi_uidiv</name>
         <value>0x2425</value>
         <object_component_ref idref="oc-197"/>
      </symbol>
      <symbol id="sm-276">
         <name>__aeabi_uidivmod</name>
         <value>0x2425</value>
         <object_component_ref idref="oc-197"/>
      </symbol>
      <symbol id="sm-27c">
         <name>__aeabi_uldivmod</name>
         <value>0x2801</value>
         <object_component_ref idref="oc-1aa"/>
      </symbol>
      <symbol id="sm-285">
         <name>__eqsf2</name>
         <value>0x2595</value>
         <object_component_ref idref="oc-13b"/>
      </symbol>
      <symbol id="sm-286">
         <name>__lesf2</name>
         <value>0x2595</value>
         <object_component_ref idref="oc-13b"/>
      </symbol>
      <symbol id="sm-287">
         <name>__ltsf2</name>
         <value>0x2595</value>
         <object_component_ref idref="oc-13b"/>
      </symbol>
      <symbol id="sm-288">
         <name>__nesf2</name>
         <value>0x2595</value>
         <object_component_ref idref="oc-13b"/>
      </symbol>
      <symbol id="sm-289">
         <name>__cmpsf2</name>
         <value>0x2595</value>
         <object_component_ref idref="oc-13b"/>
      </symbol>
      <symbol id="sm-28a">
         <name>__gtsf2</name>
         <value>0x251d</value>
         <object_component_ref idref="oc-140"/>
      </symbol>
      <symbol id="sm-28b">
         <name>__gesf2</name>
         <value>0x251d</value>
         <object_component_ref idref="oc-140"/>
      </symbol>
      <symbol id="sm-291">
         <name>__udivmoddi4</name>
         <value>0x1cf9</value>
         <object_component_ref idref="oc-1c2"/>
      </symbol>
      <symbol id="sm-297">
         <name>__aeabi_llsl</name>
         <value>0x279d</value>
         <object_component_ref idref="oc-1f7"/>
      </symbol>
      <symbol id="sm-298">
         <name>__ashldi3</name>
         <value>0x279d</value>
         <object_component_ref idref="oc-1f7"/>
      </symbol>
      <symbol id="sm-2a5">
         <name>__aeabi_idiv0</name>
         <value>0x1ed7</value>
         <object_component_ref idref="oc-167"/>
      </symbol>
      <symbol id="sm-2a6">
         <name>__aeabi_ldiv0</name>
         <value>0x1fe7</value>
         <object_component_ref idref="oc-1f6"/>
      </symbol>
      <symbol id="sm-2c0">
         <name>memcpy</name>
         <value>0x1e3d</value>
         <object_component_ref idref="oc-78"/>
      </symbol>
      <symbol id="sm-2cf">
         <name>memset</name>
         <value>0x2147</value>
         <object_component_ref idref="oc-104"/>
      </symbol>
      <symbol id="sm-2d0">
         <name>__TI_static_base__</name>
         <value>0x0</value>
      </symbol>
      <symbol id="sm-2d4">
         <name>__mpu_init</name>
         <value>0x0</value>
      </symbol>
      <symbol id="sm-2d5">
         <name>_system_post_cinit</name>
         <value>0x0</value>
      </symbol>
   </symbol_table>
   <title>Link successful</title>
</link_info>
