******************************************************************************
            TI ARM Clang Linker PC v4.0.4                      
******************************************************************************
>> Linked Sun Jul 19 20:54:51 2026

OUTPUT FILE NAME:   <TI-car.out>
ENTRY POINT SYMBOL: "_c_int00_noargs"  address: 00001489


MEMORY CONFIGURATION

         name            origin    length      used     unused   attr    fill
----------------------  --------  ---------  --------  --------  ----  --------
  FLASH                 00000000   00020000  00001678  0001e988  R  X
  FLASH                 00000000   00020000  00000000  00020000  R  X
  SRAM                  20200000   00008000  000002ec  00007d14  RW X
  SRAM                  20200000   00008000  00000000  00008000  RW X
  BCR_CONFIG            41c00000   000000ff  00000000  000000ff  R   
  BCR_CONFIG            41c00000   000000ff  00000000  000000ff  R   
  BSL_CONFIG            41c00100   00000080  00000000  00000080  R   
  BSL_CONFIG            41c00100   00000080  00000000  00000080  R   


SEGMENT ALLOCATION MAP

run origin  load origin   length   init length attrs members
----------  ----------- ---------- ----------- ----- -------
00000000    00000000    00001678   00001678    r-x
  00000000    00000000    000000c0   000000c0    r-- .intvecs
  000000c0    000000c0    00001550   00001550    r-x .text
  00001610    00001610    00000038   00000038    r-- .rodata
  00001648    00001648    00000030   00000030    r-- .cinit
20200000    20200000    000000ec   00000000    rw-
  20200000    20200000    000000bc   00000000    rw- .bss
  202000bc    202000bc    00000030   00000000    rw- .data
20207e00    20207e00    00000200   00000000    rw-
  20207e00    20207e00    00000200   00000000    rw- .stack


SECTION ALLOCATION MAP

 output                                  attributes/
section   page    origin      length       input sections
--------  ----  ----------  ----------   ----------------
.intvecs   0    00000000    000000c0     
                  00000000    000000c0     startup_mspm0g350x_ticlang.o (.intvecs)

.text      0    000000c0    00001550     
                  000000c0    000003dc     mpu6050.o (.text.MPU6050_Init)
                  0000049c    00000238     mpu6050.o (.text.MPU6050_ReadRegs)
                  000006d4    00000138     ti_msp_dl_config.o (.text.SYSCFG_DL_GPIO_init)
                  0000080c    00000124     adc.o (.text.LineSensor_GetError)
                  00000930    00000104     driverlib.a : dl_timer.o (.text.DL_Timer_initFourCCPWMMode)
                  00000a34    000000fc                 : dl_timer.o (.text.DL_Timer_initTimerMode)
                  00000b30    000000dc     encoder.o (.text.Encoder_UpdateSpeeds)
                  00000c0c    000000d0     main.o (.text.main)
                  00000cdc    0000009a     libc.a : memcpy16.S.obj (.text:memcpy)
                  00000d76    00000002     startup_mspm0g350x_ticlang.o (.text.Default_Handler)
                  00000d78    00000090     ti_msp_dl_config.o (.text.SYSCFG_DL_PWM_MOTOR_init)
                  00000e08    0000008c     encoder.o (.text.GROUP1_IRQHandler)
                  00000e94    00000080     motor.o (.text.Motor_SetSpeed)
                  00000f14    00000080     ti_msp_dl_config.o (.text.SYSCFG_DL_UART_DEBUG_init)
                  00000f94    0000007c     libc.a : copy_decompress_lzss.c.obj (.text:decompress:lzss)
                  00001010    00000070     encoder.o (.text.Encoder_Init)
                  00001080    00000060     mpu6050.o (.text.MPU6050_CalibrateGyroZ)
                  000010e0    00000060     ti_msp_dl_config.o (.text.SYSCFG_DL_initPower)
                  00001140    0000005e     driverlib.a : dl_i2c.o (.text.DL_I2C_fillControllerTXFIFO)
                  0000119e    00000002     libclang_rt.builtins.a : aeabi_div0.c.obj (.text.__aeabi_idiv0)
                  000011a0    00000056                            : aeabi_idivmod.S.obj (.text.__aeabi_idivmod)
                  000011f6    00000002     --HOLE-- [fill = 0]
                  000011f8    00000054     ti_msp_dl_config.o (.text.SYSCFG_DL_I2C_MPU6050_init)
                  0000124c    00000054     ti_msp_dl_config.o (.text.SYSCFG_DL_I2C_OLED_init)
                  000012a0    0000004c     mpu6050.o (.text.MPU6050_ReadGyroZ)
                  000012ec    00000048     driverlib.a : dl_uart.o (.text.DL_UART_init)
                  00001334    00000044     pid.o (.text.PID_Calculate)
                  00001378    0000003c     motor.o (.text.Motor_Init)
                  000013b4    0000003c     libc.a : autoinit.c.obj (.text:__TI_auto_init_nobinit_nopinit)
                  000013f0    00000038     ti_msp_dl_config.o (.text.SYSCFG_DL_TIMER_CONTROL_init)
                  00001428    00000030     ti_msp_dl_config.o (.text.SYSCFG_DL_SYSCTL_init)
                  00001458    00000030     ti_msp_dl_config.o (.text.SYSCFG_DL_init)
                  00001488    00000028     libc.a : boot_cortex_m.c.obj (.text:_c_int00_noargs)
                  000014b0    00000026     driverlib.a : dl_i2c.o (.text.DL_I2C_setClockConfig)
                  000014d6    00000002     --HOLE-- [fill = 0]
                  000014d8    0000001c                 : dl_timer.o (.text.DL_Timer_setCaptCompUpdateMethod)
                  000014f4    0000001c                 : dl_timer.o (.text.DL_Timer_setClockConfig)
                  00001510    0000001c     main.o (.text.TIMG0_IRQHandler)
                  0000152c    00000018     driverlib.a : dl_timer.o (.text.DL_Timer_setCaptureCompareOutCtl)
                  00001544    00000016     libc.a : copy_zero_init.c.obj (.text:decompress:ZI:__TI_zero_init_nomemset)
                  0000155a    00000002     --HOLE-- [fill = 0]
                  0000155c    00000014     pid.o (.text.PID_Init)
                  00001570    00000012     driverlib.a : dl_uart.o (.text.DL_UART_setClockConfig)
                  00001582    00000012     libc.a : copy_decompress_none.c.obj (.text:decompress:none)
                  00001594    00000010     driverlib.a : dl_timer.o (.text.DL_Timer_setCaptureCompareValue)
                  000015a4    00000010     motor.o (.text.Motor_ClampSpeed)
                  000015b4    0000000c     encoder.o (.text.Encoder_GetLeftRawSpeed)
                  000015c0    0000000c     encoder.o (.text.Encoder_GetLeftSpeed)
                  000015cc    0000000c     encoder.o (.text.Encoder_GetRightRawSpeed)
                  000015d8    0000000c     encoder.o (.text.Encoder_GetRightSpeed)
                  000015e4    0000000a     driverlib.a : dl_common.o (.text.DL_Common_delayCycles)
                  000015ee    00000002     --HOLE-- [fill = 0]
                  000015f0    00000008     libclang_rt.builtins.a : aeabi_memcpy.S.obj (.text.__aeabi_memcpy)
                  000015f8    00000006     libc.a : exit.c.obj (.text:abort)
                  000015fe    00000004     libsysbm.a : hostexit.c.obj (.text.HOSTexit)
                  00001602    00000004     startup_mspm0g350x_ticlang.o (.text.Reset_Handler)
                  00001606    00000004     libc.a : pre_init.c.obj (.text._system_pre_init)
                  0000160a    00000006     --HOLE-- [fill = 0]

.cinit     0    00001648    00000030     
                  00001648    0000000c     (__TI_handler_table)
                  00001654    00000008     (.cinit..bss.load) [load image, compression = zero_init]
                  0000165c    00000008     (.cinit..data.load) [load image, compression = lzss]
                  00001664    00000010     (__TI_cinit_table)
                  00001674    00000004     --HOLE-- [fill = 0]

.rodata    0    00001610    00000038     
                  00001610    00000014     ti_msp_dl_config.o (.rodata.gTIMER_CONTROLTimerConfig)
                  00001624    0000000a     ti_msp_dl_config.o (.rodata.gUART_DEBUGConfig)
                  0000162e    00000002     ti_msp_dl_config.o (.rodata.gI2C_MPU6050ClockConfig)
                  00001630    00000008     ti_msp_dl_config.o (.rodata.gPWM_MOTORConfig)
                  00001638    00000003     ti_msp_dl_config.o (.rodata.gPWM_MOTORClockConfig)
                  0000163b    00000003     ti_msp_dl_config.o (.rodata.gTIMER_CONTROLClockConfig)
                  0000163e    00000002     ti_msp_dl_config.o (.rodata.gI2C_OLEDClockConfig)
                  00001640    00000002     ti_msp_dl_config.o (.rodata.gUART_DEBUGClockConfig)
                  00001642    00000006     --HOLE-- [fill = 0]

.init_array 
*          0    00000000    00000000     UNINITIALIZED

.binit     0    00000000    00000000     

.bss       0    20200000    000000bc     UNINITIALIZED
                  20200000    000000bc     (.common:gPWM_MOTORBackup)

.data      0    202000bc    00000030     UNINITIALIZED
                  202000bc    00000004     pid.o (.data.gIntegral)
                  202000c0    00000004     encoder.o (.data.gLastLeftCount)
                  202000c4    00000004     encoder.o (.data.gLastRightCount)
                  202000c8    00000004     encoder.o (.data.gLeftCount)
                  202000cc    00000004     encoder.o (.data.gRightCount)
                  202000d0    00000002     main.o (.data.gGyroZ)
                  202000d2    00000002     mpu6050.o (.data.gGyroZOffset)
                  202000d4    00000002     adc.o (.data.gLastError)
                  202000d6    00000002     pid.o (.data.gLastError)
                  202000d8    00000002     main.o (.data.gLeftEncoderRawSpeed)
                  202000da    00000002     main.o (.data.gLeftEncoderSpeed)
                  202000dc    00000002     encoder.o (.data.gLeftRawSpeed)
                  202000de    00000002     encoder.o (.data.gLeftSpeed)
                  202000e0    00000002     main.o (.data.gRightEncoderRawSpeed)
                  202000e2    00000002     main.o (.data.gRightEncoderSpeed)
                  202000e4    00000002     encoder.o (.data.gRightRawSpeed)
                  202000e6    00000002     encoder.o (.data.gRightSpeed)
                  202000e8    00000001     main.o (.data.gControlFlag)
                  202000e9    00000001     encoder.o (.data.gLeftSpeedInitialized)
                  202000ea    00000001     mpu6050.o (.data.gMpu6050Ready)
                  202000eb    00000001     encoder.o (.data.gRightSpeedInitialized)

.stack     0    20207e00    00000200     UNINITIALIZED
                  20207e00    00000004     libc.a : boot_cortex_m.c.obj (.stack)
                  20207e04    000001fc     --HOLE--

.cinit     0    00000000    00000000     UNINITIALIZED

.init_array 
*          0    00000000    00000000     UNINITIALIZED

__llvm_prf_cnts 
*          0    20200000    00000000     UNINITIALIZED

__llvm_prf_bits 
*          0    20200000    00000000     UNINITIALIZED

MODULE SUMMARY

       Module                         code   ro data   rw data
       ------                         ----   -------   -------
    .\
       startup_mspm0g350x_ticlang.o   6      192       0      
    +--+------------------------------+------+---------+---------+
       Total:                         6      192       0      
                                                              
    .\src\
       mpu6050.o                      1728   0         3      
       encoder.o                      520    0         26     
       adc.o                          292    0         2      
       main.o                         236    0         11     
       motor.o                        204    0         0      
       pid.o                          88     0         6      
    +--+------------------------------+------+---------+---------+
       Total:                         3068   0         48     
                                                              
    .\syscfg_gen\
       ti_msp_dl_config.o             1000   50        188    
    +--+------------------------------+------+---------+---------+
       Total:                         1000   50        188    
                                                              
    E:/mspm0_sdk_2_10_00_04/source/ti/driverlib/lib/ticlang/m0p/mspm0g1x0x_g3x0x/driverlib.a
       dl_timer.o                     608    0         0      
       dl_i2c.o                       132    0         0      
       dl_uart.o                      90     0         0      
       dl_common.o                    10     0         0      
    +--+------------------------------+------+---------+---------+
       Total:                         840    0         0      
                                                              
    E:\ccs\tools\compiler\ti-cgt-armllvm_4.0.4.LTS\lib\armv6m-ti-none-eabi/c/libc.a
       memcpy16.S.obj                 154    0         0      
       copy_decompress_lzss.c.obj     124    0         0      
       autoinit.c.obj                 60     0         0      
       boot_cortex_m.c.obj            40     0         0      
       copy_zero_init.c.obj           22     0         0      
       copy_decompress_none.c.obj     18     0         0      
       exit.c.obj                     6      0         0      
       pre_init.c.obj                 4      0         0      
    +--+------------------------------+------+---------+---------+
       Total:                         428    0         0      
                                                              
    E:\ccs\tools\compiler\ti-cgt-armllvm_4.0.4.LTS\lib\armv6m-ti-none-eabi/c/libsysbm.a
       hostexit.c.obj                 4      0         0      
    +--+------------------------------+------+---------+---------+
       Total:                         4      0         0      
                                                              
    E:\ccs\tools\compiler\ti-cgt-armllvm_4.0.4.LTS\lib\armv6m-ti-none-eabi/libclang_rt.builtins.a
       aeabi_idivmod.S.obj            86     0         0      
       aeabi_memcpy.S.obj             8      0         0      
       aeabi_div0.c.obj               2      0         0      
    +--+------------------------------+------+---------+---------+
       Total:                         96     0         0      
                                                              
       Stack:                         0      0         512    
       Linker Generated:              0      44        0      
    +--+------------------------------+------+---------+---------+
       Grand Total:                   5442   286       748    


LINKER GENERATED COPY TABLES

__TI_cinit_table @ 00001664 records: 2, size/record: 8, table size: 16
	.bss: load addr=00001654, load size=00000008 bytes, run addr=20200000, run size=000000bc bytes, compression=zero_init
	.data: load addr=0000165c, load size=00000008 bytes, run addr=202000bc, run size=00000030 bytes, compression=lzss


LINKER GENERATED HANDLER TABLE

__TI_handler_table @ 00001648 records: 3, size/record: 4, table size: 12
	index: 0, handler: __TI_decompress_lzss
	index: 1, handler: __TI_decompress_none
	index: 2, handler: __TI_zero_init


GLOBAL SYMBOLS: SORTED ALPHABETICALLY BY Name 

address   name                            
-------   ----                            
00000d77  ADC0_IRQHandler                 
00000d77  ADC1_IRQHandler                 
00000d77  AES_IRQHandler                  
000015fe  C$$EXIT                         
00000d77  CANFD0_IRQHandler               
00000d77  DAC0_IRQHandler                 
000015e5  DL_Common_delayCycles           
00001141  DL_I2C_fillControllerTXFIFO     
000014b1  DL_I2C_setClockConfig           
00000931  DL_Timer_initFourCCPWMMode      
00000a35  DL_Timer_initTimerMode          
000014d9  DL_Timer_setCaptCompUpdateMethod
0000152d  DL_Timer_setCaptureCompareOutCtl
00001595  DL_Timer_setCaptureCompareValue 
000014f5  DL_Timer_setClockConfig         
000012ed  DL_UART_init                    
00001571  DL_UART_setClockConfig          
00000d77  DMA_IRQHandler                  
00000d77  Default_Handler                 
000015b5  Encoder_GetLeftRawSpeed         
000015c1  Encoder_GetLeftSpeed            
000015cd  Encoder_GetRightRawSpeed        
000015d9  Encoder_GetRightSpeed           
00001011  Encoder_Init                    
00000b31  Encoder_UpdateSpeeds            
00000d77  GROUP0_IRQHandler               
00000e09  GROUP1_IRQHandler               
000015ff  HOSTexit                        
00000d77  HardFault_Handler               
00000d77  I2C0_IRQHandler                 
00000d77  I2C1_IRQHandler                 
0000080d  LineSensor_GetError             
00001081  MPU6050_CalibrateGyroZ          
000000c1  MPU6050_Init                    
000012a1  MPU6050_ReadGyroZ               
000015a5  Motor_ClampSpeed                
00001379  Motor_Init                      
00000e95  Motor_SetSpeed                  
00000d77  NMI_Handler                     
00001335  PID_Calculate                   
0000155d  PID_Init                        
00000d77  PendSV_Handler                  
00000d77  RTC_IRQHandler                  
00001603  Reset_Handler                   
00000d77  SPI0_IRQHandler                 
00000d77  SPI1_IRQHandler                 
00000d77  SVC_Handler                     
000006d5  SYSCFG_DL_GPIO_init             
000011f9  SYSCFG_DL_I2C_MPU6050_init      
0000124d  SYSCFG_DL_I2C_OLED_init         
00000d79  SYSCFG_DL_PWM_MOTOR_init        
00001429  SYSCFG_DL_SYSCTL_init           
000013f1  SYSCFG_DL_TIMER_CONTROL_init    
00000f15  SYSCFG_DL_UART_DEBUG_init       
00001459  SYSCFG_DL_init                  
000010e1  SYSCFG_DL_initPower             
00000d77  SysTick_Handler                 
00000d77  TIMA0_IRQHandler                
00000d77  TIMA1_IRQHandler                
00001511  TIMG0_IRQHandler                
00000d77  TIMG12_IRQHandler               
00000d77  TIMG6_IRQHandler                
00000d77  TIMG7_IRQHandler                
00000d77  TIMG8_IRQHandler                
00000d77  UART0_IRQHandler                
00000d77  UART1_IRQHandler                
00000d77  UART2_IRQHandler                
00000d77  UART3_IRQHandler                
20208000  __STACK_END                     
00000200  __STACK_SIZE                    
00000000  __TI_ATRegion0_region_sz        
00000000  __TI_ATRegion0_src_addr         
00000000  __TI_ATRegion0_trg_addr         
00000000  __TI_ATRegion1_region_sz        
00000000  __TI_ATRegion1_src_addr         
00000000  __TI_ATRegion1_trg_addr         
00000000  __TI_ATRegion2_region_sz        
00000000  __TI_ATRegion2_src_addr         
00000000  __TI_ATRegion2_trg_addr         
00001664  __TI_CINIT_Base                 
00001674  __TI_CINIT_Limit                
00001674  __TI_CINIT_Warm                 
00001648  __TI_Handler_Table_Base         
00001654  __TI_Handler_Table_Limit        
000013b5  __TI_auto_init_nobinit_nopinit  
00000f95  __TI_decompress_lzss            
00001583  __TI_decompress_none            
ffffffff  __TI_pprof_out_hndl             
ffffffff  __TI_prof_data_size             
ffffffff  __TI_prof_data_start            
00000000  __TI_static_base__              
00001545  __TI_zero_init_nomemset         
000011a1  __aeabi_idiv                    
0000119f  __aeabi_idiv0                   
000011a1  __aeabi_idivmod                 
000015f1  __aeabi_memcpy                  
000015f1  __aeabi_memcpy4                 
000015f1  __aeabi_memcpy8                 
ffffffff  __binit__                       
UNDEFED   __mpu_init                      
20207e00  __stack                         
20200000  __start___llvm_prf_bits         
20200000  __start___llvm_prf_cnts         
20200000  __stop___llvm_prf_bits          
20200000  __stop___llvm_prf_cnts          
00001489  _c_int00_noargs                 
UNDEFED   _system_post_cinit              
00001607  _system_pre_init                
000015f9  abort                           
ffffffff  binit                           
202000e8  gControlFlag                    
202000d0  gGyroZ                          
202000d8  gLeftEncoderRawSpeed            
202000da  gLeftEncoderSpeed               
20200000  gPWM_MOTORBackup                
202000e0  gRightEncoderRawSpeed           
202000e2  gRightEncoderSpeed              
00000000  interruptVectors                
00000c0d  main                            
00000cdd  memcpy                          


GLOBAL SYMBOLS: SORTED BY Symbol Address 

address   name                            
-------   ----                            
00000000  __TI_ATRegion0_region_sz        
00000000  __TI_ATRegion0_src_addr         
00000000  __TI_ATRegion0_trg_addr         
00000000  __TI_ATRegion1_region_sz        
00000000  __TI_ATRegion1_src_addr         
00000000  __TI_ATRegion1_trg_addr         
00000000  __TI_ATRegion2_region_sz        
00000000  __TI_ATRegion2_src_addr         
00000000  __TI_ATRegion2_trg_addr         
00000000  __TI_static_base__              
00000000  interruptVectors                
000000c1  MPU6050_Init                    
00000200  __STACK_SIZE                    
000006d5  SYSCFG_DL_GPIO_init             
0000080d  LineSensor_GetError             
00000931  DL_Timer_initFourCCPWMMode      
00000a35  DL_Timer_initTimerMode          
00000b31  Encoder_UpdateSpeeds            
00000c0d  main                            
00000cdd  memcpy                          
00000d77  ADC0_IRQHandler                 
00000d77  ADC1_IRQHandler                 
00000d77  AES_IRQHandler                  
00000d77  CANFD0_IRQHandler               
00000d77  DAC0_IRQHandler                 
00000d77  DMA_IRQHandler                  
00000d77  Default_Handler                 
00000d77  GROUP0_IRQHandler               
00000d77  HardFault_Handler               
00000d77  I2C0_IRQHandler                 
00000d77  I2C1_IRQHandler                 
00000d77  NMI_Handler                     
00000d77  PendSV_Handler                  
00000d77  RTC_IRQHandler                  
00000d77  SPI0_IRQHandler                 
00000d77  SPI1_IRQHandler                 
00000d77  SVC_Handler                     
00000d77  SysTick_Handler                 
00000d77  TIMA0_IRQHandler                
00000d77  TIMA1_IRQHandler                
00000d77  TIMG12_IRQHandler               
00000d77  TIMG6_IRQHandler                
00000d77  TIMG7_IRQHandler                
00000d77  TIMG8_IRQHandler                
00000d77  UART0_IRQHandler                
00000d77  UART1_IRQHandler                
00000d77  UART2_IRQHandler                
00000d77  UART3_IRQHandler                
00000d79  SYSCFG_DL_PWM_MOTOR_init        
00000e09  GROUP1_IRQHandler               
00000e95  Motor_SetSpeed                  
00000f15  SYSCFG_DL_UART_DEBUG_init       
00000f95  __TI_decompress_lzss            
00001011  Encoder_Init                    
00001081  MPU6050_CalibrateGyroZ          
000010e1  SYSCFG_DL_initPower             
00001141  DL_I2C_fillControllerTXFIFO     
0000119f  __aeabi_idiv0                   
000011a1  __aeabi_idiv                    
000011a1  __aeabi_idivmod                 
000011f9  SYSCFG_DL_I2C_MPU6050_init      
0000124d  SYSCFG_DL_I2C_OLED_init         
000012a1  MPU6050_ReadGyroZ               
000012ed  DL_UART_init                    
00001335  PID_Calculate                   
00001379  Motor_Init                      
000013b5  __TI_auto_init_nobinit_nopinit  
000013f1  SYSCFG_DL_TIMER_CONTROL_init    
00001429  SYSCFG_DL_SYSCTL_init           
00001459  SYSCFG_DL_init                  
00001489  _c_int00_noargs                 
000014b1  DL_I2C_setClockConfig           
000014d9  DL_Timer_setCaptCompUpdateMethod
000014f5  DL_Timer_setClockConfig         
00001511  TIMG0_IRQHandler                
0000152d  DL_Timer_setCaptureCompareOutCtl
00001545  __TI_zero_init_nomemset         
0000155d  PID_Init                        
00001571  DL_UART_setClockConfig          
00001583  __TI_decompress_none            
00001595  DL_Timer_setCaptureCompareValue 
000015a5  Motor_ClampSpeed                
000015b5  Encoder_GetLeftRawSpeed         
000015c1  Encoder_GetLeftSpeed            
000015cd  Encoder_GetRightRawSpeed        
000015d9  Encoder_GetRightSpeed           
000015e5  DL_Common_delayCycles           
000015f1  __aeabi_memcpy                  
000015f1  __aeabi_memcpy4                 
000015f1  __aeabi_memcpy8                 
000015f9  abort                           
000015fe  C$$EXIT                         
000015ff  HOSTexit                        
00001603  Reset_Handler                   
00001607  _system_pre_init                
00001648  __TI_Handler_Table_Base         
00001654  __TI_Handler_Table_Limit        
00001664  __TI_CINIT_Base                 
00001674  __TI_CINIT_Limit                
00001674  __TI_CINIT_Warm                 
20200000  __start___llvm_prf_bits         
20200000  __start___llvm_prf_cnts         
20200000  __stop___llvm_prf_bits          
20200000  __stop___llvm_prf_cnts          
20200000  gPWM_MOTORBackup                
202000d0  gGyroZ                          
202000d8  gLeftEncoderRawSpeed            
202000da  gLeftEncoderSpeed               
202000e0  gRightEncoderRawSpeed           
202000e2  gRightEncoderSpeed              
202000e8  gControlFlag                    
20207e00  __stack                         
20208000  __STACK_END                     
ffffffff  __TI_pprof_out_hndl             
ffffffff  __TI_prof_data_size             
ffffffff  __TI_prof_data_start            
ffffffff  __binit__                       
ffffffff  binit                           
UNDEFED   __mpu_init                      
UNDEFED   _system_post_cinit              

[120 symbols]
