******************************************************************************
            TI ARM Clang Linker PC v4.0.4                      
******************************************************************************
>> Linked Mon Jul 20 18:37:51 2026

OUTPUT FILE NAME:   <TI-car.out>
ENTRY POINT SYMBOL: "_c_int00_noargs"  address: 000015f9


MEMORY CONFIGURATION

         name            origin    length      used     unused   attr    fill
----------------------  --------  ---------  --------  --------  ----  --------
  FLASH                 00000000   00020000  000017e8  0001e818  R  X
  SRAM                  20200000   00008000  000002f2  00007d0e  RW X
  BCR_CONFIG            41c00000   000000ff  00000000  000000ff  R   
  BSL_CONFIG            41c00100   00000080  00000000  00000080  R   


SEGMENT ALLOCATION MAP

run origin  load origin   length   init length attrs members
----------  ----------- ---------- ----------- ----- -------
00000000    00000000    000017e8   000017e8    r-x
  00000000    00000000    000000c0   000000c0    r-- .intvecs
  000000c0    000000c0    000016c0   000016c0    r-x .text
  00001780    00001780    00000038   00000038    r-- .rodata
  000017b8    000017b8    00000030   00000030    r-- .cinit
20200000    20200000    000000f2   00000000    rw-
  20200000    20200000    000000bc   00000000    rw- .bss
  202000bc    202000bc    00000036   00000000    rw- .data
20207e00    20207e00    00000200   00000000    rw-
  20207e00    20207e00    00000200   00000000    rw- .stack


SECTION ALLOCATION MAP

 output                                  attributes/
section   page    origin      length       input sections
--------  ----  ----------  ----------   ----------------
.intvecs   0    00000000    000000c0     
                  00000000    000000c0     startup_mspm0g350x_ticlang.o (.intvecs)

.text      0    000000c0    000016c0     
                  000000c0    000003dc     mpu6050.o (.text.MPU6050_Init)
                  0000049c    00000238     mpu6050.o (.text.MPU6050_ReadRegs)
                  000006d4    00000154     main.o (.text.main)
                  00000828    00000138     ti_msp_dl_config.o (.text.SYSCFG_DL_GPIO_init)
                  00000960    00000104     driverlib.a : dl_timer.o (.text.DL_Timer_initFourCCPWMMode)
                  00000a64    000000fc                 : dl_timer.o (.text.DL_Timer_initTimerMode)
                  00000b60    000000f8     adc.o (.text.LineSensor_GetError)
                  00000c58    000000dc     encoder.o (.text.Encoder_UpdateSpeeds)
                  00000d34    0000009a     libc.a : memcpy16.S.obj (.text:memcpy)
                  00000dce    00000002     startup_mspm0g350x_ticlang.o (.text.Default_Handler)
                  00000dd0    00000090     adc.o (.text.LineSensor_GetActiveCount)
                  00000e60    00000090     ti_msp_dl_config.o (.text.SYSCFG_DL_PWM_MOTOR_init)
                  00000ef0    0000008c     encoder.o (.text.GROUP1_IRQHandler)
                  00000f7c    00000080     motor.o (.text.Motor_SetSpeed)
                  00000ffc    00000080     ti_msp_dl_config.o (.text.SYSCFG_DL_UART_DEBUG_init)
                  0000107c    0000007c     libc.a : copy_decompress_lzss.c.obj (.text:decompress:lzss)
                  000010f8    00000070     encoder.o (.text.Encoder_Init)
                  00001168    00000060     adc.o (.text.LineSensor_ReadRaw)
                  000011c8    00000060     mpu6050.o (.text.MPU6050_CalibrateGyroZ)
                  00001228    00000060     ti_msp_dl_config.o (.text.SYSCFG_DL_initPower)
                  00001288    0000005e     driverlib.a : dl_i2c.o (.text.DL_I2C_fillControllerTXFIFO)
                  000012e6    00000002     libclang_rt.builtins.a : aeabi_div0.c.obj (.text.__aeabi_idiv0)
                  000012e8    00000056                            : aeabi_idivmod.S.obj (.text.__aeabi_idivmod)
                  0000133e    00000002     --HOLE-- [fill = 0]
                  00001340    00000054     ti_msp_dl_config.o (.text.SYSCFG_DL_I2C_MPU6050_init)
                  00001394    00000054     ti_msp_dl_config.o (.text.SYSCFG_DL_I2C_OLED_init)
                  000013e8    0000004c     mpu6050.o (.text.MPU6050_ReadGyroZ)
                  00001434    00000048     driverlib.a : dl_uart.o (.text.DL_UART_init)
                  0000147c    00000040     pid.o (.text.PID_Calculate)
                  000014bc    0000003c     motor.o (.text.Motor_Init)
                  000014f8    0000003c     libc.a : autoinit.c.obj (.text:__TI_auto_init_nobinit_nopinit)
                  00001534    00000038     ti_msp_dl_config.o (.text.SYSCFG_DL_TIMER_CONTROL_init)
                  0000156c    00000030     ti_msp_dl_config.o (.text.SYSCFG_DL_SYSCTL_init)
                  0000159c    00000030     ti_msp_dl_config.o (.text.SYSCFG_DL_init)
                  000015cc    0000002c     motor.o (.text.Motor_Stop)
                  000015f8    00000028     libc.a : boot_cortex_m.c.obj (.text:_c_int00_noargs)
                  00001620    00000026     driverlib.a : dl_i2c.o (.text.DL_I2C_setClockConfig)
                  00001646    00000002     --HOLE-- [fill = 0]
                  00001648    0000001c                 : dl_timer.o (.text.DL_Timer_setCaptCompUpdateMethod)
                  00001664    0000001c                 : dl_timer.o (.text.DL_Timer_setClockConfig)
                  00001680    0000001c     main.o (.text.TIMG0_IRQHandler)
                  0000169c    00000018     driverlib.a : dl_timer.o (.text.DL_Timer_setCaptureCompareOutCtl)
                  000016b4    00000016     libc.a : copy_zero_init.c.obj (.text:decompress:ZI:__TI_zero_init_nomemset)
                  000016ca    00000002     --HOLE-- [fill = 0]
                  000016cc    00000014     pid.o (.text.PID_Init)
                  000016e0    00000012     driverlib.a : dl_uart.o (.text.DL_UART_setClockConfig)
                  000016f2    00000012     libc.a : copy_decompress_none.c.obj (.text:decompress:none)
                  00001704    00000010     driverlib.a : dl_timer.o (.text.DL_Timer_setCaptureCompareValue)
                  00001714    00000010     motor.o (.text.Motor_ClampSpeed)
                  00001724    0000000c     encoder.o (.text.Encoder_GetLeftRawSpeed)
                  00001730    0000000c     encoder.o (.text.Encoder_GetLeftSpeed)
                  0000173c    0000000c     encoder.o (.text.Encoder_GetRightRawSpeed)
                  00001748    0000000c     encoder.o (.text.Encoder_GetRightSpeed)
                  00001754    0000000a     driverlib.a : dl_common.o (.text.DL_Common_delayCycles)
                  0000175e    00000002     --HOLE-- [fill = 0]
                  00001760    00000008     libclang_rt.builtins.a : aeabi_memcpy.S.obj (.text.__aeabi_memcpy)
                  00001768    00000006     libc.a : exit.c.obj (.text:abort)
                  0000176e    00000004     libsysbm.a : hostexit.c.obj (.text.HOSTexit)
                  00001772    00000004     startup_mspm0g350x_ticlang.o (.text.Reset_Handler)
                  00001776    00000004     libc.a : pre_init.c.obj (.text._system_pre_init)
                  0000177a    00000006     --HOLE-- [fill = 0]

.cinit     0    000017b8    00000030     
                  000017b8    0000000c     (__TI_handler_table)
                  000017c4    00000008     (.cinit..bss.load) [load image, compression = zero_init]
                  000017cc    00000008     (.cinit..data.load) [load image, compression = lzss]
                  000017d4    00000010     (__TI_cinit_table)
                  000017e4    00000004     --HOLE-- [fill = 0]

.rodata    0    00001780    00000038     
                  00001780    00000014     ti_msp_dl_config.o (.rodata.gTIMER_CONTROLTimerConfig)
                  00001794    0000000a     ti_msp_dl_config.o (.rodata.gUART_DEBUGConfig)
                  0000179e    00000002     ti_msp_dl_config.o (.rodata.gI2C_MPU6050ClockConfig)
                  000017a0    00000008     ti_msp_dl_config.o (.rodata.gPWM_MOTORConfig)
                  000017a8    00000003     ti_msp_dl_config.o (.rodata.gPWM_MOTORClockConfig)
                  000017ab    00000003     ti_msp_dl_config.o (.rodata.gTIMER_CONTROLClockConfig)
                  000017ae    00000002     ti_msp_dl_config.o (.rodata.gI2C_OLEDClockConfig)
                  000017b0    00000002     ti_msp_dl_config.o (.rodata.gUART_DEBUGClockConfig)
                  000017b2    00000006     --HOLE-- [fill = 0]

.init_array 
*          0    00000000    00000000     UNINITIALIZED

.binit     0    00000000    00000000     

.bss       0    20200000    000000bc     UNINITIALIZED
                  20200000    000000bc     (.common:gPWM_MOTORBackup)

.data      0    202000bc    00000036     UNINITIALIZED
                  202000bc    00000004     pid.o (.data.gIntegral)
                  202000c0    00000004     encoder.o (.data.gLastLeftCount)
                  202000c4    00000004     encoder.o (.data.gLastRightCount)
                  202000c8    00000004     encoder.o (.data.gLeftCount)
                  202000cc    00000004     encoder.o (.data.gRightCount)
                  202000d0    00000002     main.o (.data.gBalanceCorrection)
                  202000d2    00000002     main.o (.data.gGyroZ)
                  202000d4    00000002     mpu6050.o (.data.gGyroZOffset)
                  202000d6    00000002     pid.o (.data.gLastError)
                  202000d8    00000002     main.o (.data.gLeftEncoderRawSpeed)
                  202000da    00000002     main.o (.data.gLeftEncoderSpeed)
                  202000dc    00000002     encoder.o (.data.gLeftRawSpeed)
                  202000de    00000002     encoder.o (.data.gLeftSpeed)
                  202000e0    00000002     main.o (.data.gLineCorrection)
                  202000e2    00000002     main.o (.data.gLineError)
                  202000e4    00000002     main.o (.data.gRightEncoderRawSpeed)
                  202000e6    00000002     main.o (.data.gRightEncoderSpeed)
                  202000e8    00000002     encoder.o (.data.gRightRawSpeed)
                  202000ea    00000002     encoder.o (.data.gRightSpeed)
                  202000ec    00000001     main.o (.data.gControlFlag)
                  202000ed    00000001     encoder.o (.data.gLeftSpeedInitialized)
                  202000ee    00000001     main.o (.data.gLineSensorActiveCount)
                  202000ef    00000001     main.o (.data.gLineSensorRaw)
                  202000f0    00000001     mpu6050.o (.data.gMpu6050Ready)
                  202000f1    00000001     encoder.o (.data.gRightSpeedInitialized)

.stack     0    20207e00    00000200     UNINITIALIZED
                  20207e00    00000004     libc.a : boot_cortex_m.c.obj (.stack)
                  20207e04    000001fc     --HOLE--

__llvm_prf_cnts 
*          0    20200000    00000000     UNINITIALIZED

__llvm_prf_bits 
*          0    20200000    00000000     UNINITIALIZED

MODULE SUMMARY

       Module                         code   ro data   rw data
       ------                         ----   -------   -------
    .\
       startup_mspm0g350x_ticlang.o   6      192       0      
    +--+------------------------------+------+---------+---------+
       Total:                         6      192       0      
                                                              
    .\src\
       mpu6050.o                      1728   0         3      
       encoder.o                      520    0         26     
       adc.o                          488    0         0      
       main.o                         368    0         19     
       motor.o                        248    0         0      
       pid.o                          84     0         6      
    +--+------------------------------+------+---------+---------+
       Total:                         3436   0         54     
                                                              
    .\syscfg_gen\
       ti_msp_dl_config.o             1000   50        188    
    +--+------------------------------+------+---------+---------+
       Total:                         1000   50        188    
                                                              
    E:/mspm0_sdk_2_10_00_04/source/ti/driverlib/lib/ticlang/m0p/mspm0g1x0x_g3x0x/driverlib.a
       dl_timer.o                     608    0         0      
       dl_i2c.o                       132    0         0      
       dl_uart.o                      90     0         0      
       dl_common.o                    10     0         0      
    +--+------------------------------+------+---------+---------+
       Total:                         840    0         0      
                                                              
    E:\ccs\tools\compiler\ti-cgt-armllvm_4.0.4.LTS\lib\armv6m-ti-none-eabi/c/libc.a
       memcpy16.S.obj                 154    0         0      
       copy_decompress_lzss.c.obj     124    0         0      
       autoinit.c.obj                 60     0         0      
       boot_cortex_m.c.obj            40     0         0      
       copy_zero_init.c.obj           22     0         0      
       copy_decompress_none.c.obj     18     0         0      
       exit.c.obj                     6      0         0      
       pre_init.c.obj                 4      0         0      
    +--+------------------------------+------+---------+---------+
       Total:                         428    0         0      
                                                              
    E:\ccs\tools\compiler\ti-cgt-armllvm_4.0.4.LTS\lib\armv6m-ti-none-eabi/c/libsysbm.a
       hostexit.c.obj                 4      0         0      
    +--+------------------------------+------+---------+---------+
       Total:                         4      0         0      
                                                              
    E:\ccs\tools\compiler\ti-cgt-armllvm_4.0.4.LTS\lib\armv6m-ti-none-eabi/libclang_rt.builtins.a
       aeabi_idivmod.S.obj            86     0         0      
       aeabi_memcpy.S.obj             8      0         0      
       aeabi_div0.c.obj               2      0         0      
    +--+------------------------------+------+---------+---------+
       Total:                         96     0         0      
                                                              
       Stack:                         0      0         512    
       Linker Generated:              0      44        0      
    +--+------------------------------+------+---------+---------+
       Grand Total:                   5810   286       754    


LINKER GENERATED COPY TABLES

__TI_cinit_table @ 000017d4 records: 2, size/record: 8, table size: 16
	.bss: load addr=000017c4, load size=00000008 bytes, run addr=20200000, run size=000000bc bytes, compression=zero_init
	.data: load addr=000017cc, load size=00000008 bytes, run addr=202000bc, run size=00000036 bytes, compression=lzss


LINKER GENERATED HANDLER TABLE

__TI_handler_table @ 000017b8 records: 3, size/record: 4, table size: 12
	index: 0, handler: __TI_decompress_lzss
	index: 1, handler: __TI_decompress_none
	index: 2, handler: __TI_zero_init


GLOBAL SYMBOLS: SORTED ALPHABETICALLY BY Name 

address   name                            
-------   ----                            
00000dcf  ADC0_IRQHandler                 
00000dcf  ADC1_IRQHandler                 
00000dcf  AES_IRQHandler                  
0000176e  C$$EXIT                         
00000dcf  CANFD0_IRQHandler               
00000dcf  DAC0_IRQHandler                 
00001755  DL_Common_delayCycles           
00001289  DL_I2C_fillControllerTXFIFO     
00001621  DL_I2C_setClockConfig           
00000961  DL_Timer_initFourCCPWMMode      
00000a65  DL_Timer_initTimerMode          
00001649  DL_Timer_setCaptCompUpdateMethod
0000169d  DL_Timer_setCaptureCompareOutCtl
00001705  DL_Timer_setCaptureCompareValue 
00001665  DL_Timer_setClockConfig         
00001435  DL_UART_init                    
000016e1  DL_UART_setClockConfig          
00000dcf  DMA_IRQHandler                  
00000dcf  Default_Handler                 
00001725  Encoder_GetLeftRawSpeed         
00001731  Encoder_GetLeftSpeed            
0000173d  Encoder_GetRightRawSpeed        
00001749  Encoder_GetRightSpeed           
000010f9  Encoder_Init                    
00000c59  Encoder_UpdateSpeeds            
00000dcf  GROUP0_IRQHandler               
00000ef1  GROUP1_IRQHandler               
0000176f  HOSTexit                        
00000dcf  HardFault_Handler               
00000dcf  I2C0_IRQHandler                 
00000dcf  I2C1_IRQHandler                 
00000dd1  LineSensor_GetActiveCount       
00000b61  LineSensor_GetError             
00001169  LineSensor_ReadRaw              
000011c9  MPU6050_CalibrateGyroZ          
000000c1  MPU6050_Init                    
000013e9  MPU6050_ReadGyroZ               
00001715  Motor_ClampSpeed                
000014bd  Motor_Init                      
00000f7d  Motor_SetSpeed                  
000015cd  Motor_Stop                      
00000dcf  NMI_Handler                     
0000147d  PID_Calculate                   
000016cd  PID_Init                        
00000dcf  PendSV_Handler                  
00000dcf  RTC_IRQHandler                  
00001773  Reset_Handler                   
00000dcf  SPI0_IRQHandler                 
00000dcf  SPI1_IRQHandler                 
00000dcf  SVC_Handler                     
00000829  SYSCFG_DL_GPIO_init             
00001341  SYSCFG_DL_I2C_MPU6050_init      
00001395  SYSCFG_DL_I2C_OLED_init         
00000e61  SYSCFG_DL_PWM_MOTOR_init        
0000156d  SYSCFG_DL_SYSCTL_init           
00001535  SYSCFG_DL_TIMER_CONTROL_init    
00000ffd  SYSCFG_DL_UART_DEBUG_init       
0000159d  SYSCFG_DL_init                  
00001229  SYSCFG_DL_initPower             
00000dcf  SysTick_Handler                 
00000dcf  TIMA0_IRQHandler                
00000dcf  TIMA1_IRQHandler                
00001681  TIMG0_IRQHandler                
00000dcf  TIMG12_IRQHandler               
00000dcf  TIMG6_IRQHandler                
00000dcf  TIMG7_IRQHandler                
00000dcf  TIMG8_IRQHandler                
00000dcf  UART0_IRQHandler                
00000dcf  UART1_IRQHandler                
00000dcf  UART2_IRQHandler                
00000dcf  UART3_IRQHandler                
20208000  __STACK_END                     
00000200  __STACK_SIZE                    
00000000  __TI_ATRegion0_region_sz        
00000000  __TI_ATRegion0_src_addr         
00000000  __TI_ATRegion0_trg_addr         
00000000  __TI_ATRegion1_region_sz        
00000000  __TI_ATRegion1_src_addr         
00000000  __TI_ATRegion1_trg_addr         
00000000  __TI_ATRegion2_region_sz        
00000000  __TI_ATRegion2_src_addr         
00000000  __TI_ATRegion2_trg_addr         
000017d4  __TI_CINIT_Base                 
000017e4  __TI_CINIT_Limit                
000017e4  __TI_CINIT_Warm                 
000017b8  __TI_Handler_Table_Base         
000017c4  __TI_Handler_Table_Limit        
000014f9  __TI_auto_init_nobinit_nopinit  
0000107d  __TI_decompress_lzss            
000016f3  __TI_decompress_none            
ffffffff  __TI_pprof_out_hndl             
ffffffff  __TI_prof_data_size             
ffffffff  __TI_prof_data_start            
00000000  __TI_static_base__              
000016b5  __TI_zero_init_nomemset         
000012e9  __aeabi_idiv                    
000012e7  __aeabi_idiv0                   
000012e9  __aeabi_idivmod                 
00001761  __aeabi_memcpy                  
00001761  __aeabi_memcpy4                 
00001761  __aeabi_memcpy8                 
ffffffff  __binit__                       
UNDEFED   __mpu_init                      
20207e00  __stack                         
20200000  __start___llvm_prf_bits         
20200000  __start___llvm_prf_cnts         
20200000  __stop___llvm_prf_bits          
20200000  __stop___llvm_prf_cnts          
000015f9  _c_int00_noargs                 
UNDEFED   _system_post_cinit              
00001777  _system_pre_init                
00001769  abort                           
ffffffff  binit                           
202000d0  gBalanceCorrection              
202000ec  gControlFlag                    
202000d2  gGyroZ                          
202000d8  gLeftEncoderRawSpeed            
202000da  gLeftEncoderSpeed               
202000e0  gLineCorrection                 
202000e2  gLineError                      
202000ee  gLineSensorActiveCount          
202000ef  gLineSensorRaw                  
20200000  gPWM_MOTORBackup                
202000e4  gRightEncoderRawSpeed           
202000e6  gRightEncoderSpeed              
00000000  interruptVectors                
000006d5  main                            
00000d35  memcpy                          


GLOBAL SYMBOLS: SORTED BY Symbol Address 

address   name                            
-------   ----                            
00000000  __TI_ATRegion0_region_sz        
00000000  __TI_ATRegion0_src_addr         
00000000  __TI_ATRegion0_trg_addr         
00000000  __TI_ATRegion1_region_sz        
00000000  __TI_ATRegion1_src_addr         
00000000  __TI_ATRegion1_trg_addr         
00000000  __TI_ATRegion2_region_sz        
00000000  __TI_ATRegion2_src_addr         
00000000  __TI_ATRegion2_trg_addr         
00000000  __TI_static_base__              
00000000  interruptVectors                
000000c1  MPU6050_Init                    
00000200  __STACK_SIZE                    
000006d5  main                            
00000829  SYSCFG_DL_GPIO_init             
00000961  DL_Timer_initFourCCPWMMode      
00000a65  DL_Timer_initTimerMode          
00000b61  LineSensor_GetError             
00000c59  Encoder_UpdateSpeeds            
00000d35  memcpy                          
00000dcf  ADC0_IRQHandler                 
00000dcf  ADC1_IRQHandler                 
00000dcf  AES_IRQHandler                  
00000dcf  CANFD0_IRQHandler               
00000dcf  DAC0_IRQHandler                 
00000dcf  DMA_IRQHandler                  
00000dcf  Default_Handler                 
00000dcf  GROUP0_IRQHandler               
00000dcf  HardFault_Handler               
00000dcf  I2C0_IRQHandler                 
00000dcf  I2C1_IRQHandler                 
00000dcf  NMI_Handler                     
00000dcf  PendSV_Handler                  
00000dcf  RTC_IRQHandler                  
00000dcf  SPI0_IRQHandler                 
00000dcf  SPI1_IRQHandler                 
00000dcf  SVC_Handler                     
00000dcf  SysTick_Handler                 
00000dcf  TIMA0_IRQHandler                
00000dcf  TIMA1_IRQHandler                
00000dcf  TIMG12_IRQHandler               
00000dcf  TIMG6_IRQHandler                
00000dcf  TIMG7_IRQHandler                
00000dcf  TIMG8_IRQHandler                
00000dcf  UART0_IRQHandler                
00000dcf  UART1_IRQHandler                
00000dcf  UART2_IRQHandler                
00000dcf  UART3_IRQHandler                
00000dd1  LineSensor_GetActiveCount       
00000e61  SYSCFG_DL_PWM_MOTOR_init        
00000ef1  GROUP1_IRQHandler               
00000f7d  Motor_SetSpeed                  
00000ffd  SYSCFG_DL_UART_DEBUG_init       
0000107d  __TI_decompress_lzss            
000010f9  Encoder_Init                    
00001169  LineSensor_ReadRaw              
000011c9  MPU6050_CalibrateGyroZ          
00001229  SYSCFG_DL_initPower             
00001289  DL_I2C_fillControllerTXFIFO     
000012e7  __aeabi_idiv0                   
000012e9  __aeabi_idiv                    
000012e9  __aeabi_idivmod                 
00001341  SYSCFG_DL_I2C_MPU6050_init      
00001395  SYSCFG_DL_I2C_OLED_init         
000013e9  MPU6050_ReadGyroZ               
00001435  DL_UART_init                    
0000147d  PID_Calculate                   
000014bd  Motor_Init                      
000014f9  __TI_auto_init_nobinit_nopinit  
00001535  SYSCFG_DL_TIMER_CONTROL_init    
0000156d  SYSCFG_DL_SYSCTL_init           
0000159d  SYSCFG_DL_init                  
000015cd  Motor_Stop                      
000015f9  _c_int00_noargs                 
00001621  DL_I2C_setClockConfig           
00001649  DL_Timer_setCaptCompUpdateMethod
00001665  DL_Timer_setClockConfig         
00001681  TIMG0_IRQHandler                
0000169d  DL_Timer_setCaptureCompareOutCtl
000016b5  __TI_zero_init_nomemset         
000016cd  PID_Init                        
000016e1  DL_UART_setClockConfig          
000016f3  __TI_decompress_none            
00001705  DL_Timer_setCaptureCompareValue 
00001715  Motor_ClampSpeed                
00001725  Encoder_GetLeftRawSpeed         
00001731  Encoder_GetLeftSpeed            
0000173d  Encoder_GetRightRawSpeed        
00001749  Encoder_GetRightSpeed           
00001755  DL_Common_delayCycles           
00001761  __aeabi_memcpy                  
00001761  __aeabi_memcpy4                 
00001761  __aeabi_memcpy8                 
00001769  abort                           
0000176e  C$$EXIT                         
0000176f  HOSTexit                        
00001773  Reset_Handler                   
00001777  _system_pre_init                
000017b8  __TI_Handler_Table_Base         
000017c4  __TI_Handler_Table_Limit        
000017d4  __TI_CINIT_Base                 
000017e4  __TI_CINIT_Limit                
000017e4  __TI_CINIT_Warm                 
20200000  __start___llvm_prf_bits         
20200000  __start___llvm_prf_cnts         
20200000  __stop___llvm_prf_bits          
20200000  __stop___llvm_prf_cnts          
20200000  gPWM_MOTORBackup                
202000d0  gBalanceCorrection              
202000d2  gGyroZ                          
202000d8  gLeftEncoderRawSpeed            
202000da  gLeftEncoderSpeed               
202000e0  gLineCorrection                 
202000e2  gLineError                      
202000e4  gRightEncoderRawSpeed           
202000e6  gRightEncoderSpeed              
202000ec  gControlFlag                    
202000ee  gLineSensorActiveCount          
202000ef  gLineSensorRaw                  
20207e00  __stack                         
20208000  __STACK_END                     
ffffffff  __TI_pprof_out_hndl             
ffffffff  __TI_prof_data_size             
ffffffff  __TI_prof_data_start            
ffffffff  __binit__                       
ffffffff  binit                           
UNDEFED   __mpu_init                      
UNDEFED   _system_post_cinit              

[128 symbols]
